Running main() from /src/build/_deps/googletest-src/googletest/src/gtest_main.cc
Note: Google Test filter = AllProtocols/ConsistencySingleRegionTest.RunsConsistentWorkload/Calvin
[==========] Running 1 test from 1 test suite.
[----------] Global test environment set-up.
[----------] 1 test from AllProtocols/ConsistencySingleRegionTest
[ RUN      ] AllProtocols/ConsistencySingleRegionTest.RunsConsistentWorkload/Calvin
WARNING: Logging before InitGoogleLogging() is written to STDERR
I0519 23:15:30.483106     7 load_tables.cpp:415] Generating ~1 warehouses using 1 threads. 
I0519 23:15:30.483305     7 load_tables.cpp:52] Loading 100000 items for each of 1 representative warehouses
I0519 23:15:30.568148     7 load_tables.cpp:90] Total Item table size: 18311120
I0519 23:15:32.038774    10 load_tables.cpp:39] Total table sizes:
I0519 23:15:32.038795    10 load_tables.cpp:40] Total Warehouse table size: 200
I0519 23:15:32.038797    10 load_tables.cpp:41] Total Stock table size: 53379840
I0519 23:15:32.038798    10 load_tables.cpp:42] Total District table size: 2042
I0519 23:15:32.038800    10 load_tables.cpp:43] Total Customer table size: 25411946
I0519 23:15:32.038800    10 load_tables.cpp:44] Total History table size: 25411946
I0519 23:15:32.038800    10 load_tables.cpp:45] Total Order table size: 2641980
I0519 23:15:32.038801    10 load_tables.cpp:46] Total New Order table size: 820080
I0519 23:15:32.038802    10 load_tables.cpp:47] Total Order Line table size: 27658200
I0519 23:15:35.574892    13 broker.cpp:54] Binding a broker thread to "ipc:///tmp/test_e2e_tpcc0:0"
I0519 23:15:35.575480    14 broker.cpp:54] Binding a broker thread to "ipc:///tmp/test_e2e_tpcc0:1"
I0519 23:15:35.576090    15 server.cpp:72] Bound Server to: tcp://*:19815
I0519 23:15:35.579357    16 networked_module.cpp:75] Bound Forwarder to "ipc:///tmp/test_e2e_tpcc0:2"
I0519 23:15:35.579449    17 networked_module.cpp:75] Bound Sequencer to "ipc:///tmp/test_e2e_tpcc0:3"
I0519 23:15:35.610319     7 test_utils.cpp:280] Received response. Stream id: 0
I0519 23:15:35.610392     7 test_utils.cpp:280] Received response. Stream id: 0
I0519 23:15:35.610447     7 test_utils.cpp:280] Received response. Stream id: 0
I0519 23:15:35.610505     7 test_utils.cpp:280] Received response. Stream id: 0
I0519 23:15:35.610576     7 test_utils.cpp:280] Received response. Stream id: 0
I0519 23:15:35.610635     7 test_utils.cpp:280] Received response. Stream id: 0
I0519 23:15:35.610703     7 test_utils.cpp:280] Received response. Stream id: 0
I0519 23:15:35.611168     7 test_utils.cpp:280] Received response. Stream id: 0
I0519 23:15:35.611255     7 test_utils.cpp:280] Received response. Stream id: 0
I0519 23:15:35.611327     7 test_utils.cpp:280] Received response. Stream id: 0
I0519 23:15:35.611380     7 test_utils.cpp:280] Received response. Stream id: 0
I0519 23:15:35.611460     7 test_utils.cpp:280] Received response. Stream id: 0
I0519 23:15:35.611528     7 test_utils.cpp:280] Received response. Stream id: 0
I0519 23:15:35.611613     7 test_utils.cpp:280] Received response. Stream id: 0
I0519 23:15:35.611670     7 test_utils.cpp:280] Received response. Stream id: 0
I0519 23:15:35.612051     7 test_utils.cpp:280] Received response. Stream id: 0
I0519 23:15:35.612164     7 test_utils.cpp:280] Received response. Stream id: 0
I0519 23:15:35.612226     7 test_utils.cpp:280] Received response. Stream id: 0
I0519 23:15:35.612310     7 test_utils.cpp:280] Received response. Stream id: 0
I0519 23:15:35.612401     7 test_utils.cpp:280] Received response. Stream id: 0
I0519 23:15:35.612489     7 test_utils.cpp:280] Received response. Stream id: 0
I0519 23:15:35.612613     7 test_utils.cpp:280] Received response. Stream id: 0
I0519 23:15:35.612694     7 test_utils.cpp:280] Received response. Stream id: 0
I0519 23:15:35.612778     7 test_utils.cpp:280] Received response. Stream id: 0
I0519 23:15:35.612854     7 test_utils.cpp:280] Received response. Stream id: 0
I0519 23:15:35.612946     7 test_utils.cpp:280] Received response. Stream id: 0
I0519 23:15:35.613082     7 test_utils.cpp:280] Received response. Stream id: 0
I0519 23:15:35.613219     7 test_utils.cpp:280] Received response. Stream id: 0
I0519 23:15:35.613286     7 test_utils.cpp:280] Received response. Stream id: 0
I0519 23:15:35.613358     7 test_utils.cpp:280] Received response. Stream id: 0
I0519 23:15:35.613431     7 test_utils.cpp:280] Received response. Stream id: 0
I0519 23:15:35.613767     7 test_utils.cpp:280] Received response. Stream id: 0
I0519 23:15:35.613888     7 test_utils.cpp:280] Received response. Stream id: 0
I0519 23:15:35.613953     7 test_utils.cpp:280] Received response. Stream id: 0
I0519 23:15:35.614125     7 test_utils.cpp:280] Received response. Stream id: 0
I0519 23:15:35.614169     7 test_utils.cpp:280] Received response. Stream id: 0
I0519 23:15:35.614238     7 test_utils.cpp:280] Received response. Stream id: 0
I0519 23:15:35.614293     7 test_utils.cpp:280] Received response. Stream id: 0
I0519 23:15:35.614356     7 test_utils.cpp:280] Received response. Stream id: 0
I0519 23:15:35.614436     7 test_utils.cpp:280] Received response. Stream id: 0
I0519 23:15:35.614494     7 test_utils.cpp:280] Received response. Stream id: 0
I0519 23:15:35.614580     7 test_utils.cpp:280] Received response. Stream id: 0
I0519 23:15:35.614642     7 test_utils.cpp:280] Received response. Stream id: 0
I0519 23:15:35.614705     7 test_utils.cpp:280] Received response. Stream id: 0
I0519 23:15:35.614761     7 test_utils.cpp:280] Received response. Stream id: 0
I0519 23:15:35.614823     7 test_utils.cpp:280] Received response. Stream id: 0
I0519 23:15:35.614867     7 test_utils.cpp:280] Received response. Stream id: 0
I0519 23:15:35.614912     7 test_utils.cpp:280] Received response. Stream id: 0
I0519 23:15:35.615082     7 test_utils.cpp:280] Received response. Stream id: 0
I0519 23:15:35.615155     7 test_utils.cpp:280] Received response. Stream id: 0
I0519 23:15:35.615223     7 test_utils.cpp:280] Received response. Stream id: 0
I0519 23:15:35.615309     7 test_utils.cpp:280] Received response. Stream id: 0
I0519 23:15:35.615374     7 test_utils.cpp:280] Received response. Stream id: 0
I0519 23:15:35.615437     7 test_utils.cpp:280] Received response. Stream id: 0
I0519 23:15:35.615500     7 test_utils.cpp:280] Received response. Stream id: 0
I0519 23:15:35.615573     7 test_utils.cpp:280] Received response. Stream id: 0
I0519 23:15:35.615633     7 test_utils.cpp:280] Received response. Stream id: 0
I0519 23:15:35.615684     7 test_utils.cpp:280] Received response. Stream id: 0
I0519 23:15:35.615753     7 test_utils.cpp:280] Received response. Stream id: 0
I0519 23:15:35.615821     7 test_utils.cpp:280] Received response. Stream id: 0
I0519 23:15:35.615880     7 test_utils.cpp:280] Received response. Stream id: 0
I0519 23:15:35.615937     7 test_utils.cpp:280] Received response. Stream id: 0
I0519 23:15:35.616004     7 test_utils.cpp:280] Received response. Stream id: 0
I0519 23:15:35.616068     7 test_utils.cpp:280] Received response. Stream id: 0
I0519 23:15:35.616125     7 test_utils.cpp:280] Received response. Stream id: 0
I0519 23:15:35.616184     7 test_utils.cpp:280] Received response. Stream id: 0
I0519 23:15:35.616257     7 test_utils.cpp:280] Received response. Stream id: 0
I0519 23:15:35.616397     7 test_utils.cpp:280] Received response. Stream id: 0
I0519 23:15:35.616442     7 test_utils.cpp:280] Received response. Stream id: 0
I0519 23:15:35.616499     7 test_utils.cpp:280] Received response. Stream id: 0
I0519 23:15:35.616572     7 test_utils.cpp:280] Received response. Stream id: 0
I0519 23:15:35.616631     7 test_utils.cpp:280] Received response. Stream id: 0
I0519 23:15:35.616690     7 test_utils.cpp:280] Received response. Stream id: 0
I0519 23:15:35.616757     7 test_utils.cpp:280] Received response. Stream id: 0
I0519 23:15:35.616850     7 test_utils.cpp:280] Received response. Stream id: 0
I0519 23:15:35.616922     7 test_utils.cpp:280] Received response. Stream id: 0
I0519 23:15:35.616977     7 test_utils.cpp:280] Received response. Stream id: 0
I0519 23:15:35.617038     7 test_utils.cpp:280] Received response. Stream id: 0
I0519 23:15:35.617105     7 test_utils.cpp:280] Received response. Stream id: 0
I0519 23:15:35.617184     7 test_utils.cpp:280] Received response. Stream id: 0
I0519 23:15:35.617249     7 test_utils.cpp:280] Received response. Stream id: 0
I0519 23:15:35.617305     7 test_utils.cpp:280] Received response. Stream id: 0
I0519 23:15:35.617334     7 test_utils.cpp:280] Received response. Stream id: 0
I0519 23:15:35.617379     7 test_utils.cpp:280] Received response. Stream id: 0
I0519 23:15:35.617451     7 test_utils.cpp:280] Received response. Stream id: 0
I0519 23:15:35.617515     7 test_utils.cpp:280] Received response. Stream id: 0
I0519 23:15:35.617594     7 test_utils.cpp:280] Received response. Stream id: 0
I0519 23:15:35.617655     7 test_utils.cpp:280] Received response. Stream id: 0
I0519 23:15:35.617707     7 test_utils.cpp:280] Received response. Stream id: 0
I0519 23:15:35.617758     7 test_utils.cpp:280] Received response. Stream id: 0
I0519 23:15:35.617839     7 test_utils.cpp:280] Received response. Stream id: 0
I0519 23:15:35.617897     7 test_utils.cpp:280] Received response. Stream id: 0
I0519 23:15:35.617950     7 test_utils.cpp:280] Received response. Stream id: 0
I0519 23:15:35.617985     7 test_utils.cpp:280] Received response. Stream id: 0
I0519 23:15:35.618042     7 test_utils.cpp:280] Received response. Stream id: 0
I0519 23:15:35.618080     7 test_utils.cpp:280] Received response. Stream id: 0
I0519 23:15:35.618151     7 test_utils.cpp:280] Received response. Stream id: 0
I0519 23:15:35.618220     7 test_utils.cpp:280] Received response. Stream id: 0
I0519 23:15:35.618269     7 test_utils.cpp:280] Received response. Stream id: 0
I0519 23:15:35.618306     7 test_utils.cpp:280] Received response. Stream id: 0
I0519 23:15:35.618332     7 test_utils.cpp:280] Received response. Stream id: 0
I0519 23:15:35.618373     7 test_utils.cpp:280] Received response. Stream id: 0
I0519 23:15:35.618435     7 test_utils.cpp:280] Received response. Stream id: 0
I0519 23:15:35.618516     7 test_utils.cpp:280] Received response. Stream id: 0
I0519 23:15:35.618577     7 test_utils.cpp:280] Received response. Stream id: 0
I0519 23:15:35.618623     7 test_utils.cpp:280] Received response. Stream id: 0
I0519 23:15:35.618661     7 test_utils.cpp:280] Received response. Stream id: 0
I0519 23:15:35.618708     7 test_utils.cpp:280] Received response. Stream id: 0
I0519 23:15:35.618744     7 test_utils.cpp:280] Received response. Stream id: 0
I0519 23:15:35.618803     7 test_utils.cpp:280] Received response. Stream id: 0
I0519 23:15:35.618912     7 test_utils.cpp:280] Received response. Stream id: 0
I0519 23:15:35.618976     7 test_utils.cpp:280] Received response. Stream id: 0
I0519 23:15:35.619076     7 test_utils.cpp:280] Received response. Stream id: 0
I0519 23:15:35.619156     7 test_utils.cpp:280] Received response. Stream id: 0
I0519 23:15:35.619220     7 test_utils.cpp:280] Received response. Stream id: 0
I0519 23:15:35.619284     7 test_utils.cpp:280] Received response. Stream id: 0
I0519 23:15:35.619326     7 test_utils.cpp:280] Received response. Stream id: 0
I0519 23:15:35.619393     7 test_utils.cpp:280] Received response. Stream id: 0
I0519 23:15:35.619457     7 test_utils.cpp:280] Received response. Stream id: 0
I0519 23:15:35.619522     7 test_utils.cpp:280] Received response. Stream id: 0
I0519 23:15:35.619618     7 test_utils.cpp:280] Received response. Stream id: 0
I0519 23:15:35.619647     7 test_utils.cpp:280] Received response. Stream id: 0
I0519 23:15:35.619673     7 test_utils.cpp:280] Received response. Stream id: 0
I0519 23:15:35.619711     7 test_utils.cpp:280] Received response. Stream id: 0
I0519 23:15:35.619776     7 test_utils.cpp:280] Received response. Stream id: 0
I0519 23:15:35.619865     7 test_utils.cpp:280] Received response. Stream id: 0
I0519 23:15:35.619912     7 test_utils.cpp:280] Received response. Stream id: 0
I0519 23:15:35.619943     7 test_utils.cpp:280] Received response. Stream id: 0
I0519 23:15:35.619992     7 test_utils.cpp:280] Received response. Stream id: 0
I0519 23:15:35.620034     7 test_utils.cpp:280] Received response. Stream id: 0
I0519 23:15:35.620069     7 test_utils.cpp:280] Received response. Stream id: 0
I0519 23:15:35.620113     7 test_utils.cpp:280] Received response. Stream id: 0
I0519 23:15:35.620157     7 test_utils.cpp:280] Received response. Stream id: 0
I0519 23:15:35.620208     7 test_utils.cpp:280] Received response. Stream id: 0
I0519 23:15:35.620361     7 test_utils.cpp:280] Received response. Stream id: 0
I0519 23:15:35.620440     7 test_utils.cpp:280] Received response. Stream id: 0
I0519 23:15:35.620478     7 test_utils.cpp:280] Received response. Stream id: 0
I0519 23:15:35.620528     7 test_utils.cpp:280] Received response. Stream id: 0
I0519 23:15:35.620605     7 test_utils.cpp:280] Received response. Stream id: 0
I0519 23:15:35.620674     7 test_utils.cpp:280] Received response. Stream id: 0
I0519 23:15:35.620711     7 test_utils.cpp:280] Received response. Stream id: 0
I0519 23:15:35.620774     7 test_utils.cpp:280] Received response. Stream id: 0
I0519 23:15:35.620855     7 test_utils.cpp:280] Received response. Stream id: 0
I0519 23:15:35.620893     7 test_utils.cpp:280] Received response. Stream id: 0
I0519 23:15:35.620952     7 test_utils.cpp:280] Received response. Stream id: 0
I0519 23:15:35.621011     7 test_utils.cpp:280] Received response. Stream id: 0
I0519 23:15:35.621129     7 test_utils.cpp:280] Received response. Stream id: 0
I0519 23:15:35.621172     7 test_utils.cpp:280] Received response. Stream id: 0
I0519 23:15:35.621201     7 test_utils.cpp:280] Received response. Stream id: 0
I0519 23:15:35.621248     7 test_utils.cpp:280] Received response. Stream id: 0
I0519 23:15:35.621285     7 test_utils.cpp:280] Received response. Stream id: 0
I0519 23:15:35.621320     7 test_utils.cpp:280] Received response. Stream id: 0
I0519 23:15:35.621356     7 test_utils.cpp:280] Received response. Stream id: 0
I0519 23:15:35.621389     7 test_utils.cpp:280] Received response. Stream id: 0
I0519 23:15:35.621425     7 test_utils.cpp:280] Received response. Stream id: 0
I0519 23:15:35.621460     7 test_utils.cpp:280] Received response. Stream id: 0
I0519 23:15:35.621482     7 test_utils.cpp:280] Received response. Stream id: 0
I0519 23:15:35.621520     7 test_utils.cpp:280] Received response. Stream id: 0
I0519 23:15:35.621608     7 test_utils.cpp:280] Received response. Stream id: 0
I0519 23:15:35.621649     7 test_utils.cpp:280] Received response. Stream id: 0
I0519 23:15:35.621692     7 test_utils.cpp:280] Received response. Stream id: 0
I0519 23:15:35.621742     7 test_utils.cpp:280] Received response. Stream id: 0
I0519 23:15:35.621773     7 test_utils.cpp:280] Received response. Stream id: 0
I0519 23:15:35.621819     7 test_utils.cpp:280] Received response. Stream id: 0
I0519 23:15:35.621865     7 test_utils.cpp:280] Received response. Stream id: 0
I0519 23:15:35.621909     7 test_utils.cpp:280] Received response. Stream id: 0
I0519 23:15:35.621943     7 test_utils.cpp:280] Received response. Stream id: 0
I0519 23:15:35.621985     7 test_utils.cpp:280] Received response. Stream id: 0
I0519 23:15:35.622026     7 test_utils.cpp:280] Received response. Stream id: 0
I0519 23:15:35.622066     7 test_utils.cpp:280] Received response. Stream id: 0
I0519 23:15:35.622099     7 test_utils.cpp:280] Received response. Stream id: 0
I0519 23:15:35.622162     7 test_utils.cpp:280] Received response. Stream id: 0
I0519 23:15:35.622239     7 test_utils.cpp:280] Received response. Stream id: 0
I0519 23:15:35.622526     7 test_utils.cpp:280] Received response. Stream id: 0
I0519 23:15:35.622627     7 test_utils.cpp:280] Received response. Stream id: 0
I0519 23:15:35.622696     7 test_utils.cpp:280] Received response. Stream id: 0
I0519 23:15:35.622761     7 test_utils.cpp:280] Received response. Stream id: 0
I0519 23:15:35.622816     7 test_utils.cpp:280] Received response. Stream id: 0
I0519 23:15:35.622867     7 test_utils.cpp:280] Received response. Stream id: 0
I0519 23:15:35.622905     7 test_utils.cpp:280] Received response. Stream id: 0
I0519 23:15:35.622931     7 test_utils.cpp:280] Received response. Stream id: 0
I0519 23:15:35.622987     7 test_utils.cpp:280] Received response. Stream id: 0
I0519 23:15:35.623026     7 test_utils.cpp:280] Received response. Stream id: 0
I0519 23:15:35.623055     7 test_utils.cpp:280] Received response. Stream id: 0
I0519 23:15:35.623087     7 test_utils.cpp:280] Received response. Stream id: 0
I0519 23:15:35.623118     7 test_utils.cpp:280] Received response. Stream id: 0
I0519 23:15:35.623145     7 test_utils.cpp:280] Received response. Stream id: 0
I0519 23:15:35.623184     7 test_utils.cpp:280] Received response. Stream id: 0
I0519 23:15:35.623210     7 test_utils.cpp:280] Received response. Stream id: 0
I0519 23:15:35.623250     7 test_utils.cpp:280] Received response. Stream id: 0
I0519 23:15:35.623278     7 test_utils.cpp:280] Received response. Stream id: 0
I0519 23:15:35.623314     7 test_utils.cpp:280] Received response. Stream id: 0
I0519 23:15:35.623334     7 test_utils.cpp:280] Received response. Stream id: 0
I0519 23:15:35.623368     7 test_utils.cpp:280] Received response. Stream id: 0
I0519 23:15:35.623394     7 test_utils.cpp:280] Received response. Stream id: 0
I0519 23:15:35.623427     7 test_utils.cpp:280] Received response. Stream id: 0
I0519 23:15:35.623461     7 test_utils.cpp:280] Received response. Stream id: 0
I0519 23:15:35.623502     7 test_utils.cpp:280] Received response. Stream id: 0
I0519 23:15:35.623523     7 test_utils.cpp:280] Received response. Stream id: 0
I0519 23:15:35.623571     7 test_utils.cpp:280] Received response. Stream id: 0
I0519 23:15:35.623594     7 test_utils.cpp:280] Received response. Stream id: 0
I0519 23:15:35.623638     7 test_utils.cpp:280] Received response. Stream id: 0
I0519 23:15:35.623677     7 test_utils.cpp:280] Received response. Stream id: 0
I0519 23:15:35.623715     7 test_utils.cpp:280] Received response. Stream id: 0
I0519 23:15:35.623761     7 test_utils.cpp:280] Received response. Stream id: 0
I0519 23:15:35.623800     7 test_utils.cpp:280] Received response. Stream id: 0
I0519 23:15:35.623823     7 test_utils.cpp:280] Received response. Stream id: 0
I0519 23:15:35.623863     7 test_utils.cpp:280] Received response. Stream id: 0
I0519 23:15:35.623893     7 test_utils.cpp:280] Received response. Stream id: 0
I0519 23:15:35.623929     7 test_utils.cpp:280] Received response. Stream id: 0
I0519 23:15:35.623962     7 test_utils.cpp:280] Received response. Stream id: 0
I0519 23:15:35.623983     7 test_utils.cpp:280] Received response. Stream id: 0
I0519 23:15:35.624006     7 test_utils.cpp:280] Received response. Stream id: 0
I0519 23:15:35.624037     7 test_utils.cpp:280] Received response. Stream id: 0
I0519 23:15:35.624084     7 test_utils.cpp:280] Received response. Stream id: 0
I0519 23:15:35.624132     7 test_utils.cpp:280] Received response. Stream id: 0
I0519 23:15:35.624178     7 test_utils.cpp:280] Received response. Stream id: 0
I0519 23:15:35.624212     7 test_utils.cpp:280] Received response. Stream id: 0
I0519 23:15:35.624234     7 test_utils.cpp:280] Received response. Stream id: 0
I0519 23:15:35.624277     7 test_utils.cpp:280] Received response. Stream id: 0
I0519 23:15:35.624322     7 test_utils.cpp:280] Received response. Stream id: 0
I0519 23:15:35.624356     7 test_utils.cpp:280] Received response. Stream id: 0
I0519 23:15:35.624383     7 test_utils.cpp:280] Received response. Stream id: 0
I0519 23:15:35.624411     7 test_utils.cpp:280] Received response. Stream id: 0
I0519 23:15:35.624444     7 test_utils.cpp:280] Received response. Stream id: 0
I0519 23:15:35.624473     7 test_utils.cpp:280] Received response. Stream id: 0
I0519 23:15:35.624496     7 test_utils.cpp:280] Received response. Stream id: 0
I0519 23:15:35.624531     7 test_utils.cpp:280] Received response. Stream id: 0
I0519 23:15:35.624617     7 test_utils.cpp:280] Received response. Stream id: 0
I0519 23:15:35.624667     7 test_utils.cpp:280] Received response. Stream id: 0
I0519 23:15:35.624729     7 test_utils.cpp:280] Received response. Stream id: 0
I0519 23:15:35.624788     7 test_utils.cpp:280] Received response. Stream id: 0
I0519 23:15:35.624825     7 test_utils.cpp:280] Received response. Stream id: 0
I0519 23:15:35.624892     7 test_utils.cpp:280] Received response. Stream id: 0
I0519 23:15:35.624993     7 test_utils.cpp:280] Received response. Stream id: 0
I0519 23:15:35.625061     7 test_utils.cpp:280] Received response. Stream id: 0
I0519 23:15:35.625154     7 test_utils.cpp:280] Received response. Stream id: 0
I0519 23:15:35.625195     7 test_utils.cpp:280] Received response. Stream id: 0
I0519 23:15:35.625242     7 test_utils.cpp:280] Received response. Stream id: 0
I0519 23:15:35.625277     7 test_utils.cpp:280] Received response. Stream id: 0
I0519 23:15:35.625334     7 test_utils.cpp:280] Received response. Stream id: 0
I0519 23:15:35.625373     7 test_utils.cpp:280] Received response. Stream id: 0
I0519 23:15:35.625416     7 test_utils.cpp:280] Received response. Stream id: 0
I0519 23:15:35.625455     7 test_utils.cpp:280] Received response. Stream id: 0
I0519 23:15:35.625502     7 test_utils.cpp:280] Received response. Stream id: 0
I0519 23:15:35.625581     7 test_utils.cpp:280] Received response. Stream id: 0
I0519 23:15:35.625628     7 test_utils.cpp:280] Received response. Stream id: 0
I0519 23:15:35.625666     7 test_utils.cpp:280] Received response. Stream id: 0
I0519 23:15:35.625701     7 test_utils.cpp:280] Received response. Stream id: 0
I0519 23:15:35.625725     7 test_utils.cpp:280] Received response. Stream id: 0
I0519 23:15:35.625758     7 test_utils.cpp:280] Received response. Stream id: 0
I0519 23:15:35.625788     7 test_utils.cpp:280] Received response. Stream id: 0
I0519 23:15:35.625813     7 test_utils.cpp:280] Received response. Stream id: 0
I0519 23:15:35.625838     7 test_utils.cpp:280] Received response. Stream id: 0
I0519 23:15:35.625864     7 test_utils.cpp:280] Received response. Stream id: 0
I0519 23:15:35.625893     7 test_utils.cpp:280] Received response. Stream id: 0
I0519 23:15:35.625912     7 test_utils.cpp:280] Received response. Stream id: 0
I0519 23:15:35.625931     7 test_utils.cpp:280] Received response. Stream id: 0
I0519 23:15:35.625957     7 test_utils.cpp:280] Received response. Stream id: 0
I0519 23:15:35.625982     7 test_utils.cpp:280] Received response. Stream id: 0
I0519 23:15:35.626006     7 test_utils.cpp:280] Received response. Stream id: 0
I0519 23:15:35.626031     7 test_utils.cpp:280] Received response. Stream id: 0
I0519 23:15:35.626056     7 test_utils.cpp:280] Received response. Stream id: 0
I0519 23:15:35.626080     7 test_utils.cpp:280] Received response. Stream id: 0
I0519 23:15:35.626148     7 test_utils.cpp:280] Received response. Stream id: 0
I0519 23:15:35.626421     7 test_utils.cpp:280] Received response. Stream id: 0
I0519 23:15:35.626605     7 test_utils.cpp:280] Received response. Stream id: 0
I0519 23:15:35.626645     7 test_utils.cpp:280] Received response. Stream id: 0
I0519 23:15:35.626706     7 test_utils.cpp:280] Received response. Stream id: 0
I0519 23:15:35.626763     7 test_utils.cpp:280] Received response. Stream id: 0
I0519 23:15:35.626817     7 test_utils.cpp:280] Received response. Stream id: 0
I0519 23:15:35.626899     7 test_utils.cpp:280] Received response. Stream id: 0
I0519 23:15:35.626942     7 test_utils.cpp:280] Received response. Stream id: 0
I0519 23:15:35.626986     7 test_utils.cpp:280] Received response. Stream id: 0
I0519 23:15:35.627023     7 test_utils.cpp:280] Received response. Stream id: 0
I0519 23:15:35.627053     7 test_utils.cpp:280] Received response. Stream id: 0
I0519 23:15:35.627081     7 test_utils.cpp:280] Received response. Stream id: 0
I0519 23:15:35.627112     7 test_utils.cpp:280] Received response. Stream id: 0
I0519 23:15:35.627127     7 test_utils.cpp:280] Received response. Stream id: 0
I0519 23:15:35.627151     7 test_utils.cpp:280] Received response. Stream id: 0
I0519 23:15:35.627182     7 test_utils.cpp:280] Received response. Stream id: 0
I0519 23:15:35.627207     7 test_utils.cpp:280] Received response. Stream id: 0
I0519 23:15:35.627233     7 test_utils.cpp:280] Received response. Stream id: 0
I0519 23:15:35.627259     7 test_utils.cpp:280] Received response. Stream id: 0
I0519 23:15:35.627285     7 test_utils.cpp:280] Received response. Stream id: 0
I0519 23:15:35.627310     7 test_utils.cpp:280] Received response. Stream id: 0
I0519 23:15:35.627331     7 test_utils.cpp:280] Received response. Stream id: 0
I0519 23:15:35.627351     7 test_utils.cpp:280] Received response. Stream id: 0
I0519 23:15:35.627388     7 test_utils.cpp:280] Received response. Stream id: 0
I0519 23:15:35.627420     7 test_utils.cpp:280] Received response. Stream id: 0
I0519 23:15:35.627457     7 test_utils.cpp:280] Received response. Stream id: 0
I0519 23:15:35.627493     7 test_utils.cpp:280] Received response. Stream id: 0
I0519 23:15:35.627550     7 test_utils.cpp:280] Received response. Stream id: 0
I0519 23:15:35.627583     7 test_utils.cpp:280] Received response. Stream id: 0
I0519 23:15:35.627619     7 test_utils.cpp:280] Received response. Stream id: 0
I0519 23:15:35.627655     7 test_utils.cpp:280] Received response. Stream id: 0
I0519 23:15:35.627682     7 test_utils.cpp:280] Received response. Stream id: 0
I0519 23:15:35.627717     7 test_utils.cpp:280] Received response. Stream id: 0
I0519 23:15:35.627750     7 test_utils.cpp:280] Received response. Stream id: 0
I0519 23:15:35.627772     7 test_utils.cpp:280] Received response. Stream id: 0
I0519 23:15:35.627812     7 test_utils.cpp:280] Received response. Stream id: 0
I0519 23:15:35.627841     7 test_utils.cpp:280] Received response. Stream id: 0
I0519 23:15:35.627874     7 test_utils.cpp:280] Received response. Stream id: 0
I0519 23:15:35.627915     7 test_utils.cpp:280] Received response. Stream id: 0
I0519 23:15:35.627959     7 test_utils.cpp:280] Received response. Stream id: 0
I0519 23:15:35.628002     7 test_utils.cpp:280] Received response. Stream id: 0
I0519 23:15:35.628034     7 test_utils.cpp:280] Received response. Stream id: 0
I0519 23:15:35.628057     7 test_utils.cpp:280] Received response. Stream id: 0
I0519 23:15:35.628093     7 test_utils.cpp:280] Received response. Stream id: 0
I0519 23:15:35.628116     7 test_utils.cpp:280] Received response. Stream id: 0
I0519 23:15:35.628136     7 test_utils.cpp:280] Received response. Stream id: 0
I0519 23:15:35.628175     7 test_utils.cpp:280] Received response. Stream id: 0
I0519 23:15:35.628201     7 test_utils.cpp:280] Received response. Stream id: 0
I0519 23:15:35.628234     7 test_utils.cpp:280] Received response. Stream id: 0
I0519 23:15:35.628261     7 test_utils.cpp:280] Received response. Stream id: 0
I0519 23:15:35.628288     7 test_utils.cpp:280] Received response. Stream id: 0
I0519 23:15:35.628309     7 test_utils.cpp:280] Received response. Stream id: 0
I0519 23:15:35.628348     7 test_utils.cpp:280] Received response. Stream id: 0
I0519 23:15:35.628389     7 test_utils.cpp:280] Received response. Stream id: 0
I0519 23:15:35.628424     7 test_utils.cpp:280] Received response. Stream id: 0
I0519 23:15:35.628440     7 test_utils.cpp:280] Received response. Stream id: 0
I0519 23:15:35.628460     7 test_utils.cpp:280] Received response. Stream id: 0
I0519 23:15:35.628551     7 test_utils.cpp:280] Received response. Stream id: 0
I0519 23:15:35.628584     7 test_utils.cpp:280] Received response. Stream id: 0
I0519 23:15:35.628609     7 test_utils.cpp:280] Received response. Stream id: 0
I0519 23:15:35.628656     7 test_utils.cpp:280] Received response. Stream id: 0
I0519 23:15:35.628697     7 test_utils.cpp:280] Received response. Stream id: 0
I0519 23:15:35.628715     7 test_utils.cpp:280] Received response. Stream id: 0
I0519 23:15:35.628736     7 test_utils.cpp:280] Received response. Stream id: 0
I0519 23:15:35.628752     7 test_utils.cpp:280] Received response. Stream id: 0
I0519 23:15:35.628773     7 test_utils.cpp:280] Received response. Stream id: 0
I0519 23:15:35.628788     7 test_utils.cpp:280] Received response. Stream id: 0
I0519 23:15:35.628820     7 test_utils.cpp:280] Received response. Stream id: 0
I0519 23:15:35.628836     7 test_utils.cpp:280] Received response. Stream id: 0
I0519 23:15:35.628862     7 test_utils.cpp:280] Received response. Stream id: 0
I0519 23:15:35.628882     7 test_utils.cpp:280] Received response. Stream id: 0
I0519 23:15:35.628893     7 test_utils.cpp:280] Received response. Stream id: 0
I0519 23:15:35.628908     7 test_utils.cpp:280] Received response. Stream id: 0
I0519 23:15:35.628934     7 test_utils.cpp:280] Received response. Stream id: 0
I0519 23:15:35.628985     7 test_utils.cpp:280] Received response. Stream id: 0
I0519 23:15:35.629007     7 test_utils.cpp:280] Received response. Stream id: 0
I0519 23:15:35.629029     7 test_utils.cpp:280] Received response. Stream id: 0
I0519 23:15:35.629045     7 test_utils.cpp:280] Received response. Stream id: 0
I0519 23:15:35.629089     7 test_utils.cpp:280] Received response. Stream id: 0
I0519 23:15:35.629115     7 test_utils.cpp:280] Received response. Stream id: 0
I0519 23:15:35.629132     7 test_utils.cpp:280] Received response. Stream id: 0
I0519 23:15:35.629151     7 test_utils.cpp:280] Received response. Stream id: 0
I0519 23:15:35.629210     7 test_utils.cpp:280] Received response. Stream id: 0
I0519 23:15:35.629236     7 test_utils.cpp:280] Received response. Stream id: 0
I0519 23:15:35.629266     7 test_utils.cpp:280] Received response. Stream id: 0
I0519 23:15:35.629287     7 test_utils.cpp:280] Received response. Stream id: 0
I0519 23:15:35.629297     7 test_utils.cpp:280] Received response. Stream id: 0
I0519 23:15:35.629362     7 test_utils.cpp:280] Received response. Stream id: 0
I0519 23:15:35.629387     7 test_utils.cpp:280] Received response. Stream id: 0
I0519 23:15:35.629498     7 test_utils.cpp:280] Received response. Stream id: 0
I0519 23:15:35.629576     7 test_utils.cpp:280] Received response. Stream id: 0
I0519 23:15:35.629598     7 test_utils.cpp:280] Received response. Stream id: 0
I0519 23:15:35.629624     7 test_utils.cpp:280] Received response. Stream id: 0
I0519 23:15:35.629648     7 test_utils.cpp:280] Received response. Stream id: 0
I0519 23:15:35.629669     7 test_utils.cpp:280] Received response. Stream id: 0
I0519 23:15:35.629685     7 test_utils.cpp:280] Received response. Stream id: 0
I0519 23:15:35.629709     7 test_utils.cpp:280] Received response. Stream id: 0
I0519 23:15:35.629726     7 test_utils.cpp:280] Received response. Stream id: 0
I0519 23:15:35.629750     7 test_utils.cpp:280] Received response. Stream id: 0
I0519 23:15:35.629769     7 test_utils.cpp:280] Received response. Stream id: 0
I0519 23:15:35.629803     7 test_utils.cpp:280] Received response. Stream id: 0
I0519 23:15:35.629822     7 test_utils.cpp:280] Received response. Stream id: 0
I0519 23:15:35.629844     7 test_utils.cpp:280] Received response. Stream id: 0
I0519 23:15:35.629861     7 test_utils.cpp:280] Received response. Stream id: 0
I0519 23:15:35.629881     7 test_utils.cpp:280] Received response. Stream id: 0
I0519 23:15:35.629974     7 test_utils.cpp:280] Received response. Stream id: 0
I0519 23:15:35.630044     7 test_utils.cpp:280] Received response. Stream id: 0
I0519 23:15:35.630062     7 test_utils.cpp:280] Received response. Stream id: 0
I0519 23:15:35.630079     7 test_utils.cpp:280] Received response. Stream id: 0
I0519 23:15:35.630093     7 test_utils.cpp:280] Received response. Stream id: 0
I0519 23:15:35.630108     7 test_utils.cpp:280] Received response. Stream id: 0
I0519 23:15:35.630127     7 test_utils.cpp:280] Received response. Stream id: 0
I0519 23:15:35.630142     7 test_utils.cpp:280] Received response. Stream id: 0
I0519 23:15:35.630178     7 test_utils.cpp:280] Received response. Stream id: 0
I0519 23:15:35.630194     7 test_utils.cpp:280] Received response. Stream id: 0
I0519 23:15:35.630220     7 test_utils.cpp:280] Received response. Stream id: 0
I0519 23:15:35.630235     7 test_utils.cpp:280] Received response. Stream id: 0
I0519 23:15:35.630252     7 test_utils.cpp:280] Received response. Stream id: 0
I0519 23:15:35.630295     7 test_utils.cpp:280] Received response. Stream id: 0
I0519 23:15:35.630311     7 test_utils.cpp:280] Received response. Stream id: 0
I0519 23:15:35.630326     7 test_utils.cpp:280] Received response. Stream id: 0
I0519 23:15:35.630342     7 test_utils.cpp:280] Received response. Stream id: 0
I0519 23:15:35.630357     7 test_utils.cpp:280] Received response. Stream id: 0
I0519 23:15:35.630373     7 test_utils.cpp:280] Received response. Stream id: 0
I0519 23:15:35.630386     7 test_utils.cpp:280] Received response. Stream id: 0
I0519 23:15:35.630401     7 test_utils.cpp:280] Received response. Stream id: 0
I0519 23:15:35.630415     7 test_utils.cpp:280] Received response. Stream id: 0
I0519 23:15:35.630430     7 test_utils.cpp:280] Received response. Stream id: 0
I0519 23:15:35.630445     7 test_utils.cpp:280] Received response. Stream id: 0
I0519 23:15:35.630460     7 test_utils.cpp:280] Received response. Stream id: 0
I0519 23:15:35.630473     7 test_utils.cpp:280] Received response. Stream id: 0
I0519 23:15:35.630488     7 test_utils.cpp:280] Received response. Stream id: 0
I0519 23:15:35.630503     7 test_utils.cpp:280] Received response. Stream id: 0
I0519 23:15:35.630517     7 test_utils.cpp:280] Received response. Stream id: 0
I0519 23:15:35.630546     7 test_utils.cpp:280] Received response. Stream id: 0
I0519 23:15:35.630563     7 test_utils.cpp:280] Received response. Stream id: 0
I0519 23:15:35.630576     7 test_utils.cpp:280] Received response. Stream id: 0
I0519 23:15:35.630590     7 test_utils.cpp:280] Received response. Stream id: 0
I0519 23:15:35.630605     7 test_utils.cpp:280] Received response. Stream id: 0
I0519 23:15:35.630620     7 test_utils.cpp:280] Received response. Stream id: 0
I0519 23:15:35.630635     7 test_utils.cpp:280] Received response. Stream id: 0
I0519 23:15:35.630649     7 test_utils.cpp:280] Received response. Stream id: 0
I0519 23:15:35.630663     7 test_utils.cpp:280] Received response. Stream id: 0
I0519 23:15:35.630678     7 test_utils.cpp:280] Received response. Stream id: 0
I0519 23:15:35.630692     7 test_utils.cpp:280] Received response. Stream id: 0
I0519 23:15:35.630707     7 test_utils.cpp:280] Received response. Stream id: 0
I0519 23:15:35.630720     7 test_utils.cpp:280] Received response. Stream id: 0
I0519 23:15:35.630735     7 test_utils.cpp:280] Received response. Stream id: 0
I0519 23:15:35.630749     7 test_utils.cpp:280] Received response. Stream id: 0
I0519 23:15:35.630764     7 test_utils.cpp:280] Received response. Stream id: 0
I0519 23:15:35.630779     7 test_utils.cpp:280] Received response. Stream id: 0
I0519 23:15:35.630793     7 test_utils.cpp:280] Received response. Stream id: 0
I0519 23:15:35.630807     7 test_utils.cpp:280] Received response. Stream id: 0
I0519 23:15:35.630821     7 test_utils.cpp:280] Received response. Stream id: 0
I0519 23:15:35.630836     7 test_utils.cpp:280] Received response. Stream id: 0
I0519 23:15:35.630851     7 test_utils.cpp:280] Received response. Stream id: 0
I0519 23:15:35.630864     7 test_utils.cpp:280] Received response. Stream id: 0
I0519 23:15:35.630880     7 test_utils.cpp:280] Received response. Stream id: 0
I0519 23:15:35.630894     7 test_utils.cpp:280] Received response. Stream id: 0
I0519 23:15:35.630908     7 test_utils.cpp:280] Received response. Stream id: 0
I0519 23:15:35.630923     7 test_utils.cpp:280] Received response. Stream id: 0
I0519 23:15:35.630937     7 test_utils.cpp:280] Received response. Stream id: 0
I0519 23:15:35.630952     7 test_utils.cpp:280] Received response. Stream id: 0
I0519 23:15:35.630966     7 test_utils.cpp:280] Received response. Stream id: 0
I0519 23:15:35.630981     7 test_utils.cpp:280] Received response. Stream id: 0
I0519 23:15:35.630995     7 test_utils.cpp:280] Received response. Stream id: 0
I0519 23:15:35.631009     7 test_utils.cpp:280] Received response. Stream id: 0
I0519 23:15:35.631024     7 test_utils.cpp:280] Received response. Stream id: 0
I0519 23:15:35.631038     7 test_utils.cpp:280] Received response. Stream id: 0
I0519 23:15:35.631052     7 test_utils.cpp:280] Received response. Stream id: 0
I0519 23:15:35.631067     7 test_utils.cpp:280] Received response. Stream id: 0
I0519 23:15:35.631083     7 test_utils.cpp:280] Received response. Stream id: 0
I0519 23:15:35.631096     7 test_utils.cpp:280] Received response. Stream id: 0
I0519 23:15:35.631111     7 test_utils.cpp:280] Received response. Stream id: 0
I0519 23:15:35.631125     7 test_utils.cpp:280] Received response. Stream id: 0
I0519 23:15:35.631140     7 test_utils.cpp:280] Received response. Stream id: 0
I0519 23:15:35.631228     7 test_utils.cpp:280] Received response. Stream id: 0
I0519 23:15:35.631265     7 test_utils.cpp:280] Received response. Stream id: 0
I0519 23:15:35.631299     7 test_utils.cpp:280] Received response. Stream id: 0
I0519 23:15:35.631326     7 test_utils.cpp:280] Received response. Stream id: 0
I0519 23:15:35.631342     7 test_utils.cpp:280] Received response. Stream id: 0
I0519 23:15:35.631362     7 test_utils.cpp:280] Received response. Stream id: 0
I0519 23:15:35.631382     7 test_utils.cpp:280] Received response. Stream id: 0
I0519 23:15:35.631402     7 test_utils.cpp:280] Received response. Stream id: 0
I0519 23:15:35.631417     7 test_utils.cpp:280] Received response. Stream id: 0
I0519 23:15:35.631431     7 test_utils.cpp:280] Received response. Stream id: 0
I0519 23:15:35.631469     7 test_utils.cpp:280] Received response. Stream id: 0
I0519 23:15:35.631495     7 test_utils.cpp:280] Received response. Stream id: 0
I0519 23:15:35.631603     7 test_utils.cpp:280] Received response. Stream id: 0
I0519 23:15:35.631630     7 test_utils.cpp:280] Received response. Stream id: 0
I0519 23:15:35.631645     7 test_utils.cpp:280] Received response. Stream id: 0
I0519 23:15:35.631769     7 test_utils.cpp:280] Received response. Stream id: 0
I0519 23:15:35.631804     7 test_utils.cpp:280] Received response. Stream id: 0
I0519 23:15:35.631814     7 test_utils.cpp:280] Received response. Stream id: 0
I0519 23:15:35.631886     7 test_utils.cpp:280] Received response. Stream id: 0
I0519 23:15:35.631909     7 test_utils.cpp:280] Received response. Stream id: 0
I0519 23:15:35.631924     7 test_utils.cpp:280] Received response. Stream id: 0
I0519 23:15:35.631938     7 test_utils.cpp:280] Received response. Stream id: 0
I0519 23:15:35.632278     7 test_utils.cpp:280] Received response. Stream id: 0
I0519 23:15:35.632319     7 test_utils.cpp:280] Received response. Stream id: 0
I0519 23:15:35.632331     7 test_utils.cpp:280] Received response. Stream id: 0
I0519 23:15:35.632341     7 test_utils.cpp:280] Received response. Stream id: 0
I0519 23:15:35.632352     7 test_utils.cpp:280] Received response. Stream id: 0
I0519 23:15:35.632362     7 test_utils.cpp:280] Received response. Stream id: 0
I0519 23:15:35.632372     7 test_utils.cpp:280] Received response. Stream id: 0
I0519 23:15:35.632382     7 test_utils.cpp:280] Received response. Stream id: 0
I0519 23:15:35.632391     7 test_utils.cpp:280] Received response. Stream id: 0
I0519 23:15:35.632627     7 test_utils.cpp:280] Received response. Stream id: 0
I0519 23:15:35.632642     7 test_utils.cpp:280] Received response. Stream id: 0
I0519 23:15:35.632653     7 test_utils.cpp:280] Received response. Stream id: 0
I0519 23:15:35.632663     7 test_utils.cpp:280] Received response. Stream id: 0
I0519 23:15:35.632673     7 test_utils.cpp:280] Received response. Stream id: 0
I0519 23:15:35.632688     7 test_utils.cpp:280] Received response. Stream id: 0
I0519 23:15:35.632697     7 test_utils.cpp:280] Received response. Stream id: 0
I0519 23:15:35.632710     7 test_utils.cpp:280] Received response. Stream id: 0
I0519 23:15:35.632720     7 test_utils.cpp:280] Received response. Stream id: 0
I0519 23:15:35.632730     7 test_utils.cpp:280] Received response. Stream id: 0
I0519 23:15:35.633059     7 test_utils.cpp:280] Received response. Stream id: 0
I0519 23:15:35.633090     7 test_utils.cpp:280] Received response. Stream id: 0
I0519 23:15:35.633111     7 test_utils.cpp:280] Received response. Stream id: 0
I0519 23:15:35.633126     7 test_utils.cpp:280] Received response. Stream id: 0
I0519 23:15:35.633141     7 test_utils.cpp:280] Received response. Stream id: 0
I0519 23:15:35.633172     7 test_utils.cpp:280] Received response. Stream id: 0
I0519 23:15:35.633327     7 test_utils.cpp:280] Received response. Stream id: 0
I0519 23:15:35.633343     7 test_utils.cpp:280] Received response. Stream id: 0
I0519 23:15:35.633353     7 test_utils.cpp:280] Received response. Stream id: 0
I0519 23:15:35.633428     7 test_utils.cpp:280] Received response. Stream id: 0
I0519 23:15:35.633460     7 test_utils.cpp:280] Received response. Stream id: 0
I0519 23:15:35.633476     7 test_utils.cpp:280] Received response. Stream id: 0
I0519 23:15:35.633490     7 test_utils.cpp:280] Received response. Stream id: 0
I0519 23:15:35.633512     7 test_utils.cpp:280] Received response. Stream id: 0
I0519 23:15:35.633527     7 test_utils.cpp:280] Received response. Stream id: 0
I0519 23:15:35.633569     7 test_utils.cpp:280] Received response. Stream id: 0
I0519 23:15:35.633585     7 test_utils.cpp:280] Received response. Stream id: 0
I0519 23:15:35.633726     7 test_utils.cpp:280] Received response. Stream id: 0
I0519 23:15:35.954773     7 module.cpp:19] MultiHomeOrderer - thread stopped
I0519 23:15:35.955724     7 module.cpp:19] Paxos-8 - thread stopped
I0519 23:15:35.959053     7 module.cpp:19] Scheduler - thread stopped
I0519 23:15:35.960306     7 module.cpp:19] Worker-45 - thread stopped
I0519 23:15:35.961830     7 module.cpp:19] Worker-46 - thread stopped
I0519 23:15:35.968058     7 module.cpp:19] Worker-47 - thread stopped
I0519 23:15:35.980914     7 module.cpp:19] LogManager - thread stopped
I0519 23:15:35.984047     7 module.cpp:19] Sequencer - thread stopped
I0519 23:15:35.989737     7 module.cpp:19] Batcher - thread stopped
I0519 23:15:35.993041     7 module.cpp:19] Forwarder - thread stopped
I0519 23:15:35.996057     7 module.cpp:19] Server - thread stopped
I0519 23:15:36.001122     7 module.cpp:19] Broker - thread stopped
I0519 23:15:36.005373     7 module.cpp:19] Broker - thread stopped
[       OK ] AllProtocols/ConsistencySingleRegionTest.RunsConsistentWorkload/Calvin (5720 ms)
[----------] 1 test from AllProtocols/ConsistencySingleRegionTest (5720 ms total)

[----------] Global test environment tear-down
[==========] 1 test from 1 test suite ran. (5720 ms total)
[  PASSED  ] 1 test.
