Running main() from /src/build/_deps/googletest-src/googletest/src/gtest_main.cc
Note: Google Test filter = AllProtocols/ConsistencySingleRegionTest.RunsConsistentWorkload/DDROnly
[==========] Running 1 test from 1 test suite.
[----------] Global test environment set-up.
[----------] 1 test from AllProtocols/ConsistencySingleRegionTest
[ RUN      ] AllProtocols/ConsistencySingleRegionTest.RunsConsistentWorkload/DDROnly
WARNING: Logging before InitGoogleLogging() is written to STDERR
I0519 23:13:31.921104     7 load_tables.cpp:415] Generating ~1 warehouses using 1 threads. 
I0519 23:13:31.921300     7 load_tables.cpp:52] Loading 100000 items for each of 1 representative warehouses
I0519 23:13:32.006007     7 load_tables.cpp:90] Total Item table size: 18311120
I0519 23:13:32.712889    10 load_tables.cpp:39] Total table sizes:
I0519 23:13:32.712914    10 load_tables.cpp:40] Total Warehouse table size: 200
I0519 23:13:32.712915    10 load_tables.cpp:41] Total Stock table size: 53379840
I0519 23:13:32.712916    10 load_tables.cpp:42] Total District table size: 2042
I0519 23:13:32.712917    10 load_tables.cpp:43] Total Customer table size: 25411946
I0519 23:13:32.712918    10 load_tables.cpp:44] Total History table size: 25411946
I0519 23:13:32.712918    10 load_tables.cpp:45] Total Order table size: 2641980
I0519 23:13:32.712919    10 load_tables.cpp:46] Total New Order table size: 820080
I0519 23:13:32.712920    10 load_tables.cpp:47] Total Order Line table size: 27658200
I0519 23:13:37.013410    13 broker.cpp:54] Binding a broker thread to "ipc:///tmp/test_e2e_tpcc0:0"
I0519 23:13:37.014183    14 broker.cpp:54] Binding a broker thread to "ipc:///tmp/test_e2e_tpcc0:1"
I0519 23:13:37.015537    15 server.cpp:72] Bound Server to: tcp://*:10021
I0519 23:13:37.018277    16 networked_module.cpp:75] Bound Forwarder to "ipc:///tmp/test_e2e_tpcc0:2"
I0519 23:13:37.018383    17 networked_module.cpp:75] Bound Sequencer to "ipc:///tmp/test_e2e_tpcc0:3"
I0519 23:13:37.061378     7 test_utils.cpp:280] Received response. Stream id: 0
I0519 23:13:37.062383     7 test_utils.cpp:280] Received response. Stream id: 0
I0519 23:13:37.062512     7 test_utils.cpp:280] Received response. Stream id: 0
I0519 23:13:37.062569     7 test_utils.cpp:280] Received response. Stream id: 0
I0519 23:13:37.062621     7 test_utils.cpp:280] Received response. Stream id: 0
I0519 23:13:37.062665     7 test_utils.cpp:280] Received response. Stream id: 0
I0519 23:13:37.062696     7 test_utils.cpp:280] Received response. Stream id: 0
I0519 23:13:37.062732     7 test_utils.cpp:280] Received response. Stream id: 0
I0519 23:13:37.062781     7 test_utils.cpp:280] Received response. Stream id: 0
I0519 23:13:37.062830     7 test_utils.cpp:280] Received response. Stream id: 0
I0519 23:13:37.062879     7 test_utils.cpp:280] Received response. Stream id: 0
I0519 23:13:37.062927     7 test_utils.cpp:280] Received response. Stream id: 0
I0519 23:13:37.062975     7 test_utils.cpp:280] Received response. Stream id: 0
I0519 23:13:37.063017     7 test_utils.cpp:280] Received response. Stream id: 0
I0519 23:13:37.063129     7 test_utils.cpp:280] Received response. Stream id: 0
I0519 23:13:37.063354     7 test_utils.cpp:280] Received response. Stream id: 0
I0519 23:13:37.063407     7 test_utils.cpp:280] Received response. Stream id: 0
I0519 23:13:37.063457     7 test_utils.cpp:280] Received response. Stream id: 0
I0519 23:13:37.063527     7 test_utils.cpp:280] Received response. Stream id: 0
I0519 23:13:37.063583     7 test_utils.cpp:280] Received response. Stream id: 0
I0519 23:13:37.063644     7 test_utils.cpp:280] Received response. Stream id: 0
I0519 23:13:37.063699     7 test_utils.cpp:280] Received response. Stream id: 0
I0519 23:13:37.063740     7 test_utils.cpp:280] Received response. Stream id: 0
I0519 23:13:37.063776     7 test_utils.cpp:280] Received response. Stream id: 0
I0519 23:13:37.063822     7 test_utils.cpp:280] Received response. Stream id: 0
I0519 23:13:37.063870     7 test_utils.cpp:280] Received response. Stream id: 0
I0519 23:13:37.063946     7 test_utils.cpp:280] Received response. Stream id: 0
I0519 23:13:37.064013     7 test_utils.cpp:280] Received response. Stream id: 0
I0519 23:13:37.064097     7 test_utils.cpp:280] Received response. Stream id: 0
I0519 23:13:37.064170     7 test_utils.cpp:280] Received response. Stream id: 0
I0519 23:13:37.064218     7 test_utils.cpp:280] Received response. Stream id: 0
I0519 23:13:37.064266     7 test_utils.cpp:280] Received response. Stream id: 0
I0519 23:13:37.064313     7 test_utils.cpp:280] Received response. Stream id: 0
I0519 23:13:37.064361     7 test_utils.cpp:280] Received response. Stream id: 0
I0519 23:13:37.064407     7 test_utils.cpp:280] Received response. Stream id: 0
I0519 23:13:37.064455     7 test_utils.cpp:280] Received response. Stream id: 0
I0519 23:13:37.064500     7 test_utils.cpp:280] Received response. Stream id: 0
I0519 23:13:37.064548     7 test_utils.cpp:280] Received response. Stream id: 0
I0519 23:13:37.064595     7 test_utils.cpp:280] Received response. Stream id: 0
I0519 23:13:37.064644     7 test_utils.cpp:280] Received response. Stream id: 0
I0519 23:13:37.064692     7 test_utils.cpp:280] Received response. Stream id: 0
I0519 23:13:37.064738     7 test_utils.cpp:280] Received response. Stream id: 0
I0519 23:13:37.064785     7 test_utils.cpp:280] Received response. Stream id: 0
I0519 23:13:37.064826     7 test_utils.cpp:280] Received response. Stream id: 0
I0519 23:13:37.064857     7 test_utils.cpp:280] Received response. Stream id: 0
I0519 23:13:37.064898     7 test_utils.cpp:280] Received response. Stream id: 0
I0519 23:13:37.064935     7 test_utils.cpp:280] Received response. Stream id: 0
I0519 23:13:37.064965     7 test_utils.cpp:280] Received response. Stream id: 0
I0519 23:13:37.065008     7 test_utils.cpp:280] Received response. Stream id: 0
I0519 23:13:37.065079     7 test_utils.cpp:280] Received response. Stream id: 0
I0519 23:13:37.065146     7 test_utils.cpp:280] Received response. Stream id: 0
I0519 23:13:37.065187     7 test_utils.cpp:280] Received response. Stream id: 0
I0519 23:13:37.065229     7 test_utils.cpp:280] Received response. Stream id: 0
I0519 23:13:37.065270     7 test_utils.cpp:280] Received response. Stream id: 0
I0519 23:13:37.065312     7 test_utils.cpp:280] Received response. Stream id: 0
I0519 23:13:37.066816     7 test_utils.cpp:280] Received response. Stream id: 0
I0519 23:13:37.066872     7 test_utils.cpp:280] Received response. Stream id: 0
I0519 23:13:37.066922     7 test_utils.cpp:280] Received response. Stream id: 0
I0519 23:13:37.066967     7 test_utils.cpp:280] Received response. Stream id: 0
I0519 23:13:37.067023     7 test_utils.cpp:280] Received response. Stream id: 0
I0519 23:13:37.067099     7 test_utils.cpp:280] Received response. Stream id: 0
I0519 23:13:37.067130     7 test_utils.cpp:280] Received response. Stream id: 0
I0519 23:13:37.067209     7 test_utils.cpp:280] Received response. Stream id: 0
I0519 23:13:37.067256     7 test_utils.cpp:280] Received response. Stream id: 0
I0519 23:13:37.067891     7 test_utils.cpp:280] Received response. Stream id: 0
I0519 23:13:37.067953     7 test_utils.cpp:280] Received response. Stream id: 0
I0519 23:13:37.068013     7 test_utils.cpp:280] Received response. Stream id: 0
I0519 23:13:37.068079     7 test_utils.cpp:280] Received response. Stream id: 0
I0519 23:13:37.068122     7 test_utils.cpp:280] Received response. Stream id: 0
I0519 23:13:37.068675     7 test_utils.cpp:280] Received response. Stream id: 0
I0519 23:13:37.068739     7 test_utils.cpp:280] Received response. Stream id: 0
I0519 23:13:37.068805     7 test_utils.cpp:280] Received response. Stream id: 0
I0519 23:13:37.068854     7 test_utils.cpp:280] Received response. Stream id: 0
I0519 23:13:37.068931     7 test_utils.cpp:280] Received response. Stream id: 0
I0519 23:13:37.069000     7 test_utils.cpp:280] Received response. Stream id: 0
I0519 23:13:37.069072     7 test_utils.cpp:280] Received response. Stream id: 0
I0519 23:13:37.069123     7 test_utils.cpp:280] Received response. Stream id: 0
I0519 23:13:37.069535     7 test_utils.cpp:280] Received response. Stream id: 0
I0519 23:13:37.069579     7 test_utils.cpp:280] Received response. Stream id: 0
I0519 23:13:37.069612     7 test_utils.cpp:280] Received response. Stream id: 0
I0519 23:13:37.069660     7 test_utils.cpp:280] Received response. Stream id: 0
I0519 23:13:37.069705     7 test_utils.cpp:280] Received response. Stream id: 0
I0519 23:13:37.069732     7 test_utils.cpp:280] Received response. Stream id: 0
I0519 23:13:37.069772     7 test_utils.cpp:280] Received response. Stream id: 0
I0519 23:13:37.069804     7 test_utils.cpp:280] Received response. Stream id: 0
I0519 23:13:37.070358     7 test_utils.cpp:280] Received response. Stream id: 0
I0519 23:13:37.070423     7 test_utils.cpp:280] Received response. Stream id: 0
I0519 23:13:37.070552     7 test_utils.cpp:280] Received response. Stream id: 0
I0519 23:13:37.070647     7 test_utils.cpp:280] Received response. Stream id: 0
I0519 23:13:37.070711     7 test_utils.cpp:280] Received response. Stream id: 0
I0519 23:13:37.070762     7 test_utils.cpp:280] Received response. Stream id: 0
I0519 23:13:37.070806     7 test_utils.cpp:280] Received response. Stream id: 0
I0519 23:13:37.070843     7 test_utils.cpp:280] Received response. Stream id: 0
I0519 23:13:37.070883     7 test_utils.cpp:280] Received response. Stream id: 0
I0519 23:13:37.070938     7 test_utils.cpp:280] Received response. Stream id: 0
I0519 23:13:37.070969     7 test_utils.cpp:280] Received response. Stream id: 0
I0519 23:13:37.071022     7 test_utils.cpp:280] Received response. Stream id: 0
I0519 23:13:37.071087     7 test_utils.cpp:280] Received response. Stream id: 0
I0519 23:13:37.071147     7 test_utils.cpp:280] Received response. Stream id: 0
I0519 23:13:37.071184     7 test_utils.cpp:280] Received response. Stream id: 0
I0519 23:13:37.071249     7 test_utils.cpp:280] Received response. Stream id: 0
I0519 23:13:37.071310     7 test_utils.cpp:280] Received response. Stream id: 0
I0519 23:13:37.071376     7 test_utils.cpp:280] Received response. Stream id: 0
I0519 23:13:37.071439     7 test_utils.cpp:280] Received response. Stream id: 0
I0519 23:13:37.071491     7 test_utils.cpp:280] Received response. Stream id: 0
I0519 23:13:37.071559     7 test_utils.cpp:280] Received response. Stream id: 0
I0519 23:13:37.071605     7 test_utils.cpp:280] Received response. Stream id: 0
I0519 23:13:37.071632     7 test_utils.cpp:280] Received response. Stream id: 0
I0519 23:13:37.071660     7 test_utils.cpp:280] Received response. Stream id: 0
I0519 23:13:37.071696     7 test_utils.cpp:280] Received response. Stream id: 0
I0519 23:13:37.071722     7 test_utils.cpp:280] Received response. Stream id: 0
I0519 23:13:37.071744     7 test_utils.cpp:280] Received response. Stream id: 0
I0519 23:13:37.071831     7 test_utils.cpp:280] Received response. Stream id: 0
I0519 23:13:37.071882     7 test_utils.cpp:280] Received response. Stream id: 0
I0519 23:13:37.071928     7 test_utils.cpp:280] Received response. Stream id: 0
I0519 23:13:37.072014     7 test_utils.cpp:280] Received response. Stream id: 0
I0519 23:13:37.072108     7 test_utils.cpp:280] Received response. Stream id: 0
I0519 23:13:37.072223     7 test_utils.cpp:280] Received response. Stream id: 0
I0519 23:13:37.072311     7 test_utils.cpp:280] Received response. Stream id: 0
I0519 23:13:37.072364     7 test_utils.cpp:280] Received response. Stream id: 0
I0519 23:13:37.072449     7 test_utils.cpp:280] Received response. Stream id: 0
I0519 23:13:37.072521     7 test_utils.cpp:280] Received response. Stream id: 0
I0519 23:13:37.072571     7 test_utils.cpp:280] Received response. Stream id: 0
I0519 23:13:37.072644     7 test_utils.cpp:280] Received response. Stream id: 0
I0519 23:13:37.072706     7 test_utils.cpp:280] Received response. Stream id: 0
I0519 23:13:37.072781     7 test_utils.cpp:280] Received response. Stream id: 0
I0519 23:13:37.072853     7 test_utils.cpp:280] Received response. Stream id: 0
I0519 23:13:37.072937     7 test_utils.cpp:280] Received response. Stream id: 0
I0519 23:13:37.072985     7 test_utils.cpp:280] Received response. Stream id: 0
I0519 23:13:37.073009     7 test_utils.cpp:280] Received response. Stream id: 0
I0519 23:13:37.073056     7 test_utils.cpp:280] Received response. Stream id: 0
I0519 23:13:37.073125     7 test_utils.cpp:280] Received response. Stream id: 0
I0519 23:13:37.073239     7 test_utils.cpp:280] Received response. Stream id: 0
I0519 23:13:37.073304     7 test_utils.cpp:280] Received response. Stream id: 0
I0519 23:13:37.073343     7 test_utils.cpp:280] Received response. Stream id: 0
I0519 23:13:37.073413     7 test_utils.cpp:280] Received response. Stream id: 0
I0519 23:13:37.073843     7 test_utils.cpp:280] Received response. Stream id: 0
I0519 23:13:37.073896     7 test_utils.cpp:280] Received response. Stream id: 0
I0519 23:13:37.074065     7 test_utils.cpp:280] Received response. Stream id: 0
I0519 23:13:37.074131     7 test_utils.cpp:280] Received response. Stream id: 0
I0519 23:13:37.074199     7 test_utils.cpp:280] Received response. Stream id: 0
I0519 23:13:37.074260     7 test_utils.cpp:280] Received response. Stream id: 0
I0519 23:13:37.074308     7 test_utils.cpp:280] Received response. Stream id: 0
I0519 23:13:37.074353     7 test_utils.cpp:280] Received response. Stream id: 0
I0519 23:13:37.074419     7 test_utils.cpp:280] Received response. Stream id: 0
I0519 23:13:37.074541     7 test_utils.cpp:280] Received response. Stream id: 0
I0519 23:13:37.074678     7 test_utils.cpp:280] Received response. Stream id: 0
I0519 23:13:37.074756     7 test_utils.cpp:280] Received response. Stream id: 0
I0519 23:13:37.074819     7 test_utils.cpp:280] Received response. Stream id: 0
I0519 23:13:37.074878     7 test_utils.cpp:280] Received response. Stream id: 0
I0519 23:13:37.074918     7 test_utils.cpp:280] Received response. Stream id: 0
I0519 23:13:37.074983     7 test_utils.cpp:280] Received response. Stream id: 0
I0519 23:13:37.075055     7 test_utils.cpp:280] Received response. Stream id: 0
I0519 23:13:37.075122     7 test_utils.cpp:280] Received response. Stream id: 0
I0519 23:13:37.075206     7 test_utils.cpp:280] Received response. Stream id: 0
I0519 23:13:37.075274     7 test_utils.cpp:280] Received response. Stream id: 0
I0519 23:13:37.075341     7 test_utils.cpp:280] Received response. Stream id: 0
I0519 23:13:37.075371     7 test_utils.cpp:280] Received response. Stream id: 0
I0519 23:13:37.075425     7 test_utils.cpp:280] Received response. Stream id: 0
I0519 23:13:37.075503     7 test_utils.cpp:280] Received response. Stream id: 0
I0519 23:13:37.075558     7 test_utils.cpp:280] Received response. Stream id: 0
I0519 23:13:37.075613     7 test_utils.cpp:280] Received response. Stream id: 0
I0519 23:13:37.075691     7 test_utils.cpp:280] Received response. Stream id: 0
I0519 23:13:37.075770     7 test_utils.cpp:280] Received response. Stream id: 0
I0519 23:13:37.075827     7 test_utils.cpp:280] Received response. Stream id: 0
I0519 23:13:37.075907     7 test_utils.cpp:280] Received response. Stream id: 0
I0519 23:13:37.075965     7 test_utils.cpp:280] Received response. Stream id: 0
I0519 23:13:37.076015     7 test_utils.cpp:280] Received response. Stream id: 0
I0519 23:13:37.076063     7 test_utils.cpp:280] Received response. Stream id: 0
I0519 23:13:37.076123     7 test_utils.cpp:280] Received response. Stream id: 0
I0519 23:13:37.076182     7 test_utils.cpp:280] Received response. Stream id: 0
I0519 23:13:37.076229     7 test_utils.cpp:280] Received response. Stream id: 0
I0519 23:13:37.076268     7 test_utils.cpp:280] Received response. Stream id: 0
I0519 23:13:37.076331     7 test_utils.cpp:280] Received response. Stream id: 0
I0519 23:13:37.076377     7 test_utils.cpp:280] Received response. Stream id: 0
I0519 23:13:37.076423     7 test_utils.cpp:280] Received response. Stream id: 0
I0519 23:13:37.076484     7 test_utils.cpp:280] Received response. Stream id: 0
I0519 23:13:37.076560     7 test_utils.cpp:280] Received response. Stream id: 0
I0519 23:13:37.076624     7 test_utils.cpp:280] Received response. Stream id: 0
I0519 23:13:37.076687     7 test_utils.cpp:280] Received response. Stream id: 0
I0519 23:13:37.076756     7 test_utils.cpp:280] Received response. Stream id: 0
I0519 23:13:37.076795     7 test_utils.cpp:280] Received response. Stream id: 0
I0519 23:13:37.076833     7 test_utils.cpp:280] Received response. Stream id: 0
I0519 23:13:37.076877     7 test_utils.cpp:280] Received response. Stream id: 0
I0519 23:13:37.076921     7 test_utils.cpp:280] Received response. Stream id: 0
I0519 23:13:37.076968     7 test_utils.cpp:280] Received response. Stream id: 0
I0519 23:13:37.077009     7 test_utils.cpp:280] Received response. Stream id: 0
I0519 23:13:37.077069     7 test_utils.cpp:280] Received response. Stream id: 0
I0519 23:13:37.077107     7 test_utils.cpp:280] Received response. Stream id: 0
I0519 23:13:37.077174     7 test_utils.cpp:280] Received response. Stream id: 0
I0519 23:13:37.077220     7 test_utils.cpp:280] Received response. Stream id: 0
I0519 23:13:37.077268     7 test_utils.cpp:280] Received response. Stream id: 0
I0519 23:13:37.077316     7 test_utils.cpp:280] Received response. Stream id: 0
I0519 23:13:37.077348     7 test_utils.cpp:280] Received response. Stream id: 0
I0519 23:13:37.077384     7 test_utils.cpp:280] Received response. Stream id: 0
I0519 23:13:37.077430     7 test_utils.cpp:280] Received response. Stream id: 0
I0519 23:13:37.077469     7 test_utils.cpp:280] Received response. Stream id: 0
I0519 23:13:37.077507     7 test_utils.cpp:280] Received response. Stream id: 0
I0519 23:13:37.077527     7 test_utils.cpp:280] Received response. Stream id: 0
I0519 23:13:37.077565     7 test_utils.cpp:280] Received response. Stream id: 0
I0519 23:13:37.077603     7 test_utils.cpp:280] Received response. Stream id: 0
I0519 23:13:37.077657     7 test_utils.cpp:280] Received response. Stream id: 0
I0519 23:13:37.077700     7 test_utils.cpp:280] Received response. Stream id: 0
I0519 23:13:37.077752     7 test_utils.cpp:280] Received response. Stream id: 0
I0519 23:13:37.077791     7 test_utils.cpp:280] Received response. Stream id: 0
I0519 23:13:37.077847     7 test_utils.cpp:280] Received response. Stream id: 0
I0519 23:13:37.077891     7 test_utils.cpp:280] Received response. Stream id: 0
I0519 23:13:37.077930     7 test_utils.cpp:280] Received response. Stream id: 0
I0519 23:13:37.077980     7 test_utils.cpp:280] Received response. Stream id: 0
I0519 23:13:37.078012     7 test_utils.cpp:280] Received response. Stream id: 0
I0519 23:13:37.078052     7 test_utils.cpp:280] Received response. Stream id: 0
I0519 23:13:37.078092     7 test_utils.cpp:280] Received response. Stream id: 0
I0519 23:13:37.078117     7 test_utils.cpp:280] Received response. Stream id: 0
I0519 23:13:37.078162     7 test_utils.cpp:280] Received response. Stream id: 0
I0519 23:13:37.078204     7 test_utils.cpp:280] Received response. Stream id: 0
I0519 23:13:37.078243     7 test_utils.cpp:280] Received response. Stream id: 0
I0519 23:13:37.078290     7 test_utils.cpp:280] Received response. Stream id: 0
I0519 23:13:37.078329     7 test_utils.cpp:280] Received response. Stream id: 0
I0519 23:13:37.078367     7 test_utils.cpp:280] Received response. Stream id: 0
I0519 23:13:37.078439     7 test_utils.cpp:280] Received response. Stream id: 0
I0519 23:13:37.078485     7 test_utils.cpp:280] Received response. Stream id: 0
I0519 23:13:37.078517     7 test_utils.cpp:280] Received response. Stream id: 0
I0519 23:13:37.078575     7 test_utils.cpp:280] Received response. Stream id: 0
I0519 23:13:37.078629     7 test_utils.cpp:280] Received response. Stream id: 0
I0519 23:13:37.078670     7 test_utils.cpp:280] Received response. Stream id: 0
I0519 23:13:37.078707     7 test_utils.cpp:280] Received response. Stream id: 0
I0519 23:13:37.078745     7 test_utils.cpp:280] Received response. Stream id: 0
I0519 23:13:37.078799     7 test_utils.cpp:280] Received response. Stream id: 0
I0519 23:13:37.078855     7 test_utils.cpp:280] Received response. Stream id: 0
I0519 23:13:37.078892     7 test_utils.cpp:280] Received response. Stream id: 0
I0519 23:13:37.078917     7 test_utils.cpp:280] Received response. Stream id: 0
I0519 23:13:37.078970     7 test_utils.cpp:280] Received response. Stream id: 0
I0519 23:13:37.079011     7 test_utils.cpp:280] Received response. Stream id: 0
I0519 23:13:37.079075     7 test_utils.cpp:280] Received response. Stream id: 0
I0519 23:13:37.079116     7 test_utils.cpp:280] Received response. Stream id: 0
I0519 23:13:37.079164     7 test_utils.cpp:280] Received response. Stream id: 0
I0519 23:13:37.079202     7 test_utils.cpp:280] Received response. Stream id: 0
I0519 23:13:37.079234     7 test_utils.cpp:280] Received response. Stream id: 0
I0519 23:13:37.079280     7 test_utils.cpp:280] Received response. Stream id: 0
I0519 23:13:37.079319     7 test_utils.cpp:280] Received response. Stream id: 0
I0519 23:13:37.079373     7 test_utils.cpp:280] Received response. Stream id: 0
I0519 23:13:37.079413     7 test_utils.cpp:280] Received response. Stream id: 0
I0519 23:13:37.079466     7 test_utils.cpp:280] Received response. Stream id: 0
I0519 23:13:37.079510     7 test_utils.cpp:280] Received response. Stream id: 0
I0519 23:13:37.079556     7 test_utils.cpp:280] Received response. Stream id: 0
I0519 23:13:37.079597     7 test_utils.cpp:280] Received response. Stream id: 0
I0519 23:13:37.079656     7 test_utils.cpp:280] Received response. Stream id: 0
I0519 23:13:37.079703     7 test_utils.cpp:280] Received response. Stream id: 0
I0519 23:13:37.079770     7 test_utils.cpp:280] Received response. Stream id: 0
I0519 23:13:37.079816     7 test_utils.cpp:280] Received response. Stream id: 0
I0519 23:13:37.079857     7 test_utils.cpp:280] Received response. Stream id: 0
I0519 23:13:37.079896     7 test_utils.cpp:280] Received response. Stream id: 0
I0519 23:13:37.079943     7 test_utils.cpp:280] Received response. Stream id: 0
I0519 23:13:37.079984     7 test_utils.cpp:280] Received response. Stream id: 0
I0519 23:13:37.080091     7 test_utils.cpp:280] Received response. Stream id: 0
I0519 23:13:37.080121     7 test_utils.cpp:280] Received response. Stream id: 0
I0519 23:13:37.080219     7 test_utils.cpp:280] Received response. Stream id: 0
I0519 23:13:37.080343     7 test_utils.cpp:280] Received response. Stream id: 0
I0519 23:13:37.080395     7 test_utils.cpp:280] Received response. Stream id: 0
I0519 23:13:37.080421     7 test_utils.cpp:280] Received response. Stream id: 0
I0519 23:13:37.080463     7 test_utils.cpp:280] Received response. Stream id: 0
I0519 23:13:37.080509     7 test_utils.cpp:280] Received response. Stream id: 0
I0519 23:13:37.080547     7 test_utils.cpp:280] Received response. Stream id: 0
I0519 23:13:37.080600     7 test_utils.cpp:280] Received response. Stream id: 0
I0519 23:13:37.080643     7 test_utils.cpp:280] Received response. Stream id: 0
I0519 23:13:37.080688     7 test_utils.cpp:280] Received response. Stream id: 0
I0519 23:13:37.080758     7 test_utils.cpp:280] Received response. Stream id: 0
I0519 23:13:37.080799     7 test_utils.cpp:280] Received response. Stream id: 0
I0519 23:13:37.080839     7 test_utils.cpp:280] Received response. Stream id: 0
I0519 23:13:37.080878     7 test_utils.cpp:280] Received response. Stream id: 0
I0519 23:13:37.080915     7 test_utils.cpp:280] Received response. Stream id: 0
I0519 23:13:37.082096     7 test_utils.cpp:280] Received response. Stream id: 0
I0519 23:13:37.082155     7 test_utils.cpp:280] Received response. Stream id: 0
I0519 23:13:37.082193     7 test_utils.cpp:280] Received response. Stream id: 0
I0519 23:13:37.082231     7 test_utils.cpp:280] Received response. Stream id: 0
I0519 23:13:37.082381     7 test_utils.cpp:280] Received response. Stream id: 0
I0519 23:13:37.082427     7 test_utils.cpp:280] Received response. Stream id: 0
I0519 23:13:37.082454     7 test_utils.cpp:280] Received response. Stream id: 0
I0519 23:13:37.082494     7 test_utils.cpp:280] Received response. Stream id: 0
I0519 23:13:37.082526     7 test_utils.cpp:280] Received response. Stream id: 0
I0519 23:13:37.082548     7 test_utils.cpp:280] Received response. Stream id: 0
I0519 23:13:37.082587     7 test_utils.cpp:280] Received response. Stream id: 0
I0519 23:13:37.082625     7 test_utils.cpp:280] Received response. Stream id: 0
I0519 23:13:37.082664     7 test_utils.cpp:280] Received response. Stream id: 0
I0519 23:13:37.082700     7 test_utils.cpp:280] Received response. Stream id: 0
I0519 23:13:37.082755     7 test_utils.cpp:280] Received response. Stream id: 0
I0519 23:13:37.082794     7 test_utils.cpp:280] Received response. Stream id: 0
I0519 23:13:37.082839     7 test_utils.cpp:280] Received response. Stream id: 0
I0519 23:13:37.082878     7 test_utils.cpp:280] Received response. Stream id: 0
I0519 23:13:37.082917     7 test_utils.cpp:280] Received response. Stream id: 0
I0519 23:13:37.082948     7 test_utils.cpp:280] Received response. Stream id: 0
I0519 23:13:37.082971     7 test_utils.cpp:280] Received response. Stream id: 0
I0519 23:13:37.083010     7 test_utils.cpp:280] Received response. Stream id: 0
I0519 23:13:37.083063     7 test_utils.cpp:280] Received response. Stream id: 0
I0519 23:13:37.083079     7 test_utils.cpp:280] Received response. Stream id: 0
I0519 23:13:37.083094     7 test_utils.cpp:280] Received response. Stream id: 0
I0519 23:13:37.083108     7 test_utils.cpp:280] Received response. Stream id: 0
I0519 23:13:37.083129     7 test_utils.cpp:280] Received response. Stream id: 0
I0519 23:13:37.083168     7 test_utils.cpp:280] Received response. Stream id: 0
I0519 23:13:37.083235     7 test_utils.cpp:280] Received response. Stream id: 0
I0519 23:13:37.083261     7 test_utils.cpp:280] Received response. Stream id: 0
I0519 23:13:37.083293     7 test_utils.cpp:280] Received response. Stream id: 0
I0519 23:13:37.083315     7 test_utils.cpp:280] Received response. Stream id: 0
I0519 23:13:37.083793     7 test_utils.cpp:280] Received response. Stream id: 0
I0519 23:13:37.083864     7 test_utils.cpp:280] Received response. Stream id: 0
I0519 23:13:37.083899     7 test_utils.cpp:280] Received response. Stream id: 0
I0519 23:13:37.083915     7 test_utils.cpp:280] Received response. Stream id: 0
I0519 23:13:37.083945     7 test_utils.cpp:280] Received response. Stream id: 0
I0519 23:13:37.084013     7 test_utils.cpp:280] Received response. Stream id: 0
I0519 23:13:37.084085     7 test_utils.cpp:280] Received response. Stream id: 0
I0519 23:13:37.084111     7 test_utils.cpp:280] Received response. Stream id: 0
I0519 23:13:37.084134     7 test_utils.cpp:280] Received response. Stream id: 0
I0519 23:13:37.084167     7 test_utils.cpp:280] Received response. Stream id: 0
I0519 23:13:37.084182     7 test_utils.cpp:280] Received response. Stream id: 0
I0519 23:13:37.084199     7 test_utils.cpp:280] Received response. Stream id: 0
I0519 23:13:37.084214     7 test_utils.cpp:280] Received response. Stream id: 0
I0519 23:13:37.085191     7 test_utils.cpp:280] Received response. Stream id: 0
I0519 23:13:37.085250     7 test_utils.cpp:280] Received response. Stream id: 0
I0519 23:13:37.085295     7 test_utils.cpp:280] Received response. Stream id: 0
I0519 23:13:37.085321     7 test_utils.cpp:280] Received response. Stream id: 0
I0519 23:13:37.085353     7 test_utils.cpp:280] Received response. Stream id: 0
I0519 23:13:37.085368     7 test_utils.cpp:280] Received response. Stream id: 0
I0519 23:13:37.085382     7 test_utils.cpp:280] Received response. Stream id: 0
I0519 23:13:37.086719     7 test_utils.cpp:280] Received response. Stream id: 0
I0519 23:13:37.086771     7 test_utils.cpp:280] Received response. Stream id: 0
I0519 23:13:37.086795     7 test_utils.cpp:280] Received response. Stream id: 0
I0519 23:13:37.086812     7 test_utils.cpp:280] Received response. Stream id: 0
I0519 23:13:37.086844     7 test_utils.cpp:280] Received response. Stream id: 0
I0519 23:13:37.086871     7 test_utils.cpp:280] Received response. Stream id: 0
I0519 23:13:37.086897     7 test_utils.cpp:280] Received response. Stream id: 0
I0519 23:13:37.086913     7 test_utils.cpp:280] Received response. Stream id: 0
I0519 23:13:37.086935     7 test_utils.cpp:280] Received response. Stream id: 0
I0519 23:13:37.086952     7 test_utils.cpp:280] Received response. Stream id: 0
I0519 23:13:37.086971     7 test_utils.cpp:280] Received response. Stream id: 0
I0519 23:13:37.086989     7 test_utils.cpp:280] Received response. Stream id: 0
I0519 23:13:37.087007     7 test_utils.cpp:280] Received response. Stream id: 0
I0519 23:13:37.087024     7 test_utils.cpp:280] Received response. Stream id: 0
I0519 23:13:37.087056     7 test_utils.cpp:280] Received response. Stream id: 0
I0519 23:13:37.087077     7 test_utils.cpp:280] Received response. Stream id: 0
I0519 23:13:37.087091     7 test_utils.cpp:280] Received response. Stream id: 0
I0519 23:13:37.087105     7 test_utils.cpp:280] Received response. Stream id: 0
I0519 23:13:37.087123     7 test_utils.cpp:280] Received response. Stream id: 0
I0519 23:13:37.087141     7 test_utils.cpp:280] Received response. Stream id: 0
I0519 23:13:37.087158     7 test_utils.cpp:280] Received response. Stream id: 0
I0519 23:13:37.087172     7 test_utils.cpp:280] Received response. Stream id: 0
I0519 23:13:37.087193     7 test_utils.cpp:280] Received response. Stream id: 0
I0519 23:13:37.087208     7 test_utils.cpp:280] Received response. Stream id: 0
I0519 23:13:37.087221     7 test_utils.cpp:280] Received response. Stream id: 0
I0519 23:13:37.087234     7 test_utils.cpp:280] Received response. Stream id: 0
I0519 23:13:37.087248     7 test_utils.cpp:280] Received response. Stream id: 0
I0519 23:13:37.087262     7 test_utils.cpp:280] Received response. Stream id: 0
I0519 23:13:37.087276     7 test_utils.cpp:280] Received response. Stream id: 0
I0519 23:13:37.087293     7 test_utils.cpp:280] Received response. Stream id: 0
I0519 23:13:37.087314     7 test_utils.cpp:280] Received response. Stream id: 0
I0519 23:13:37.087332     7 test_utils.cpp:280] Received response. Stream id: 0
I0519 23:13:37.087345     7 test_utils.cpp:280] Received response. Stream id: 0
I0519 23:13:37.087359     7 test_utils.cpp:280] Received response. Stream id: 0
I0519 23:13:37.087373     7 test_utils.cpp:280] Received response. Stream id: 0
I0519 23:13:37.087388     7 test_utils.cpp:280] Received response. Stream id: 0
I0519 23:13:37.087406     7 test_utils.cpp:280] Received response. Stream id: 0
I0519 23:13:37.087427     7 test_utils.cpp:280] Received response. Stream id: 0
I0519 23:13:37.087442     7 test_utils.cpp:280] Received response. Stream id: 0
I0519 23:13:37.087456     7 test_utils.cpp:280] Received response. Stream id: 0
I0519 23:13:37.087471     7 test_utils.cpp:280] Received response. Stream id: 0
I0519 23:13:37.087484     7 test_utils.cpp:280] Received response. Stream id: 0
I0519 23:13:37.087497     7 test_utils.cpp:280] Received response. Stream id: 0
I0519 23:13:37.087514     7 test_utils.cpp:280] Received response. Stream id: 0
I0519 23:13:37.087534     7 test_utils.cpp:280] Received response. Stream id: 0
I0519 23:13:37.087548     7 test_utils.cpp:280] Received response. Stream id: 0
I0519 23:13:37.087563     7 test_utils.cpp:280] Received response. Stream id: 0
I0519 23:13:37.087576     7 test_utils.cpp:280] Received response. Stream id: 0
I0519 23:13:37.087590     7 test_utils.cpp:280] Received response. Stream id: 0
I0519 23:13:37.087603     7 test_utils.cpp:280] Received response. Stream id: 0
I0519 23:13:37.087618     7 test_utils.cpp:280] Received response. Stream id: 0
I0519 23:13:37.087633     7 test_utils.cpp:280] Received response. Stream id: 0
I0519 23:13:37.087652     7 test_utils.cpp:280] Received response. Stream id: 0
I0519 23:13:37.087670     7 test_utils.cpp:280] Received response. Stream id: 0
I0519 23:13:37.087683     7 test_utils.cpp:280] Received response. Stream id: 0
I0519 23:13:37.087702     7 test_utils.cpp:280] Received response. Stream id: 0
I0519 23:13:37.087718     7 test_utils.cpp:280] Received response. Stream id: 0
I0519 23:13:37.087736     7 test_utils.cpp:280] Received response. Stream id: 0
I0519 23:13:37.087750     7 test_utils.cpp:280] Received response. Stream id: 0
I0519 23:13:37.087798     7 test_utils.cpp:280] Received response. Stream id: 0
I0519 23:13:37.087814     7 test_utils.cpp:280] Received response. Stream id: 0
I0519 23:13:37.087828     7 test_utils.cpp:280] Received response. Stream id: 0
I0519 23:13:37.087842     7 test_utils.cpp:280] Received response. Stream id: 0
I0519 23:13:37.087857     7 test_utils.cpp:280] Received response. Stream id: 0
I0519 23:13:37.087869     7 test_utils.cpp:280] Received response. Stream id: 0
I0519 23:13:37.087883     7 test_utils.cpp:280] Received response. Stream id: 0
I0519 23:13:37.087898     7 test_utils.cpp:280] Received response. Stream id: 0
I0519 23:13:37.087910     7 test_utils.cpp:280] Received response. Stream id: 0
I0519 23:13:37.087924     7 test_utils.cpp:280] Received response. Stream id: 0
I0519 23:13:37.087939     7 test_utils.cpp:280] Received response. Stream id: 0
I0519 23:13:37.087951     7 test_utils.cpp:280] Received response. Stream id: 0
I0519 23:13:37.087965     7 test_utils.cpp:280] Received response. Stream id: 0
I0519 23:13:37.087981     7 test_utils.cpp:280] Received response. Stream id: 0
I0519 23:13:37.087996     7 test_utils.cpp:280] Received response. Stream id: 0
I0519 23:13:37.088009     7 test_utils.cpp:280] Received response. Stream id: 0
I0519 23:13:37.088027     7 test_utils.cpp:280] Received response. Stream id: 0
I0519 23:13:37.088060     7 test_utils.cpp:280] Received response. Stream id: 0
I0519 23:13:37.088183     7 test_utils.cpp:280] Received response. Stream id: 0
I0519 23:13:37.088225     7 test_utils.cpp:280] Received response. Stream id: 0
I0519 23:13:37.088241     7 test_utils.cpp:280] Received response. Stream id: 0
I0519 23:13:37.088267     7 test_utils.cpp:280] Received response. Stream id: 0
I0519 23:13:37.088307     7 test_utils.cpp:280] Received response. Stream id: 0
I0519 23:13:37.088326     7 test_utils.cpp:280] Received response. Stream id: 0
I0519 23:13:37.088353     7 test_utils.cpp:280] Received response. Stream id: 0
I0519 23:13:37.088376     7 test_utils.cpp:280] Received response. Stream id: 0
I0519 23:13:37.088392     7 test_utils.cpp:280] Received response. Stream id: 0
I0519 23:13:37.088410     7 test_utils.cpp:280] Received response. Stream id: 0
I0519 23:13:37.088430     7 test_utils.cpp:280] Received response. Stream id: 0
I0519 23:13:37.088447     7 test_utils.cpp:280] Received response. Stream id: 0
I0519 23:13:37.088460     7 test_utils.cpp:280] Received response. Stream id: 0
I0519 23:13:37.088474     7 test_utils.cpp:280] Received response. Stream id: 0
I0519 23:13:37.088488     7 test_utils.cpp:280] Received response. Stream id: 0
I0519 23:13:37.088502     7 test_utils.cpp:280] Received response. Stream id: 0
I0519 23:13:37.088516     7 test_utils.cpp:280] Received response. Stream id: 0
I0519 23:13:37.088529     7 test_utils.cpp:280] Received response. Stream id: 0
I0519 23:13:37.088543     7 test_utils.cpp:280] Received response. Stream id: 0
I0519 23:13:37.088562     7 test_utils.cpp:280] Received response. Stream id: 0
I0519 23:13:37.088578     7 test_utils.cpp:280] Received response. Stream id: 0
I0519 23:13:37.088591     7 test_utils.cpp:280] Received response. Stream id: 0
I0519 23:13:37.088605     7 test_utils.cpp:280] Received response. Stream id: 0
I0519 23:13:37.088620     7 test_utils.cpp:280] Received response. Stream id: 0
I0519 23:13:37.088634     7 test_utils.cpp:280] Received response. Stream id: 0
I0519 23:13:37.088647     7 test_utils.cpp:280] Received response. Stream id: 0
I0519 23:13:37.088660     7 test_utils.cpp:280] Received response. Stream id: 0
I0519 23:13:37.088675     7 test_utils.cpp:280] Received response. Stream id: 0
I0519 23:13:37.088687     7 test_utils.cpp:280] Received response. Stream id: 0
I0519 23:13:37.088701     7 test_utils.cpp:280] Received response. Stream id: 0
I0519 23:13:37.088716     7 test_utils.cpp:280] Received response. Stream id: 0
I0519 23:13:37.088728     7 test_utils.cpp:280] Received response. Stream id: 0
I0519 23:13:37.088742     7 test_utils.cpp:280] Received response. Stream id: 0
I0519 23:13:37.088757     7 test_utils.cpp:280] Received response. Stream id: 0
I0519 23:13:37.088771     7 test_utils.cpp:280] Received response. Stream id: 0
I0519 23:13:37.088784     7 test_utils.cpp:280] Received response. Stream id: 0
I0519 23:13:37.088798     7 test_utils.cpp:280] Received response. Stream id: 0
I0519 23:13:37.088812     7 test_utils.cpp:280] Received response. Stream id: 0
I0519 23:13:37.088825     7 test_utils.cpp:280] Received response. Stream id: 0
I0519 23:13:37.088840     7 test_utils.cpp:280] Received response. Stream id: 0
I0519 23:13:37.088862     7 test_utils.cpp:280] Received response. Stream id: 0
I0519 23:13:37.088879     7 test_utils.cpp:280] Received response. Stream id: 0
I0519 23:13:37.088893     7 test_utils.cpp:280] Received response. Stream id: 0
I0519 23:13:37.088907     7 test_utils.cpp:280] Received response. Stream id: 0
I0519 23:13:37.088919     7 test_utils.cpp:280] Received response. Stream id: 0
I0519 23:13:37.088933     7 test_utils.cpp:280] Received response. Stream id: 0
I0519 23:13:37.088951     7 test_utils.cpp:280] Received response. Stream id: 0
I0519 23:13:37.088966     7 test_utils.cpp:280] Received response. Stream id: 0
I0519 23:13:37.088984     7 test_utils.cpp:280] Received response. Stream id: 0
I0519 23:13:37.089000     7 test_utils.cpp:280] Received response. Stream id: 0
I0519 23:13:37.089015     7 test_utils.cpp:280] Received response. Stream id: 0
I0519 23:13:37.089048     7 test_utils.cpp:280] Received response. Stream id: 0
I0519 23:13:37.089064     7 test_utils.cpp:280] Received response. Stream id: 0
I0519 23:13:37.089078     7 test_utils.cpp:280] Received response. Stream id: 0
I0519 23:13:37.089092     7 test_utils.cpp:280] Received response. Stream id: 0
I0519 23:13:37.089105     7 test_utils.cpp:280] Received response. Stream id: 0
I0519 23:13:37.089119     7 test_utils.cpp:280] Received response. Stream id: 0
I0519 23:13:37.089133     7 test_utils.cpp:280] Received response. Stream id: 0
I0519 23:13:37.089145     7 test_utils.cpp:280] Received response. Stream id: 0
I0519 23:13:37.089159     7 test_utils.cpp:280] Received response. Stream id: 0
I0519 23:13:37.089174     7 test_utils.cpp:280] Received response. Stream id: 0
I0519 23:13:37.089186     7 test_utils.cpp:280] Received response. Stream id: 0
I0519 23:13:37.089205     7 test_utils.cpp:280] Received response. Stream id: 0
I0519 23:13:37.089221     7 test_utils.cpp:280] Received response. Stream id: 0
I0519 23:13:37.089236     7 test_utils.cpp:280] Received response. Stream id: 0
I0519 23:13:37.089248     7 test_utils.cpp:280] Received response. Stream id: 0
I0519 23:13:37.089262     7 test_utils.cpp:280] Received response. Stream id: 0
I0519 23:13:37.089277     7 test_utils.cpp:280] Received response. Stream id: 0
I0519 23:13:37.089305     7 test_utils.cpp:280] Received response. Stream id: 0
I0519 23:13:37.089320     7 test_utils.cpp:280] Received response. Stream id: 0
I0519 23:13:37.089334     7 test_utils.cpp:280] Received response. Stream id: 0
I0519 23:13:37.089347     7 test_utils.cpp:280] Received response. Stream id: 0
I0519 23:13:37.089365     7 test_utils.cpp:280] Received response. Stream id: 0
I0519 23:13:37.089383     7 test_utils.cpp:280] Received response. Stream id: 0
I0519 23:13:37.089396     7 test_utils.cpp:280] Received response. Stream id: 0
I0519 23:13:37.089411     7 test_utils.cpp:280] Received response. Stream id: 0
I0519 23:13:37.089423     7 test_utils.cpp:280] Received response. Stream id: 0
I0519 23:13:37.089437     7 test_utils.cpp:280] Received response. Stream id: 0
I0519 23:13:37.089453     7 test_utils.cpp:280] Received response. Stream id: 0
I0519 23:13:37.089473     7 test_utils.cpp:280] Received response. Stream id: 0
I0519 23:13:37.089488     7 test_utils.cpp:280] Received response. Stream id: 0
I0519 23:13:37.089502     7 test_utils.cpp:280] Received response. Stream id: 0
I0519 23:13:37.089567     7 test_utils.cpp:280] Received response. Stream id: 0
I0519 23:13:37.089625     7 test_utils.cpp:280] Received response. Stream id: 0
I0519 23:13:37.089645     7 test_utils.cpp:280] Received response. Stream id: 0
I0519 23:13:37.089917     7 test_utils.cpp:280] Received response. Stream id: 0
I0519 23:13:37.089942     7 test_utils.cpp:280] Received response. Stream id: 0
I0519 23:13:37.089957     7 test_utils.cpp:280] Received response. Stream id: 0
I0519 23:13:37.089972     7 test_utils.cpp:280] Received response. Stream id: 0
I0519 23:13:37.089986     7 test_utils.cpp:280] Received response. Stream id: 0
I0519 23:13:37.090004     7 test_utils.cpp:280] Received response. Stream id: 0
I0519 23:13:37.090073     7 test_utils.cpp:280] Received response. Stream id: 0
I0519 23:13:37.090092     7 test_utils.cpp:280] Received response. Stream id: 0
I0519 23:13:37.090164     7 test_utils.cpp:280] Received response. Stream id: 0
I0519 23:13:37.090180     7 test_utils.cpp:280] Received response. Stream id: 0
I0519 23:13:37.090194     7 test_utils.cpp:280] Received response. Stream id: 0
I0519 23:13:37.090209     7 test_utils.cpp:280] Received response. Stream id: 0
I0519 23:13:37.090222     7 test_utils.cpp:280] Received response. Stream id: 0
I0519 23:13:37.090235     7 test_utils.cpp:280] Received response. Stream id: 0
I0519 23:13:37.090260     7 test_utils.cpp:280] Received response. Stream id: 0
I0519 23:13:37.494185     7 module.cpp:19] MultiHomeOrderer - thread stopped
I0519 23:13:37.500351     7 module.cpp:19] Paxos-8 - thread stopped
I0519 23:13:37.507388     7 module.cpp:19] Scheduler - thread stopped
I0519 23:13:37.512378     7 module.cpp:19] Worker-45 - thread stopped
I0519 23:13:37.519125     7 module.cpp:19] Worker-46 - thread stopped
I0519 23:13:37.519304     7 module.cpp:19] Worker-47 - thread stopped
I0519 23:13:37.526326     7 module.cpp:19] DeadlockResolver - thread stopped
I0519 23:13:37.531574     7 module.cpp:19] LogManager - thread stopped
I0519 23:13:37.538363     7 module.cpp:19] Sequencer - thread stopped
I0519 23:13:37.544124     7 module.cpp:19] Batcher - thread stopped
I0519 23:13:37.551527     7 module.cpp:19] Forwarder - thread stopped
I0519 23:13:37.555897     7 module.cpp:19] Server - thread stopped
I0519 23:13:37.557399     7 module.cpp:19] Broker - thread stopped
I0519 23:13:37.561836     7 module.cpp:19] Broker - thread stopped
[       OK ] AllProtocols/ConsistencySingleRegionTest.RunsConsistentWorkload/DDROnly (5880 ms)
[----------] 1 test from AllProtocols/ConsistencySingleRegionTest (5880 ms total)

[----------] Global test environment tear-down
[==========] 1 test from 1 test suite ran. (5880 ms total)
[  PASSED  ] 1 test.
