Running main() from /src/build/_deps/googletest-src/googletest/src/gtest_main.cc
Note: Google Test filter = AllProtocols/ConsistencySingleRegionTest.RunsConsistentWorkload/Detock
[==========] Running 1 test from 1 test suite.
[----------] Global test environment set-up.
[----------] 1 test from AllProtocols/ConsistencySingleRegionTest
[ RUN      ] AllProtocols/ConsistencySingleRegionTest.RunsConsistentWorkload/Detock
WARNING: Logging before InitGoogleLogging() is written to STDERR
I0519 23:12:33.576345     7 load_tables.cpp:415] Generating ~1 warehouses using 1 threads. 
I0519 23:12:33.582340     7 load_tables.cpp:52] Loading 100000 items for each of 1 representative warehouses
I0519 23:12:33.727494     7 load_tables.cpp:90] Total Item table size: 18311120
I0519 23:12:34.515316    10 load_tables.cpp:39] Total table sizes:
I0519 23:12:34.515332    10 load_tables.cpp:40] Total Warehouse table size: 200
I0519 23:12:34.515334    10 load_tables.cpp:41] Total Stock table size: 53379840
I0519 23:12:34.515334    10 load_tables.cpp:42] Total District table size: 2042
I0519 23:12:34.515336    10 load_tables.cpp:43] Total Customer table size: 25411946
I0519 23:12:34.515336    10 load_tables.cpp:44] Total History table size: 25411946
I0519 23:12:34.515337    10 load_tables.cpp:45] Total Order table size: 2641980
I0519 23:12:34.515338    10 load_tables.cpp:46] Total New Order table size: 820080
I0519 23:12:34.515338    10 load_tables.cpp:47] Total Order Line table size: 27658200
I0519 23:12:38.734345    13 broker.cpp:54] Binding a broker thread to "ipc:///tmp/test_e2e_tpcc0:0"
I0519 23:12:38.734910    14 broker.cpp:54] Binding a broker thread to "ipc:///tmp/test_e2e_tpcc0:1"
I0519 23:12:38.737598    15 server.cpp:72] Bound Server to: tcp://*:29236
I0519 23:12:38.739992    17 networked_module.cpp:75] Bound Sequencer to "ipc:///tmp/test_e2e_tpcc0:3"
I0519 23:12:38.753597    16 networked_module.cpp:75] Bound Forwarder to "ipc:///tmp/test_e2e_tpcc0:2"
I0519 23:12:38.763803     7 test_utils.cpp:280] Received response. Stream id: 0
I0519 23:12:38.764783     7 test_utils.cpp:280] Received response. Stream id: 0
I0519 23:12:38.765059     7 test_utils.cpp:280] Received response. Stream id: 0
I0519 23:12:38.765235     7 test_utils.cpp:280] Received response. Stream id: 0
I0519 23:12:38.765789     7 test_utils.cpp:280] Received response. Stream id: 0
I0519 23:12:38.765921     7 test_utils.cpp:280] Received response. Stream id: 0
I0519 23:12:38.765954     7 test_utils.cpp:280] Received response. Stream id: 0
I0519 23:12:38.765993     7 test_utils.cpp:280] Received response. Stream id: 0
I0519 23:12:38.766044     7 test_utils.cpp:280] Received response. Stream id: 0
I0519 23:12:38.766086     7 test_utils.cpp:280] Received response. Stream id: 0
I0519 23:12:38.766129     7 test_utils.cpp:280] Received response. Stream id: 0
I0519 23:12:38.766171     7 test_utils.cpp:280] Received response. Stream id: 0
I0519 23:12:38.766207     7 test_utils.cpp:280] Received response. Stream id: 0
I0519 23:12:38.766244     7 test_utils.cpp:280] Received response. Stream id: 0
I0519 23:12:38.766289     7 test_utils.cpp:280] Received response. Stream id: 0
I0519 23:12:38.766340     7 test_utils.cpp:280] Received response. Stream id: 0
I0519 23:12:38.766376     7 test_utils.cpp:280] Received response. Stream id: 0
I0519 23:12:38.766418     7 test_utils.cpp:280] Received response. Stream id: 0
I0519 23:12:38.766470     7 test_utils.cpp:280] Received response. Stream id: 0
I0519 23:12:38.766503     7 test_utils.cpp:280] Received response. Stream id: 0
I0519 23:12:38.766535     7 test_utils.cpp:280] Received response. Stream id: 0
I0519 23:12:38.766572     7 test_utils.cpp:280] Received response. Stream id: 0
I0519 23:12:38.766616     7 test_utils.cpp:280] Received response. Stream id: 0
I0519 23:12:38.766644     7 test_utils.cpp:280] Received response. Stream id: 0
I0519 23:12:38.766672     7 test_utils.cpp:280] Received response. Stream id: 0
I0519 23:12:38.766688     7 test_utils.cpp:280] Received response. Stream id: 0
I0519 23:12:38.766716     7 test_utils.cpp:280] Received response. Stream id: 0
I0519 23:12:38.766752     7 test_utils.cpp:280] Received response. Stream id: 0
I0519 23:12:38.766772     7 test_utils.cpp:280] Received response. Stream id: 0
I0519 23:12:38.766786     7 test_utils.cpp:280] Received response. Stream id: 0
I0519 23:12:38.766808     7 test_utils.cpp:280] Received response. Stream id: 0
I0519 23:12:38.766844     7 test_utils.cpp:280] Received response. Stream id: 0
I0519 23:12:38.767731     7 test_utils.cpp:280] Received response. Stream id: 0
I0519 23:12:38.767926     7 test_utils.cpp:280] Received response. Stream id: 0
I0519 23:12:38.768030     7 test_utils.cpp:280] Received response. Stream id: 0
I0519 23:12:38.768389     7 test_utils.cpp:280] Received response. Stream id: 0
I0519 23:12:38.768620     7 test_utils.cpp:280] Received response. Stream id: 0
I0519 23:12:38.768671     7 test_utils.cpp:280] Received response. Stream id: 0
I0519 23:12:38.768697     7 test_utils.cpp:280] Received response. Stream id: 0
I0519 23:12:38.768712     7 test_utils.cpp:280] Received response. Stream id: 0
I0519 23:12:38.768836     7 test_utils.cpp:280] Received response. Stream id: 0
I0519 23:12:38.768855     7 test_utils.cpp:280] Received response. Stream id: 0
I0519 23:12:38.768870     7 test_utils.cpp:280] Received response. Stream id: 0
I0519 23:12:38.768895     7 test_utils.cpp:280] Received response. Stream id: 0
I0519 23:12:38.768918     7 test_utils.cpp:280] Received response. Stream id: 0
I0519 23:12:38.768936     7 test_utils.cpp:280] Received response. Stream id: 0
I0519 23:12:38.768961     7 test_utils.cpp:280] Received response. Stream id: 0
I0519 23:12:38.768977     7 test_utils.cpp:280] Received response. Stream id: 0
I0519 23:12:38.768993     7 test_utils.cpp:280] Received response. Stream id: 0
I0519 23:12:38.769445     7 test_utils.cpp:280] Received response. Stream id: 0
I0519 23:12:38.769510     7 test_utils.cpp:280] Received response. Stream id: 0
I0519 23:12:38.769783     7 test_utils.cpp:280] Received response. Stream id: 0
I0519 23:12:38.769816     7 test_utils.cpp:280] Received response. Stream id: 0
I0519 23:12:38.769922     7 test_utils.cpp:280] Received response. Stream id: 0
I0519 23:12:38.769966     7 test_utils.cpp:280] Received response. Stream id: 0
I0519 23:12:38.770082     7 test_utils.cpp:280] Received response. Stream id: 0
I0519 23:12:38.770143     7 test_utils.cpp:280] Received response. Stream id: 0
I0519 23:12:38.770174     7 test_utils.cpp:280] Received response. Stream id: 0
I0519 23:12:38.770206     7 test_utils.cpp:280] Received response. Stream id: 0
I0519 23:12:38.770242     7 test_utils.cpp:280] Received response. Stream id: 0
I0519 23:12:38.770283     7 test_utils.cpp:280] Received response. Stream id: 0
I0519 23:12:38.770334     7 test_utils.cpp:280] Received response. Stream id: 0
I0519 23:12:38.770385     7 test_utils.cpp:280] Received response. Stream id: 0
I0519 23:12:38.770437     7 test_utils.cpp:280] Received response. Stream id: 0
I0519 23:12:38.770480     7 test_utils.cpp:280] Received response. Stream id: 0
I0519 23:12:38.770515     7 test_utils.cpp:280] Received response. Stream id: 0
I0519 23:12:38.770557     7 test_utils.cpp:280] Received response. Stream id: 0
I0519 23:12:38.770586     7 test_utils.cpp:280] Received response. Stream id: 0
I0519 23:12:38.770617     7 test_utils.cpp:280] Received response. Stream id: 0
I0519 23:12:38.770643     7 test_utils.cpp:280] Received response. Stream id: 0
I0519 23:12:38.770678     7 test_utils.cpp:280] Received response. Stream id: 0
I0519 23:12:38.770702     7 test_utils.cpp:280] Received response. Stream id: 0
I0519 23:12:38.770752     7 test_utils.cpp:280] Received response. Stream id: 0
I0519 23:12:38.770802     7 test_utils.cpp:280] Received response. Stream id: 0
I0519 23:12:38.770844     7 test_utils.cpp:280] Received response. Stream id: 0
I0519 23:12:38.770884     7 test_utils.cpp:280] Received response. Stream id: 0
I0519 23:12:38.770921     7 test_utils.cpp:280] Received response. Stream id: 0
I0519 23:12:38.770959     7 test_utils.cpp:280] Received response. Stream id: 0
I0519 23:12:38.771060     7 test_utils.cpp:280] Received response. Stream id: 0
I0519 23:12:38.771147     7 test_utils.cpp:280] Received response. Stream id: 0
I0519 23:12:38.771220     7 test_utils.cpp:280] Received response. Stream id: 0
I0519 23:12:38.771371     7 test_utils.cpp:280] Received response. Stream id: 0
I0519 23:12:38.771545     7 test_utils.cpp:280] Received response. Stream id: 0
I0519 23:12:38.771603     7 test_utils.cpp:280] Received response. Stream id: 0
I0519 23:12:38.771662     7 test_utils.cpp:280] Received response. Stream id: 0
I0519 23:12:38.771726     7 test_utils.cpp:280] Received response. Stream id: 0
I0519 23:12:38.771847     7 test_utils.cpp:280] Received response. Stream id: 0
I0519 23:12:38.771893     7 test_utils.cpp:280] Received response. Stream id: 0
I0519 23:12:38.771955     7 test_utils.cpp:280] Received response. Stream id: 0
I0519 23:12:38.772073     7 test_utils.cpp:280] Received response. Stream id: 0
I0519 23:12:38.772107     7 test_utils.cpp:280] Received response. Stream id: 0
I0519 23:12:38.772156     7 test_utils.cpp:280] Received response. Stream id: 0
I0519 23:12:38.772198     7 test_utils.cpp:280] Received response. Stream id: 0
I0519 23:12:38.772234     7 test_utils.cpp:280] Received response. Stream id: 0
I0519 23:12:38.772307     7 test_utils.cpp:280] Received response. Stream id: 0
I0519 23:12:38.772328     7 test_utils.cpp:280] Received response. Stream id: 0
I0519 23:12:38.772352     7 test_utils.cpp:280] Received response. Stream id: 0
I0519 23:12:38.772378     7 test_utils.cpp:280] Received response. Stream id: 0
I0519 23:12:38.772425     7 test_utils.cpp:280] Received response. Stream id: 0
I0519 23:12:38.772526     7 test_utils.cpp:280] Received response. Stream id: 0
I0519 23:12:38.772581     7 test_utils.cpp:280] Received response. Stream id: 0
I0519 23:12:38.772622     7 test_utils.cpp:280] Received response. Stream id: 0
I0519 23:12:38.772776     7 test_utils.cpp:280] Received response. Stream id: 0
I0519 23:12:38.772820     7 test_utils.cpp:280] Received response. Stream id: 0
I0519 23:12:38.772871     7 test_utils.cpp:280] Received response. Stream id: 0
I0519 23:12:38.772903     7 test_utils.cpp:280] Received response. Stream id: 0
I0519 23:12:38.772938     7 test_utils.cpp:280] Received response. Stream id: 0
I0519 23:12:38.772961     7 test_utils.cpp:280] Received response. Stream id: 0
I0519 23:12:38.773000     7 test_utils.cpp:280] Received response. Stream id: 0
I0519 23:12:38.773178     7 test_utils.cpp:280] Received response. Stream id: 0
I0519 23:12:38.773326     7 test_utils.cpp:280] Received response. Stream id: 0
I0519 23:12:38.773536     7 test_utils.cpp:280] Received response. Stream id: 0
I0519 23:12:38.773651     7 test_utils.cpp:280] Received response. Stream id: 0
I0519 23:12:38.773777     7 test_utils.cpp:280] Received response. Stream id: 0
I0519 23:12:38.773904     7 test_utils.cpp:280] Received response. Stream id: 0
I0519 23:12:38.774115     7 test_utils.cpp:280] Received response. Stream id: 0
I0519 23:12:38.774273     7 test_utils.cpp:280] Received response. Stream id: 0
I0519 23:12:38.774447     7 test_utils.cpp:280] Received response. Stream id: 0
I0519 23:12:38.774834     7 test_utils.cpp:280] Received response. Stream id: 0
I0519 23:12:38.774904     7 test_utils.cpp:280] Received response. Stream id: 0
I0519 23:12:38.774955     7 test_utils.cpp:280] Received response. Stream id: 0
I0519 23:12:38.774994     7 test_utils.cpp:280] Received response. Stream id: 0
I0519 23:12:38.775079     7 test_utils.cpp:280] Received response. Stream id: 0
I0519 23:12:38.775311     7 test_utils.cpp:280] Received response. Stream id: 0
I0519 23:12:38.775396     7 test_utils.cpp:280] Received response. Stream id: 0
I0519 23:12:38.775457     7 test_utils.cpp:280] Received response. Stream id: 0
I0519 23:12:38.775497     7 test_utils.cpp:280] Received response. Stream id: 0
I0519 23:12:38.775548     7 test_utils.cpp:280] Received response. Stream id: 0
I0519 23:12:38.775616     7 test_utils.cpp:280] Received response. Stream id: 0
I0519 23:12:38.775643     7 test_utils.cpp:280] Received response. Stream id: 0
I0519 23:12:38.775687     7 test_utils.cpp:280] Received response. Stream id: 0
I0519 23:12:38.775852     7 test_utils.cpp:280] Received response. Stream id: 0
I0519 23:12:38.775900     7 test_utils.cpp:280] Received response. Stream id: 0
I0519 23:12:38.775933     7 test_utils.cpp:280] Received response. Stream id: 0
I0519 23:12:38.775949     7 test_utils.cpp:280] Received response. Stream id: 0
I0519 23:12:38.775971     7 test_utils.cpp:280] Received response. Stream id: 0
I0519 23:12:38.776055     7 test_utils.cpp:280] Received response. Stream id: 0
I0519 23:12:38.776126     7 test_utils.cpp:280] Received response. Stream id: 0
I0519 23:12:38.776175     7 test_utils.cpp:280] Received response. Stream id: 0
I0519 23:12:38.776216     7 test_utils.cpp:280] Received response. Stream id: 0
I0519 23:12:38.776255     7 test_utils.cpp:280] Received response. Stream id: 0
I0519 23:12:38.776293     7 test_utils.cpp:280] Received response. Stream id: 0
I0519 23:12:38.776346     7 test_utils.cpp:280] Received response. Stream id: 0
I0519 23:12:38.776405     7 test_utils.cpp:280] Received response. Stream id: 0
I0519 23:12:38.776448     7 test_utils.cpp:280] Received response. Stream id: 0
I0519 23:12:38.776497     7 test_utils.cpp:280] Received response. Stream id: 0
I0519 23:12:38.776536     7 test_utils.cpp:280] Received response. Stream id: 0
I0519 23:12:38.776578     7 test_utils.cpp:280] Received response. Stream id: 0
I0519 23:12:38.776655     7 test_utils.cpp:280] Received response. Stream id: 0
I0519 23:12:38.776700     7 test_utils.cpp:280] Received response. Stream id: 0
I0519 23:12:38.776759     7 test_utils.cpp:280] Received response. Stream id: 0
I0519 23:12:38.776806     7 test_utils.cpp:280] Received response. Stream id: 0
I0519 23:12:38.776847     7 test_utils.cpp:280] Received response. Stream id: 0
I0519 23:12:38.776952     7 test_utils.cpp:280] Received response. Stream id: 0
I0519 23:12:38.777055     7 test_utils.cpp:280] Received response. Stream id: 0
I0519 23:12:38.777103     7 test_utils.cpp:280] Received response. Stream id: 0
I0519 23:12:38.777174     7 test_utils.cpp:280] Received response. Stream id: 0
I0519 23:12:38.777213     7 test_utils.cpp:280] Received response. Stream id: 0
I0519 23:12:38.777252     7 test_utils.cpp:280] Received response. Stream id: 0
I0519 23:12:38.777331     7 test_utils.cpp:280] Received response. Stream id: 0
I0519 23:12:38.777369     7 test_utils.cpp:280] Received response. Stream id: 0
I0519 23:12:38.777396     7 test_utils.cpp:280] Received response. Stream id: 0
I0519 23:12:38.777606     7 test_utils.cpp:280] Received response. Stream id: 0
I0519 23:12:38.777774     7 test_utils.cpp:280] Received response. Stream id: 0
I0519 23:12:38.777959     7 test_utils.cpp:280] Received response. Stream id: 0
I0519 23:12:38.777997     7 test_utils.cpp:280] Received response. Stream id: 0
I0519 23:12:38.778098     7 test_utils.cpp:280] Received response. Stream id: 0
I0519 23:12:38.778141     7 test_utils.cpp:280] Received response. Stream id: 0
I0519 23:12:38.778168     7 test_utils.cpp:280] Received response. Stream id: 0
I0519 23:12:38.778234     7 test_utils.cpp:280] Received response. Stream id: 0
I0519 23:12:38.778273     7 test_utils.cpp:280] Received response. Stream id: 0
I0519 23:12:38.778337     7 test_utils.cpp:280] Received response. Stream id: 0
I0519 23:12:38.778414     7 test_utils.cpp:280] Received response. Stream id: 0
I0519 23:12:38.778460     7 test_utils.cpp:280] Received response. Stream id: 0
I0519 23:12:38.778563     7 test_utils.cpp:280] Received response. Stream id: 0
I0519 23:12:38.778661     7 test_utils.cpp:280] Received response. Stream id: 0
I0519 23:12:38.778709     7 test_utils.cpp:280] Received response. Stream id: 0
I0519 23:12:38.778753     7 test_utils.cpp:280] Received response. Stream id: 0
I0519 23:12:38.778810     7 test_utils.cpp:280] Received response. Stream id: 0
I0519 23:12:38.778859     7 test_utils.cpp:280] Received response. Stream id: 0
I0519 23:12:38.778906     7 test_utils.cpp:280] Received response. Stream id: 0
I0519 23:12:38.778946     7 test_utils.cpp:280] Received response. Stream id: 0
I0519 23:12:38.778985     7 test_utils.cpp:280] Received response. Stream id: 0
I0519 23:12:38.779044     7 test_utils.cpp:280] Received response. Stream id: 0
I0519 23:12:38.779084     7 test_utils.cpp:280] Received response. Stream id: 0
I0519 23:12:38.779124     7 test_utils.cpp:280] Received response. Stream id: 0
I0519 23:12:38.779162     7 test_utils.cpp:280] Received response. Stream id: 0
I0519 23:12:38.779201     7 test_utils.cpp:280] Received response. Stream id: 0
I0519 23:12:38.779238     7 test_utils.cpp:280] Received response. Stream id: 0
I0519 23:12:38.779277     7 test_utils.cpp:280] Received response. Stream id: 0
I0519 23:12:38.779309     7 test_utils.cpp:280] Received response. Stream id: 0
I0519 23:12:38.779335     7 test_utils.cpp:280] Received response. Stream id: 0
I0519 23:12:38.779373     7 test_utils.cpp:280] Received response. Stream id: 0
I0519 23:12:38.779407     7 test_utils.cpp:280] Received response. Stream id: 0
I0519 23:12:38.779430     7 test_utils.cpp:280] Received response. Stream id: 0
I0519 23:12:38.779469     7 test_utils.cpp:280] Received response. Stream id: 0
I0519 23:12:38.779500     7 test_utils.cpp:280] Received response. Stream id: 0
I0519 23:12:38.779523     7 test_utils.cpp:280] Received response. Stream id: 0
I0519 23:12:38.779554     7 test_utils.cpp:280] Received response. Stream id: 0
I0519 23:12:38.779569     7 test_utils.cpp:280] Received response. Stream id: 0
I0519 23:12:38.779593     7 test_utils.cpp:280] Received response. Stream id: 0
I0519 23:12:38.779631     7 test_utils.cpp:280] Received response. Stream id: 0
I0519 23:12:38.779670     7 test_utils.cpp:280] Received response. Stream id: 0
I0519 23:12:38.779708     7 test_utils.cpp:280] Received response. Stream id: 0
I0519 23:12:38.779747     7 test_utils.cpp:280] Received response. Stream id: 0
I0519 23:12:38.779785     7 test_utils.cpp:280] Received response. Stream id: 0
I0519 23:12:38.779822     7 test_utils.cpp:280] Received response. Stream id: 0
I0519 23:12:38.779868     7 test_utils.cpp:280] Received response. Stream id: 0
I0519 23:12:38.779906     7 test_utils.cpp:280] Received response. Stream id: 0
I0519 23:12:38.779944     7 test_utils.cpp:280] Received response. Stream id: 0
I0519 23:12:38.779983     7 test_utils.cpp:280] Received response. Stream id: 0
I0519 23:12:38.780035     7 test_utils.cpp:280] Received response. Stream id: 0
I0519 23:12:38.780079     7 test_utils.cpp:280] Received response. Stream id: 0
I0519 23:12:38.780125     7 test_utils.cpp:280] Received response. Stream id: 0
I0519 23:12:38.780164     7 test_utils.cpp:280] Received response. Stream id: 0
I0519 23:12:38.780201     7 test_utils.cpp:280] Received response. Stream id: 0
I0519 23:12:38.780239     7 test_utils.cpp:280] Received response. Stream id: 0
I0519 23:12:38.780279     7 test_utils.cpp:280] Received response. Stream id: 0
I0519 23:12:38.780323     7 test_utils.cpp:280] Received response. Stream id: 0
I0519 23:12:38.780385     7 test_utils.cpp:280] Received response. Stream id: 0
I0519 23:12:38.780486     7 test_utils.cpp:280] Received response. Stream id: 0
I0519 23:12:38.780531     7 test_utils.cpp:280] Received response. Stream id: 0
I0519 23:12:38.780571     7 test_utils.cpp:280] Received response. Stream id: 0
I0519 23:12:38.780612     7 test_utils.cpp:280] Received response. Stream id: 0
I0519 23:12:38.780651     7 test_utils.cpp:280] Received response. Stream id: 0
I0519 23:12:38.780690     7 test_utils.cpp:280] Received response. Stream id: 0
I0519 23:12:38.780727     7 test_utils.cpp:280] Received response. Stream id: 0
I0519 23:12:38.780776     7 test_utils.cpp:280] Received response. Stream id: 0
I0519 23:12:38.780802     7 test_utils.cpp:280] Received response. Stream id: 0
I0519 23:12:38.780841     7 test_utils.cpp:280] Received response. Stream id: 0
I0519 23:12:38.780886     7 test_utils.cpp:280] Received response. Stream id: 0
I0519 23:12:38.780925     7 test_utils.cpp:280] Received response. Stream id: 0
I0519 23:12:38.780966     7 test_utils.cpp:280] Received response. Stream id: 0
I0519 23:12:38.781071     7 test_utils.cpp:280] Received response. Stream id: 0
I0519 23:12:38.781170     7 test_utils.cpp:280] Received response. Stream id: 0
I0519 23:12:38.781227     7 test_utils.cpp:280] Received response. Stream id: 0
I0519 23:12:38.781291     7 test_utils.cpp:280] Received response. Stream id: 0
I0519 23:12:38.781356     7 test_utils.cpp:280] Received response. Stream id: 0
I0519 23:12:38.781427     7 test_utils.cpp:280] Received response. Stream id: 0
I0519 23:12:38.781493     7 test_utils.cpp:280] Received response. Stream id: 0
I0519 23:12:38.781558     7 test_utils.cpp:280] Received response. Stream id: 0
I0519 23:12:38.781625     7 test_utils.cpp:280] Received response. Stream id: 0
I0519 23:12:38.781682     7 test_utils.cpp:280] Received response. Stream id: 0
I0519 23:12:38.781807     7 test_utils.cpp:280] Received response. Stream id: 0
I0519 23:12:38.781874     7 test_utils.cpp:280] Received response. Stream id: 0
I0519 23:12:38.781908     7 test_utils.cpp:280] Received response. Stream id: 0
I0519 23:12:38.781936     7 test_utils.cpp:280] Received response. Stream id: 0
I0519 23:12:38.781965     7 test_utils.cpp:280] Received response. Stream id: 0
I0519 23:12:38.781992     7 test_utils.cpp:280] Received response. Stream id: 0
I0519 23:12:38.782065     7 test_utils.cpp:280] Received response. Stream id: 0
I0519 23:12:38.782094     7 test_utils.cpp:280] Received response. Stream id: 0
I0519 23:12:38.782120     7 test_utils.cpp:280] Received response. Stream id: 0
I0519 23:12:38.782193     7 test_utils.cpp:280] Received response. Stream id: 0
I0519 23:12:38.782218     7 test_utils.cpp:280] Received response. Stream id: 0
I0519 23:12:38.782245     7 test_utils.cpp:280] Received response. Stream id: 0
I0519 23:12:38.782287     7 test_utils.cpp:280] Received response. Stream id: 0
I0519 23:12:38.782327     7 test_utils.cpp:280] Received response. Stream id: 0
I0519 23:12:38.782367     7 test_utils.cpp:280] Received response. Stream id: 0
I0519 23:12:38.782406     7 test_utils.cpp:280] Received response. Stream id: 0
I0519 23:12:38.782445     7 test_utils.cpp:280] Received response. Stream id: 0
I0519 23:12:38.782485     7 test_utils.cpp:280] Received response. Stream id: 0
I0519 23:12:38.782522     7 test_utils.cpp:280] Received response. Stream id: 0
I0519 23:12:38.782562     7 test_utils.cpp:280] Received response. Stream id: 0
I0519 23:12:38.782600     7 test_utils.cpp:280] Received response. Stream id: 0
I0519 23:12:38.782637     7 test_utils.cpp:280] Received response. Stream id: 0
I0519 23:12:38.782675     7 test_utils.cpp:280] Received response. Stream id: 0
I0519 23:12:38.782832     7 test_utils.cpp:280] Received response. Stream id: 0
I0519 23:12:38.782898     7 test_utils.cpp:280] Received response. Stream id: 0
I0519 23:12:38.782953     7 test_utils.cpp:280] Received response. Stream id: 0
I0519 23:12:38.783042     7 test_utils.cpp:280] Received response. Stream id: 0
I0519 23:12:38.783109     7 test_utils.cpp:280] Received response. Stream id: 0
I0519 23:12:38.783143     7 test_utils.cpp:280] Received response. Stream id: 0
I0519 23:12:38.783183     7 test_utils.cpp:280] Received response. Stream id: 0
I0519 23:12:38.783231     7 test_utils.cpp:280] Received response. Stream id: 0
I0519 23:12:38.783262     7 test_utils.cpp:280] Received response. Stream id: 0
I0519 23:12:38.783294     7 test_utils.cpp:280] Received response. Stream id: 0
I0519 23:12:38.783319     7 test_utils.cpp:280] Received response. Stream id: 0
I0519 23:12:38.783358     7 test_utils.cpp:280] Received response. Stream id: 0
I0519 23:12:38.783396     7 test_utils.cpp:280] Received response. Stream id: 0
I0519 23:12:38.783460     7 test_utils.cpp:280] Received response. Stream id: 0
I0519 23:12:38.783499     7 test_utils.cpp:280] Received response. Stream id: 0
I0519 23:12:38.783537     7 test_utils.cpp:280] Received response. Stream id: 0
I0519 23:12:38.783576     7 test_utils.cpp:280] Received response. Stream id: 0
I0519 23:12:38.783622     7 test_utils.cpp:280] Received response. Stream id: 0
I0519 23:12:38.783661     7 test_utils.cpp:280] Received response. Stream id: 0
I0519 23:12:38.783700     7 test_utils.cpp:280] Received response. Stream id: 0
I0519 23:12:38.783732     7 test_utils.cpp:280] Received response. Stream id: 0
I0519 23:12:38.783771     7 test_utils.cpp:280] Received response. Stream id: 0
I0519 23:12:38.783828     7 test_utils.cpp:280] Received response. Stream id: 0
I0519 23:12:38.783903     7 test_utils.cpp:280] Received response. Stream id: 0
I0519 23:12:38.783962     7 test_utils.cpp:280] Received response. Stream id: 0
I0519 23:12:38.783995     7 test_utils.cpp:280] Received response. Stream id: 0
I0519 23:12:38.784054     7 test_utils.cpp:280] Received response. Stream id: 0
I0519 23:12:38.784094     7 test_utils.cpp:280] Received response. Stream id: 0
I0519 23:12:38.784148     7 test_utils.cpp:280] Received response. Stream id: 0
I0519 23:12:38.784214     7 test_utils.cpp:280] Received response. Stream id: 0
I0519 23:12:38.784255     7 test_utils.cpp:280] Received response. Stream id: 0
I0519 23:12:38.784294     7 test_utils.cpp:280] Received response. Stream id: 0
I0519 23:12:38.784332     7 test_utils.cpp:280] Received response. Stream id: 0
I0519 23:12:38.784363     7 test_utils.cpp:280] Received response. Stream id: 0
I0519 23:12:38.784390     7 test_utils.cpp:280] Received response. Stream id: 0
I0519 23:12:38.784413     7 test_utils.cpp:280] Received response. Stream id: 0
I0519 23:12:38.784432     7 test_utils.cpp:280] Received response. Stream id: 0
I0519 23:12:38.784541     7 test_utils.cpp:280] Received response. Stream id: 0
I0519 23:12:38.784574     7 test_utils.cpp:280] Received response. Stream id: 0
I0519 23:12:38.784616     7 test_utils.cpp:280] Received response. Stream id: 0
I0519 23:12:38.784636     7 test_utils.cpp:280] Received response. Stream id: 0
I0519 23:12:38.784713     7 test_utils.cpp:280] Received response. Stream id: 0
I0519 23:12:38.784734     7 test_utils.cpp:280] Received response. Stream id: 0
I0519 23:12:38.784761     7 test_utils.cpp:280] Received response. Stream id: 0
I0519 23:12:38.784884     7 test_utils.cpp:280] Received response. Stream id: 0
I0519 23:12:38.785193     7 test_utils.cpp:280] Received response. Stream id: 0
I0519 23:12:38.785332     7 test_utils.cpp:280] Received response. Stream id: 0
I0519 23:12:38.785382     7 test_utils.cpp:280] Received response. Stream id: 0
I0519 23:12:38.785508     7 test_utils.cpp:280] Received response. Stream id: 0
I0519 23:12:38.785601     7 test_utils.cpp:280] Received response. Stream id: 0
I0519 23:12:38.785668     7 test_utils.cpp:280] Received response. Stream id: 0
I0519 23:12:38.785701     7 test_utils.cpp:280] Received response. Stream id: 0
I0519 23:12:38.785735     7 test_utils.cpp:280] Received response. Stream id: 0
I0519 23:12:38.785813     7 test_utils.cpp:280] Received response. Stream id: 0
I0519 23:12:38.785862     7 test_utils.cpp:280] Received response. Stream id: 0
I0519 23:12:38.785904     7 test_utils.cpp:280] Received response. Stream id: 0
I0519 23:12:38.785956     7 test_utils.cpp:280] Received response. Stream id: 0
I0519 23:12:38.785989     7 test_utils.cpp:280] Received response. Stream id: 0
I0519 23:12:38.786027     7 test_utils.cpp:280] Received response. Stream id: 0
I0519 23:12:38.786048     7 test_utils.cpp:280] Received response. Stream id: 0
I0519 23:12:38.786064     7 test_utils.cpp:280] Received response. Stream id: 0
I0519 23:12:38.786083     7 test_utils.cpp:280] Received response. Stream id: 0
I0519 23:12:38.786099     7 test_utils.cpp:280] Received response. Stream id: 0
I0519 23:12:38.786114     7 test_utils.cpp:280] Received response. Stream id: 0
I0519 23:12:38.786137     7 test_utils.cpp:280] Received response. Stream id: 0
I0519 23:12:38.786172     7 test_utils.cpp:280] Received response. Stream id: 0
I0519 23:12:38.786212     7 test_utils.cpp:280] Received response. Stream id: 0
I0519 23:12:38.786233     7 test_utils.cpp:280] Received response. Stream id: 0
I0519 23:12:38.786259     7 test_utils.cpp:280] Received response. Stream id: 0
I0519 23:12:38.786274     7 test_utils.cpp:280] Received response. Stream id: 0
I0519 23:12:38.786293     7 test_utils.cpp:280] Received response. Stream id: 0
I0519 23:12:38.786319     7 test_utils.cpp:280] Received response. Stream id: 0
I0519 23:12:38.786334     7 test_utils.cpp:280] Received response. Stream id: 0
I0519 23:12:38.786355     7 test_utils.cpp:280] Received response. Stream id: 0
I0519 23:12:38.786369     7 test_utils.cpp:280] Received response. Stream id: 0
I0519 23:12:38.786384     7 test_utils.cpp:280] Received response. Stream id: 0
I0519 23:12:38.786419     7 test_utils.cpp:280] Received response. Stream id: 0
I0519 23:12:38.786464     7 test_utils.cpp:280] Received response. Stream id: 0
I0519 23:12:38.786499     7 test_utils.cpp:280] Received response. Stream id: 0
I0519 23:12:38.786514     7 test_utils.cpp:280] Received response. Stream id: 0
I0519 23:12:38.786530     7 test_utils.cpp:280] Received response. Stream id: 0
I0519 23:12:38.786549     7 test_utils.cpp:280] Received response. Stream id: 0
I0519 23:12:38.786567     7 test_utils.cpp:280] Received response. Stream id: 0
I0519 23:12:38.786582     7 test_utils.cpp:280] Received response. Stream id: 0
I0519 23:12:38.786597     7 test_utils.cpp:280] Received response. Stream id: 0
I0519 23:12:38.786623     7 test_utils.cpp:280] Received response. Stream id: 0
I0519 23:12:38.786638     7 test_utils.cpp:280] Received response. Stream id: 0
I0519 23:12:38.786655     7 test_utils.cpp:280] Received response. Stream id: 0
I0519 23:12:38.786674     7 test_utils.cpp:280] Received response. Stream id: 0
I0519 23:12:38.786689     7 test_utils.cpp:280] Received response. Stream id: 0
I0519 23:12:38.786705     7 test_utils.cpp:280] Received response. Stream id: 0
I0519 23:12:38.786725     7 test_utils.cpp:280] Received response. Stream id: 0
I0519 23:12:38.786741     7 test_utils.cpp:280] Received response. Stream id: 0
I0519 23:12:38.787467     7 test_utils.cpp:280] Received response. Stream id: 0
I0519 23:12:38.787496     7 test_utils.cpp:280] Received response. Stream id: 0
I0519 23:12:38.787513     7 test_utils.cpp:280] Received response. Stream id: 0
I0519 23:12:38.787528     7 test_utils.cpp:280] Received response. Stream id: 0
I0519 23:12:38.787580     7 test_utils.cpp:280] Received response. Stream id: 0
I0519 23:12:38.787601     7 test_utils.cpp:280] Received response. Stream id: 0
I0519 23:12:38.787613     7 test_utils.cpp:280] Received response. Stream id: 0
I0519 23:12:38.787623     7 test_utils.cpp:280] Received response. Stream id: 0
I0519 23:12:38.787633     7 test_utils.cpp:280] Received response. Stream id: 0
I0519 23:12:38.787643     7 test_utils.cpp:280] Received response. Stream id: 0
I0519 23:12:38.787654     7 test_utils.cpp:280] Received response. Stream id: 0
I0519 23:12:38.787957     7 test_utils.cpp:280] Received response. Stream id: 0
I0519 23:12:38.788021     7 test_utils.cpp:280] Received response. Stream id: 0
I0519 23:12:38.788040     7 test_utils.cpp:280] Received response. Stream id: 0
I0519 23:12:38.788056     7 test_utils.cpp:280] Received response. Stream id: 0
I0519 23:12:38.788070     7 test_utils.cpp:280] Received response. Stream id: 0
I0519 23:12:38.788086     7 test_utils.cpp:280] Received response. Stream id: 0
I0519 23:12:38.788101     7 test_utils.cpp:280] Received response. Stream id: 0
I0519 23:12:38.788115     7 test_utils.cpp:280] Received response. Stream id: 0
I0519 23:12:38.788130     7 test_utils.cpp:280] Received response. Stream id: 0
I0519 23:12:38.788146     7 test_utils.cpp:280] Received response. Stream id: 0
I0519 23:12:38.788262     7 test_utils.cpp:280] Received response. Stream id: 0
I0519 23:12:38.788286     7 test_utils.cpp:280] Received response. Stream id: 0
I0519 23:12:38.788304     7 test_utils.cpp:280] Received response. Stream id: 0
I0519 23:12:38.788353     7 test_utils.cpp:280] Received response. Stream id: 0
I0519 23:12:38.788440     7 test_utils.cpp:280] Received response. Stream id: 0
I0519 23:12:38.788460     7 test_utils.cpp:280] Received response. Stream id: 0
I0519 23:12:38.788475     7 test_utils.cpp:280] Received response. Stream id: 0
I0519 23:12:38.788518     7 test_utils.cpp:280] Received response. Stream id: 0
I0519 23:12:38.788537     7 test_utils.cpp:280] Received response. Stream id: 0
I0519 23:12:38.788553     7 test_utils.cpp:280] Received response. Stream id: 0
I0519 23:12:38.788717     7 test_utils.cpp:280] Received response. Stream id: 0
I0519 23:12:38.788738     7 test_utils.cpp:280] Received response. Stream id: 0
I0519 23:12:38.788748     7 test_utils.cpp:280] Received response. Stream id: 0
I0519 23:12:38.788758     7 test_utils.cpp:280] Received response. Stream id: 0
I0519 23:12:38.788769     7 test_utils.cpp:280] Received response. Stream id: 0
I0519 23:12:38.788779     7 test_utils.cpp:280] Received response. Stream id: 0
I0519 23:12:38.788794     7 test_utils.cpp:280] Received response. Stream id: 0
I0519 23:12:38.788805     7 test_utils.cpp:280] Received response. Stream id: 0
I0519 23:12:38.788813     7 test_utils.cpp:280] Received response. Stream id: 0
I0519 23:12:38.788827     7 test_utils.cpp:280] Received response. Stream id: 0
I0519 23:12:38.788837     7 test_utils.cpp:280] Received response. Stream id: 0
I0519 23:12:38.788888     7 test_utils.cpp:280] Received response. Stream id: 0
I0519 23:12:38.788923     7 test_utils.cpp:280] Received response. Stream id: 0
I0519 23:12:38.788932     7 test_utils.cpp:280] Received response. Stream id: 0
I0519 23:12:38.788942     7 test_utils.cpp:280] Received response. Stream id: 0
I0519 23:12:38.788952     7 test_utils.cpp:280] Received response. Stream id: 0
I0519 23:12:38.788965     7 test_utils.cpp:280] Received response. Stream id: 0
I0519 23:12:38.788975     7 test_utils.cpp:280] Received response. Stream id: 0
I0519 23:12:38.788985     7 test_utils.cpp:280] Received response. Stream id: 0
I0519 23:12:38.788995     7 test_utils.cpp:280] Received response. Stream id: 0
I0519 23:12:38.789036     7 test_utils.cpp:280] Received response. Stream id: 0
I0519 23:12:38.789099     7 test_utils.cpp:280] Received response. Stream id: 0
I0519 23:12:38.789113     7 test_utils.cpp:280] Received response. Stream id: 0
I0519 23:12:38.789124     7 test_utils.cpp:280] Received response. Stream id: 0
I0519 23:12:38.789175     7 test_utils.cpp:280] Received response. Stream id: 0
I0519 23:12:38.789189     7 test_utils.cpp:280] Received response. Stream id: 0
I0519 23:12:38.789199     7 test_utils.cpp:280] Received response. Stream id: 0
I0519 23:12:38.789208     7 test_utils.cpp:280] Received response. Stream id: 0
I0519 23:12:38.789218     7 test_utils.cpp:280] Received response. Stream id: 0
I0519 23:12:38.789228     7 test_utils.cpp:280] Received response. Stream id: 0
I0519 23:12:38.789239     7 test_utils.cpp:280] Received response. Stream id: 0
I0519 23:12:38.789252     7 test_utils.cpp:280] Received response. Stream id: 0
I0519 23:12:38.789261     7 test_utils.cpp:280] Received response. Stream id: 0
I0519 23:12:38.790228     7 test_utils.cpp:280] Received response. Stream id: 0
I0519 23:12:38.790257     7 test_utils.cpp:280] Received response. Stream id: 0
I0519 23:12:38.790351     7 test_utils.cpp:280] Received response. Stream id: 0
I0519 23:12:38.790370     7 test_utils.cpp:280] Received response. Stream id: 0
I0519 23:12:38.790386     7 test_utils.cpp:280] Received response. Stream id: 0
I0519 23:12:38.790402     7 test_utils.cpp:280] Received response. Stream id: 0
I0519 23:12:38.790419     7 test_utils.cpp:280] Received response. Stream id: 0
I0519 23:12:38.790562     7 test_utils.cpp:280] Received response. Stream id: 0
I0519 23:12:38.790700     7 test_utils.cpp:280] Received response. Stream id: 0
I0519 23:12:38.790729     7 test_utils.cpp:280] Received response. Stream id: 0
I0519 23:12:38.790745     7 test_utils.cpp:280] Received response. Stream id: 0
I0519 23:12:38.790760     7 test_utils.cpp:280] Received response. Stream id: 0
I0519 23:12:38.790778     7 test_utils.cpp:280] Received response. Stream id: 0
I0519 23:12:38.790803     7 test_utils.cpp:280] Received response. Stream id: 0
I0519 23:12:38.790822     7 test_utils.cpp:280] Received response. Stream id: 0
I0519 23:12:38.790839     7 test_utils.cpp:280] Received response. Stream id: 0
I0519 23:12:38.790854     7 test_utils.cpp:280] Received response. Stream id: 0
I0519 23:12:38.790880     7 test_utils.cpp:280] Received response. Stream id: 0
I0519 23:12:38.790896     7 test_utils.cpp:280] Received response. Stream id: 0
I0519 23:12:38.790921     7 test_utils.cpp:280] Received response. Stream id: 0
I0519 23:12:38.790952     7 test_utils.cpp:280] Received response. Stream id: 0
I0519 23:12:38.790969     7 test_utils.cpp:280] Received response. Stream id: 0
I0519 23:12:38.790984     7 test_utils.cpp:280] Received response. Stream id: 0
I0519 23:12:38.790999     7 test_utils.cpp:280] Received response. Stream id: 0
I0519 23:12:38.791034     7 test_utils.cpp:280] Received response. Stream id: 0
I0519 23:12:38.791050     7 test_utils.cpp:280] Received response. Stream id: 0
I0519 23:12:38.791100     7 test_utils.cpp:280] Received response. Stream id: 0
I0519 23:12:38.791117     7 test_utils.cpp:280] Received response. Stream id: 0
I0519 23:12:38.791131     7 test_utils.cpp:280] Received response. Stream id: 0
I0519 23:12:38.791148     7 test_utils.cpp:280] Received response. Stream id: 0
I0519 23:12:38.791163     7 test_utils.cpp:280] Received response. Stream id: 0
I0519 23:12:38.791178     7 test_utils.cpp:280] Received response. Stream id: 0
I0519 23:12:38.791194     7 test_utils.cpp:280] Received response. Stream id: 0
I0519 23:12:38.791208     7 test_utils.cpp:280] Received response. Stream id: 0
I0519 23:12:38.791224     7 test_utils.cpp:280] Received response. Stream id: 0
I0519 23:12:38.791239     7 test_utils.cpp:280] Received response. Stream id: 0
I0519 23:12:38.791253     7 test_utils.cpp:280] Received response. Stream id: 0
I0519 23:12:38.791268     7 test_utils.cpp:280] Received response. Stream id: 0
I0519 23:12:38.791282     7 test_utils.cpp:280] Received response. Stream id: 0
I0519 23:12:38.791296     7 test_utils.cpp:280] Received response. Stream id: 0
I0519 23:12:38.791311     7 test_utils.cpp:280] Received response. Stream id: 0
I0519 23:12:38.791325     7 test_utils.cpp:280] Received response. Stream id: 0
I0519 23:12:38.791339     7 test_utils.cpp:280] Received response. Stream id: 0
I0519 23:12:38.791359     7 test_utils.cpp:280] Received response. Stream id: 0
I0519 23:12:38.791378     7 test_utils.cpp:280] Received response. Stream id: 0
I0519 23:12:38.791397     7 test_utils.cpp:280] Received response. Stream id: 0
I0519 23:12:38.791424     7 test_utils.cpp:280] Received response. Stream id: 0
I0519 23:12:38.791447     7 test_utils.cpp:280] Received response. Stream id: 0
I0519 23:12:38.791461     7 test_utils.cpp:280] Received response. Stream id: 0
I0519 23:12:38.791476     7 test_utils.cpp:280] Received response. Stream id: 0
I0519 23:12:38.791491     7 test_utils.cpp:280] Received response. Stream id: 0
I0519 23:12:38.791507     7 test_utils.cpp:280] Received response. Stream id: 0
I0519 23:12:38.791520     7 test_utils.cpp:280] Received response. Stream id: 0
I0519 23:12:38.791534     7 test_utils.cpp:280] Received response. Stream id: 0
I0519 23:12:38.791549     7 test_utils.cpp:280] Received response. Stream id: 0
I0519 23:12:38.791563     7 test_utils.cpp:280] Received response. Stream id: 0
I0519 23:12:38.791579     7 test_utils.cpp:280] Received response. Stream id: 0
I0519 23:12:38.791594     7 test_utils.cpp:280] Received response. Stream id: 0
I0519 23:12:38.791612     7 test_utils.cpp:280] Received response. Stream id: 0
I0519 23:12:38.791631     7 test_utils.cpp:280] Received response. Stream id: 0
I0519 23:12:38.791702     7 test_utils.cpp:280] Received response. Stream id: 0
I0519 23:12:38.791718     7 test_utils.cpp:280] Received response. Stream id: 0
I0519 23:12:38.791734     7 test_utils.cpp:280] Received response. Stream id: 0
I0519 23:12:38.791749     7 test_utils.cpp:280] Received response. Stream id: 0
I0519 23:12:38.791764     7 test_utils.cpp:280] Received response. Stream id: 0
I0519 23:12:38.791781     7 test_utils.cpp:280] Received response. Stream id: 0
I0519 23:12:38.791796     7 test_utils.cpp:280] Received response. Stream id: 0
I0519 23:12:38.791864     7 test_utils.cpp:280] Received response. Stream id: 0
I0519 23:12:38.791884     7 test_utils.cpp:280] Received response. Stream id: 0
I0519 23:12:38.791905     7 test_utils.cpp:280] Received response. Stream id: 0
I0519 23:12:38.791920     7 test_utils.cpp:280] Received response. Stream id: 0
I0519 23:12:38.791949     7 test_utils.cpp:280] Received response. Stream id: 0
I0519 23:12:38.791965     7 test_utils.cpp:280] Received response. Stream id: 0
I0519 23:12:38.791989     7 test_utils.cpp:280] Received response. Stream id: 0
I0519 23:12:38.792034     7 test_utils.cpp:280] Received response. Stream id: 0
I0519 23:12:38.792062     7 test_utils.cpp:280] Received response. Stream id: 0
I0519 23:12:38.792240     7 test_utils.cpp:280] Received response. Stream id: 0
I0519 23:12:39.299646     7 module.cpp:19] MultiHomeOrderer - thread stopped
I0519 23:12:39.302621     7 module.cpp:19] Paxos-8 - thread stopped
I0519 23:12:39.308367     7 module.cpp:19] Scheduler - thread stopped
I0519 23:12:39.310427     7 module.cpp:19] Worker-45 - thread stopped
I0519 23:12:39.314790     7 module.cpp:19] Worker-46 - thread stopped
I0519 23:12:39.316294     7 module.cpp:19] Worker-47 - thread stopped
I0519 23:12:39.322640     7 module.cpp:19] DeadlockResolver - thread stopped
I0519 23:12:39.326296     7 module.cpp:19] LogManager - thread stopped
I0519 23:12:39.332579     7 module.cpp:19] Sequencer - thread stopped
I0519 23:12:39.334326     7 module.cpp:19] Batcher - thread stopped
I0519 23:12:39.335208     7 module.cpp:19] Forwarder - thread stopped
I0519 23:12:39.341465     7 module.cpp:19] Server - thread stopped
I0519 23:12:39.348340     7 module.cpp:19] Broker - thread stopped
I0519 23:12:39.354964     7 module.cpp:19] Broker - thread stopped
[       OK ] AllProtocols/ConsistencySingleRegionTest.RunsConsistentWorkload/Detock (6029 ms)
[----------] 1 test from AllProtocols/ConsistencySingleRegionTest (6029 ms total)

[----------] Global test environment tear-down
[==========] 1 test from 1 test suite ran. (6030 ms total)
[  PASSED  ] 1 test.
