Running main() from /src/build/_deps/googletest-src/googletest/src/gtest_main.cc
Note: Google Test filter = AllProtocols/ConsistencySingleRegionTest.RunsConsistentWorkload/Janus
[==========] Running 1 test from 1 test suite.
[----------] Global test environment set-up.
[----------] 1 test from AllProtocols/ConsistencySingleRegionTest
[ RUN      ] AllProtocols/ConsistencySingleRegionTest.RunsConsistentWorkload/Janus
WARNING: Logging before InitGoogleLogging() is written to STDERR
I0519 23:16:31.820897     7 load_tables.cpp:415] Generating ~1 warehouses using 1 threads. 
I0519 23:16:31.820997     7 load_tables.cpp:52] Loading 100000 items for each of 1 representative warehouses
I0519 23:16:31.923079     7 load_tables.cpp:90] Total Item table size: 18311120
I0519 23:16:32.697017    10 load_tables.cpp:39] Total table sizes:
I0519 23:16:32.697036    10 load_tables.cpp:40] Total Warehouse table size: 200
I0519 23:16:32.697037    10 load_tables.cpp:41] Total Stock table size: 53379840
I0519 23:16:32.697038    10 load_tables.cpp:42] Total District table size: 2042
I0519 23:16:32.697038    10 load_tables.cpp:43] Total Customer table size: 25411946
I0519 23:16:32.697039    10 load_tables.cpp:44] Total History table size: 25411946
I0519 23:16:32.697041    10 load_tables.cpp:45] Total Order table size: 2641980
I0519 23:16:32.697041    10 load_tables.cpp:46] Total New Order table size: 820080
I0519 23:16:32.697041    10 load_tables.cpp:47] Total Order Line table size: 27658200
I0519 23:16:36.930213    13 broker.cpp:54] Binding a broker thread to "ipc:///tmp/test_e2e_tpcc0:0"
I0519 23:16:36.930527    14 broker.cpp:54] Binding a broker thread to "ipc:///tmp/test_e2e_tpcc0:1"
I0519 23:16:36.931130    15 server.cpp:72] Bound Server to: tcp://*:29451
I0519 23:16:36.933919    17 networked_module.cpp:75] Bound Acceptor to "ipc:///tmp/test_e2e_tpcc0:3"
I0519 23:16:36.934695    16 networked_module.cpp:75] Bound Coordinator to "ipc:///tmp/test_e2e_tpcc0:2"
I0519 23:16:36.954444     7 test_utils.cpp:347] Received response. Stream id: 0
I0519 23:16:36.954641     7 test_utils.cpp:347] Received response. Stream id: 0
I0519 23:16:36.954698     7 test_utils.cpp:347] Received response. Stream id: 0
I0519 23:16:36.954738     7 test_utils.cpp:347] Received response. Stream id: 0
I0519 23:16:36.954763     7 test_utils.cpp:347] Received response. Stream id: 0
I0519 23:16:36.954795     7 test_utils.cpp:347] Received response. Stream id: 0
I0519 23:16:36.954818     7 test_utils.cpp:347] Received response. Stream id: 0
I0519 23:16:36.954864     7 test_utils.cpp:347] Received response. Stream id: 0
I0519 23:16:36.954893     7 test_utils.cpp:347] Received response. Stream id: 0
I0519 23:16:36.954934     7 test_utils.cpp:347] Received response. Stream id: 0
I0519 23:16:36.954960     7 test_utils.cpp:347] Received response. Stream id: 0
I0519 23:16:36.954974     7 test_utils.cpp:347] Received response. Stream id: 0
I0519 23:16:36.954986     7 test_utils.cpp:347] Received response. Stream id: 0
I0519 23:16:36.954999     7 test_utils.cpp:347] Received response. Stream id: 0
I0519 23:16:36.955021     7 test_utils.cpp:347] Received response. Stream id: 0
I0519 23:16:36.955062     7 test_utils.cpp:347] Received response. Stream id: 0
I0519 23:16:36.955123     7 test_utils.cpp:347] Received response. Stream id: 0
I0519 23:16:36.955163     7 test_utils.cpp:347] Received response. Stream id: 0
I0519 23:16:36.955191     7 test_utils.cpp:347] Received response. Stream id: 0
I0519 23:16:36.955205     7 test_utils.cpp:347] Received response. Stream id: 0
I0519 23:16:36.955232     7 test_utils.cpp:347] Received response. Stream id: 0
I0519 23:16:36.955263     7 test_utils.cpp:347] Received response. Stream id: 0
I0519 23:16:36.955276     7 test_utils.cpp:347] Received response. Stream id: 0
I0519 23:16:36.955288     7 test_utils.cpp:347] Received response. Stream id: 0
I0519 23:16:36.955307     7 test_utils.cpp:347] Received response. Stream id: 0
I0519 23:16:36.955336     7 test_utils.cpp:347] Received response. Stream id: 0
I0519 23:16:36.955348     7 test_utils.cpp:347] Received response. Stream id: 0
I0519 23:16:36.955361     7 test_utils.cpp:347] Received response. Stream id: 0
I0519 23:16:36.955374     7 test_utils.cpp:347] Received response. Stream id: 0
I0519 23:16:36.955392     7 test_utils.cpp:347] Received response. Stream id: 0
I0519 23:16:36.955413     7 test_utils.cpp:347] Received response. Stream id: 0
I0519 23:16:36.955457     7 test_utils.cpp:347] Received response. Stream id: 0
I0519 23:16:36.955502     7 test_utils.cpp:347] Received response. Stream id: 0
I0519 23:16:36.955543     7 test_utils.cpp:347] Received response. Stream id: 0
I0519 23:16:36.955562     7 test_utils.cpp:347] Received response. Stream id: 0
I0519 23:16:36.955585     7 test_utils.cpp:347] Received response. Stream id: 0
I0519 23:16:36.955621     7 test_utils.cpp:347] Received response. Stream id: 0
I0519 23:16:36.955648     7 test_utils.cpp:347] Received response. Stream id: 0
I0519 23:16:36.955670     7 test_utils.cpp:347] Received response. Stream id: 0
I0519 23:16:36.955716     7 test_utils.cpp:347] Received response. Stream id: 0
I0519 23:16:36.955756     7 test_utils.cpp:347] Received response. Stream id: 0
I0519 23:16:36.955780     7 test_utils.cpp:347] Received response. Stream id: 0
I0519 23:16:36.955802     7 test_utils.cpp:347] Received response. Stream id: 0
I0519 23:16:36.955829     7 test_utils.cpp:347] Received response. Stream id: 0
I0519 23:16:36.955842     7 test_utils.cpp:347] Received response. Stream id: 0
I0519 23:16:36.955862     7 test_utils.cpp:347] Received response. Stream id: 0
I0519 23:16:36.955889     7 test_utils.cpp:347] Received response. Stream id: 0
I0519 23:16:36.955909     7 test_utils.cpp:347] Received response. Stream id: 0
I0519 23:16:36.955945     7 test_utils.cpp:347] Received response. Stream id: 0
I0519 23:16:36.956743     7 test_utils.cpp:347] Received response. Stream id: 0
I0519 23:16:36.956916     7 test_utils.cpp:347] Received response. Stream id: 0
I0519 23:16:36.957018     7 test_utils.cpp:347] Received response. Stream id: 0
I0519 23:16:36.957540     7 test_utils.cpp:347] Received response. Stream id: 0
I0519 23:16:36.957795     7 test_utils.cpp:347] Received response. Stream id: 0
I0519 23:16:36.958014     7 test_utils.cpp:347] Received response. Stream id: 0
I0519 23:16:36.958227     7 test_utils.cpp:347] Received response. Stream id: 0
I0519 23:16:36.958333     7 test_utils.cpp:347] Received response. Stream id: 0
I0519 23:16:36.958374     7 test_utils.cpp:347] Received response. Stream id: 0
I0519 23:16:36.958401     7 test_utils.cpp:347] Received response. Stream id: 0
I0519 23:16:36.958439     7 test_utils.cpp:347] Received response. Stream id: 0
I0519 23:16:36.958477     7 test_utils.cpp:347] Received response. Stream id: 0
I0519 23:16:36.958511     7 test_utils.cpp:347] Received response. Stream id: 0
I0519 23:16:36.958544     7 test_utils.cpp:347] Received response. Stream id: 0
I0519 23:16:36.958570     7 test_utils.cpp:347] Received response. Stream id: 0
I0519 23:16:36.958613     7 test_utils.cpp:347] Received response. Stream id: 0
I0519 23:16:36.958652     7 test_utils.cpp:347] Received response. Stream id: 0
I0519 23:16:36.958694     7 test_utils.cpp:347] Received response. Stream id: 0
I0519 23:16:36.958742     7 test_utils.cpp:347] Received response. Stream id: 0
I0519 23:16:36.963413     7 test_utils.cpp:347] Received response. Stream id: 0
I0519 23:16:36.963451     7 test_utils.cpp:347] Received response. Stream id: 0
I0519 23:16:36.963487     7 test_utils.cpp:347] Received response. Stream id: 0
I0519 23:16:36.963529     7 test_utils.cpp:347] Received response. Stream id: 0
I0519 23:16:36.963555     7 test_utils.cpp:347] Received response. Stream id: 0
I0519 23:16:36.963567     7 test_utils.cpp:347] Received response. Stream id: 0
I0519 23:16:36.963579     7 test_utils.cpp:347] Received response. Stream id: 0
I0519 23:16:36.963598     7 test_utils.cpp:347] Received response. Stream id: 0
I0519 23:16:36.963630     7 test_utils.cpp:347] Received response. Stream id: 0
I0519 23:16:36.963667     7 test_utils.cpp:347] Received response. Stream id: 0
I0519 23:16:36.963703     7 test_utils.cpp:347] Received response. Stream id: 0
I0519 23:16:36.963732     7 test_utils.cpp:347] Received response. Stream id: 0
I0519 23:16:36.963757     7 test_utils.cpp:347] Received response. Stream id: 0
I0519 23:16:36.963795     7 test_utils.cpp:347] Received response. Stream id: 0
I0519 23:16:36.963845     7 test_utils.cpp:347] Received response. Stream id: 0
I0519 23:16:36.963889     7 test_utils.cpp:347] Received response. Stream id: 0
I0519 23:16:36.963913     7 test_utils.cpp:347] Received response. Stream id: 0
I0519 23:16:36.963924     7 test_utils.cpp:347] Received response. Stream id: 0
I0519 23:16:36.963954     7 test_utils.cpp:347] Received response. Stream id: 0
I0519 23:16:36.963989     7 test_utils.cpp:347] Received response. Stream id: 0
I0519 23:16:36.964008     7 test_utils.cpp:347] Received response. Stream id: 0
I0519 23:16:36.964038     7 test_utils.cpp:347] Received response. Stream id: 0
I0519 23:16:36.964062     7 test_utils.cpp:347] Received response. Stream id: 0
I0519 23:16:36.964087     7 test_utils.cpp:347] Received response. Stream id: 0
I0519 23:16:36.964105     7 test_utils.cpp:347] Received response. Stream id: 0
I0519 23:16:36.964134     7 test_utils.cpp:347] Received response. Stream id: 0
I0519 23:16:36.964165     7 test_utils.cpp:347] Received response. Stream id: 0
I0519 23:16:36.964192     7 test_utils.cpp:347] Received response. Stream id: 0
I0519 23:16:36.964210     7 test_utils.cpp:347] Received response. Stream id: 0
I0519 23:16:36.964244     7 test_utils.cpp:347] Received response. Stream id: 0
I0519 23:16:36.964269     7 test_utils.cpp:347] Received response. Stream id: 0
I0519 23:16:36.964282     7 test_utils.cpp:347] Received response. Stream id: 0
I0519 23:16:36.964293     7 test_utils.cpp:347] Received response. Stream id: 0
I0519 23:16:36.964309     7 test_utils.cpp:347] Received response. Stream id: 0
I0519 23:16:36.964331     7 test_utils.cpp:347] Received response. Stream id: 0
I0519 23:16:36.964349     7 test_utils.cpp:347] Received response. Stream id: 0
I0519 23:16:36.964372     7 test_utils.cpp:347] Received response. Stream id: 0
I0519 23:16:36.964402     7 test_utils.cpp:347] Received response. Stream id: 0
I0519 23:16:36.964430     7 test_utils.cpp:347] Received response. Stream id: 0
I0519 23:16:36.964460     7 test_utils.cpp:347] Received response. Stream id: 0
I0519 23:16:36.964483     7 test_utils.cpp:347] Received response. Stream id: 0
I0519 23:16:36.964532     7 test_utils.cpp:347] Received response. Stream id: 0
I0519 23:16:36.964596     7 test_utils.cpp:347] Received response. Stream id: 0
I0519 23:16:36.964953     7 test_utils.cpp:347] Received response. Stream id: 0
I0519 23:16:36.965037     7 test_utils.cpp:347] Received response. Stream id: 0
I0519 23:16:36.965090     7 test_utils.cpp:347] Received response. Stream id: 0
I0519 23:16:36.965157     7 test_utils.cpp:347] Received response. Stream id: 0
I0519 23:16:36.966077     7 test_utils.cpp:347] Received response. Stream id: 0
I0519 23:16:36.966112     7 test_utils.cpp:347] Received response. Stream id: 0
I0519 23:16:36.966125     7 test_utils.cpp:347] Received response. Stream id: 0
I0519 23:16:36.966142     7 test_utils.cpp:347] Received response. Stream id: 0
I0519 23:16:36.966176     7 test_utils.cpp:347] Received response. Stream id: 0
I0519 23:16:36.966205     7 test_utils.cpp:347] Received response. Stream id: 0
I0519 23:16:36.966224     7 test_utils.cpp:347] Received response. Stream id: 0
I0519 23:16:36.966321     7 test_utils.cpp:347] Received response. Stream id: 0
I0519 23:16:36.966396     7 test_utils.cpp:347] Received response. Stream id: 0
I0519 23:16:36.966413     7 test_utils.cpp:347] Received response. Stream id: 0
I0519 23:16:36.966435     7 test_utils.cpp:347] Received response. Stream id: 0
I0519 23:16:36.966475     7 test_utils.cpp:347] Received response. Stream id: 0
I0519 23:16:36.966929     7 test_utils.cpp:347] Received response. Stream id: 0
I0519 23:16:36.967007     7 test_utils.cpp:347] Received response. Stream id: 0
I0519 23:16:36.967027     7 test_utils.cpp:347] Received response. Stream id: 0
I0519 23:16:36.967038     7 test_utils.cpp:347] Received response. Stream id: 0
I0519 23:16:36.967049     7 test_utils.cpp:347] Received response. Stream id: 0
I0519 23:16:36.967060     7 test_utils.cpp:347] Received response. Stream id: 0
I0519 23:16:36.967089     7 test_utils.cpp:347] Received response. Stream id: 0
I0519 23:16:36.967111     7 test_utils.cpp:347] Received response. Stream id: 0
I0519 23:16:36.967144     7 test_utils.cpp:347] Received response. Stream id: 0
I0519 23:16:36.967156     7 test_utils.cpp:347] Received response. Stream id: 0
I0519 23:16:36.967175     7 test_utils.cpp:347] Received response. Stream id: 0
I0519 23:16:36.967195     7 test_utils.cpp:347] Received response. Stream id: 0
I0519 23:16:36.967224     7 test_utils.cpp:347] Received response. Stream id: 0
I0519 23:16:36.967240     7 test_utils.cpp:347] Received response. Stream id: 0
I0519 23:16:36.967252     7 test_utils.cpp:347] Received response. Stream id: 0
I0519 23:16:36.967276     7 test_utils.cpp:347] Received response. Stream id: 0
I0519 23:16:36.967306     7 test_utils.cpp:347] Received response. Stream id: 0
I0519 23:16:36.967325     7 test_utils.cpp:347] Received response. Stream id: 0
I0519 23:16:36.967355     7 test_utils.cpp:347] Received response. Stream id: 0
I0519 23:16:36.967365     7 test_utils.cpp:347] Received response. Stream id: 0
I0519 23:16:36.967389     7 test_utils.cpp:347] Received response. Stream id: 0
I0519 23:16:36.967430     7 test_utils.cpp:347] Received response. Stream id: 0
I0519 23:16:36.967453     7 test_utils.cpp:347] Received response. Stream id: 0
I0519 23:16:36.967479     7 test_utils.cpp:347] Received response. Stream id: 0
I0519 23:16:36.967517     7 test_utils.cpp:347] Received response. Stream id: 0
I0519 23:16:36.967542     7 test_utils.cpp:347] Received response. Stream id: 0
I0519 23:16:36.967553     7 test_utils.cpp:347] Received response. Stream id: 0
I0519 23:16:36.967563     7 test_utils.cpp:347] Received response. Stream id: 0
I0519 23:16:36.967581     7 test_utils.cpp:347] Received response. Stream id: 0
I0519 23:16:36.967610     7 test_utils.cpp:347] Received response. Stream id: 0
I0519 23:16:36.967634     7 test_utils.cpp:347] Received response. Stream id: 0
I0519 23:16:36.967653     7 test_utils.cpp:347] Received response. Stream id: 0
I0519 23:16:36.967674     7 test_utils.cpp:347] Received response. Stream id: 0
I0519 23:16:36.967685     7 test_utils.cpp:347] Received response. Stream id: 0
I0519 23:16:36.967695     7 test_utils.cpp:347] Received response. Stream id: 0
I0519 23:16:36.967711     7 test_utils.cpp:347] Received response. Stream id: 0
I0519 23:16:36.967741     7 test_utils.cpp:347] Received response. Stream id: 0
I0519 23:16:36.967770     7 test_utils.cpp:347] Received response. Stream id: 0
I0519 23:16:36.967793     7 test_utils.cpp:347] Received response. Stream id: 0
I0519 23:16:36.967804     7 test_utils.cpp:347] Received response. Stream id: 0
I0519 23:16:36.967816     7 test_utils.cpp:347] Received response. Stream id: 0
I0519 23:16:36.967826     7 test_utils.cpp:347] Received response. Stream id: 0
I0519 23:16:36.967835     7 test_utils.cpp:347] Received response. Stream id: 0
I0519 23:16:36.967852     7 test_utils.cpp:347] Received response. Stream id: 0
I0519 23:16:36.967873     7 test_utils.cpp:347] Received response. Stream id: 0
I0519 23:16:36.967885     7 test_utils.cpp:347] Received response. Stream id: 0
I0519 23:16:36.967901     7 test_utils.cpp:347] Received response. Stream id: 0
I0519 23:16:36.967929     7 test_utils.cpp:347] Received response. Stream id: 0
I0519 23:16:36.967958     7 test_utils.cpp:347] Received response. Stream id: 0
I0519 23:16:36.967986     7 test_utils.cpp:347] Received response. Stream id: 0
I0519 23:16:36.968009     7 test_utils.cpp:347] Received response. Stream id: 0
I0519 23:16:36.968019     7 test_utils.cpp:347] Received response. Stream id: 0
I0519 23:16:36.968035     7 test_utils.cpp:347] Received response. Stream id: 0
I0519 23:16:36.968061     7 test_utils.cpp:347] Received response. Stream id: 0
I0519 23:16:36.968113     7 test_utils.cpp:347] Received response. Stream id: 0
I0519 23:16:36.968146     7 test_utils.cpp:347] Received response. Stream id: 0
I0519 23:16:36.968178     7 test_utils.cpp:347] Received response. Stream id: 0
I0519 23:16:36.968199     7 test_utils.cpp:347] Received response. Stream id: 0
I0519 23:16:36.968209     7 test_utils.cpp:347] Received response. Stream id: 0
I0519 23:16:36.968217     7 test_utils.cpp:347] Received response. Stream id: 0
I0519 23:16:36.968232     7 test_utils.cpp:347] Received response. Stream id: 0
I0519 23:16:36.968252     7 test_utils.cpp:347] Received response. Stream id: 0
I0519 23:16:36.968261     7 test_utils.cpp:347] Received response. Stream id: 0
I0519 23:16:36.968276     7 test_utils.cpp:347] Received response. Stream id: 0
I0519 23:16:36.968302     7 test_utils.cpp:347] Received response. Stream id: 0
I0519 23:16:36.968322     7 test_utils.cpp:347] Received response. Stream id: 0
I0519 23:16:36.968330     7 test_utils.cpp:347] Received response. Stream id: 0
I0519 23:16:36.968350     7 test_utils.cpp:347] Received response. Stream id: 0
I0519 23:16:36.968365     7 test_utils.cpp:347] Received response. Stream id: 0
I0519 23:16:36.968385     7 test_utils.cpp:347] Received response. Stream id: 0
I0519 23:16:36.968394     7 test_utils.cpp:347] Received response. Stream id: 0
I0519 23:16:36.968410     7 test_utils.cpp:347] Received response. Stream id: 0
I0519 23:16:36.968441     7 test_utils.cpp:347] Received response. Stream id: 0
I0519 23:16:36.968498     7 test_utils.cpp:347] Received response. Stream id: 0
I0519 23:16:36.968514     7 test_utils.cpp:347] Received response. Stream id: 0
I0519 23:16:36.968534     7 test_utils.cpp:347] Received response. Stream id: 0
I0519 23:16:36.968549     7 test_utils.cpp:347] Received response. Stream id: 0
I0519 23:16:36.968950     7 test_utils.cpp:347] Received response. Stream id: 0
I0519 23:16:36.968974     7 test_utils.cpp:347] Received response. Stream id: 0
I0519 23:16:36.968984     7 test_utils.cpp:347] Received response. Stream id: 0
I0519 23:16:36.969000     7 test_utils.cpp:347] Received response. Stream id: 0
I0519 23:16:36.969022     7 test_utils.cpp:347] Received response. Stream id: 0
I0519 23:16:36.969043     7 test_utils.cpp:347] Received response. Stream id: 0
I0519 23:16:36.969089     7 test_utils.cpp:347] Received response. Stream id: 0
I0519 23:16:36.969120     7 test_utils.cpp:347] Received response. Stream id: 0
I0519 23:16:36.969151     7 test_utils.cpp:347] Received response. Stream id: 0
I0519 23:16:36.969182     7 test_utils.cpp:347] Received response. Stream id: 0
I0519 23:16:36.969211     7 test_utils.cpp:347] Received response. Stream id: 0
I0519 23:16:36.969228     7 test_utils.cpp:347] Received response. Stream id: 0
I0519 23:16:36.969242     7 test_utils.cpp:347] Received response. Stream id: 0
I0519 23:16:36.969275     7 test_utils.cpp:347] Received response. Stream id: 0
I0519 23:16:36.969309     7 test_utils.cpp:347] Received response. Stream id: 0
I0519 23:16:36.969326     7 test_utils.cpp:347] Received response. Stream id: 0
I0519 23:16:36.969340     7 test_utils.cpp:347] Received response. Stream id: 0
I0519 23:16:36.969370     7 test_utils.cpp:347] Received response. Stream id: 0
I0519 23:16:36.969401     7 test_utils.cpp:347] Received response. Stream id: 0
I0519 23:16:36.969424     7 test_utils.cpp:347] Received response. Stream id: 0
I0519 23:16:36.969445     7 test_utils.cpp:347] Received response. Stream id: 0
I0519 23:16:36.969480     7 test_utils.cpp:347] Received response. Stream id: 0
I0519 23:16:36.969508     7 test_utils.cpp:347] Received response. Stream id: 0
I0519 23:16:36.969537     7 test_utils.cpp:347] Received response. Stream id: 0
I0519 23:16:36.969561     7 test_utils.cpp:347] Received response. Stream id: 0
I0519 23:16:36.969574     7 test_utils.cpp:347] Received response. Stream id: 0
I0519 23:16:36.969631     7 test_utils.cpp:347] Received response. Stream id: 0
I0519 23:16:36.969738     7 test_utils.cpp:347] Received response. Stream id: 0
I0519 23:16:36.969786     7 test_utils.cpp:347] Received response. Stream id: 0
I0519 23:16:36.969820     7 test_utils.cpp:347] Received response. Stream id: 0
I0519 23:16:36.969843     7 test_utils.cpp:347] Received response. Stream id: 0
I0519 23:16:36.969887     7 test_utils.cpp:347] Received response. Stream id: 0
I0519 23:16:36.969913     7 test_utils.cpp:347] Received response. Stream id: 0
I0519 23:16:36.969959     7 test_utils.cpp:347] Received response. Stream id: 0
I0519 23:16:36.969998     7 test_utils.cpp:347] Received response. Stream id: 0
I0519 23:16:36.970012     7 test_utils.cpp:347] Received response. Stream id: 0
I0519 23:16:36.970038     7 test_utils.cpp:347] Received response. Stream id: 0
I0519 23:16:36.970099     7 test_utils.cpp:347] Received response. Stream id: 0
I0519 23:16:36.970118     7 test_utils.cpp:347] Received response. Stream id: 0
I0519 23:16:36.970132     7 test_utils.cpp:347] Received response. Stream id: 0
I0519 23:16:36.970152     7 test_utils.cpp:347] Received response. Stream id: 0
I0519 23:16:36.970202     7 test_utils.cpp:347] Received response. Stream id: 0
I0519 23:16:36.970233     7 test_utils.cpp:347] Received response. Stream id: 0
I0519 23:16:36.970245     7 test_utils.cpp:347] Received response. Stream id: 0
I0519 23:16:36.970271     7 test_utils.cpp:347] Received response. Stream id: 0
I0519 23:16:36.970306     7 test_utils.cpp:347] Received response. Stream id: 0
I0519 23:16:36.970333     7 test_utils.cpp:347] Received response. Stream id: 0
I0519 23:16:36.970345     7 test_utils.cpp:347] Received response. Stream id: 0
I0519 23:16:36.970366     7 test_utils.cpp:347] Received response. Stream id: 0
I0519 23:16:36.970408     7 test_utils.cpp:347] Received response. Stream id: 0
I0519 23:16:36.970449     7 test_utils.cpp:347] Received response. Stream id: 0
I0519 23:16:36.970517     7 test_utils.cpp:347] Received response. Stream id: 0
I0519 23:16:36.970554     7 test_utils.cpp:347] Received response. Stream id: 0
I0519 23:16:36.970585     7 test_utils.cpp:347] Received response. Stream id: 0
I0519 23:16:36.970615     7 test_utils.cpp:347] Received response. Stream id: 0
I0519 23:16:36.970789     7 test_utils.cpp:347] Received response. Stream id: 0
I0519 23:16:36.970970     7 test_utils.cpp:347] Received response. Stream id: 0
I0519 23:16:36.971012     7 test_utils.cpp:347] Received response. Stream id: 0
I0519 23:16:36.971032     7 test_utils.cpp:347] Received response. Stream id: 0
I0519 23:16:36.971043     7 test_utils.cpp:347] Received response. Stream id: 0
I0519 23:16:36.971052     7 test_utils.cpp:347] Received response. Stream id: 0
I0519 23:16:36.971081     7 test_utils.cpp:347] Received response. Stream id: 0
I0519 23:16:36.971100     7 test_utils.cpp:347] Received response. Stream id: 0
I0519 23:16:36.971110     7 test_utils.cpp:347] Received response. Stream id: 0
I0519 23:16:36.971125     7 test_utils.cpp:347] Received response. Stream id: 0
I0519 23:16:36.971145     7 test_utils.cpp:347] Received response. Stream id: 0
I0519 23:16:36.971160     7 test_utils.cpp:347] Received response. Stream id: 0
I0519 23:16:36.971185     7 test_utils.cpp:347] Received response. Stream id: 0
I0519 23:16:36.971205     7 test_utils.cpp:347] Received response. Stream id: 0
I0519 23:16:36.971220     7 test_utils.cpp:347] Received response. Stream id: 0
I0519 23:16:36.971239     7 test_utils.cpp:347] Received response. Stream id: 0
I0519 23:16:36.971256     7 test_utils.cpp:347] Received response. Stream id: 0
I0519 23:16:36.971275     7 test_utils.cpp:347] Received response. Stream id: 0
I0519 23:16:36.971284     7 test_utils.cpp:347] Received response. Stream id: 0
I0519 23:16:36.971299     7 test_utils.cpp:347] Received response. Stream id: 0
I0519 23:16:36.971324     7 test_utils.cpp:347] Received response. Stream id: 0
I0519 23:16:36.971343     7 test_utils.cpp:347] Received response. Stream id: 0
I0519 23:16:36.971359     7 test_utils.cpp:347] Received response. Stream id: 0
I0519 23:16:36.971383     7 test_utils.cpp:347] Received response. Stream id: 0
I0519 23:16:36.971408     7 test_utils.cpp:347] Received response. Stream id: 0
I0519 23:16:36.971428     7 test_utils.cpp:347] Received response. Stream id: 0
I0519 23:16:36.971438     7 test_utils.cpp:347] Received response. Stream id: 0
I0519 23:16:36.971453     7 test_utils.cpp:347] Received response. Stream id: 0
I0519 23:16:36.971473     7 test_utils.cpp:347] Received response. Stream id: 0
I0519 23:16:36.971490     7 test_utils.cpp:347] Received response. Stream id: 0
I0519 23:16:36.971524     7 test_utils.cpp:347] Received response. Stream id: 0
I0519 23:16:36.971552     7 test_utils.cpp:347] Received response. Stream id: 0
I0519 23:16:36.971572     7 test_utils.cpp:347] Received response. Stream id: 0
I0519 23:16:36.971587     7 test_utils.cpp:347] Received response. Stream id: 0
I0519 23:16:36.971606     7 test_utils.cpp:347] Received response. Stream id: 0
I0519 23:16:36.971621     7 test_utils.cpp:347] Received response. Stream id: 0
I0519 23:16:36.971647     7 test_utils.cpp:347] Received response. Stream id: 0
I0519 23:16:36.971660     7 test_utils.cpp:347] Received response. Stream id: 0
I0519 23:16:36.971683     7 test_utils.cpp:347] Received response. Stream id: 0
I0519 23:16:36.971705     7 test_utils.cpp:347] Received response. Stream id: 0
I0519 23:16:36.971714     7 test_utils.cpp:347] Received response. Stream id: 0
I0519 23:16:36.971724     7 test_utils.cpp:347] Received response. Stream id: 0
I0519 23:16:36.971732     7 test_utils.cpp:347] Received response. Stream id: 0
I0519 23:16:36.971755     7 test_utils.cpp:347] Received response. Stream id: 0
I0519 23:16:36.971786     7 test_utils.cpp:347] Received response. Stream id: 0
I0519 23:16:36.971807     7 test_utils.cpp:347] Received response. Stream id: 0
I0519 23:16:36.971822     7 test_utils.cpp:347] Received response. Stream id: 0
I0519 23:16:36.971832     7 test_utils.cpp:347] Received response. Stream id: 0
I0519 23:16:36.971841     7 test_utils.cpp:347] Received response. Stream id: 0
I0519 23:16:36.971851     7 test_utils.cpp:347] Received response. Stream id: 0
I0519 23:16:36.971860     7 test_utils.cpp:347] Received response. Stream id: 0
I0519 23:16:36.971869     7 test_utils.cpp:347] Received response. Stream id: 0
I0519 23:16:36.971884     7 test_utils.cpp:347] Received response. Stream id: 0
I0519 23:16:36.971912     7 test_utils.cpp:347] Received response. Stream id: 0
I0519 23:16:36.971928     7 test_utils.cpp:347] Received response. Stream id: 0
I0519 23:16:36.971953     7 test_utils.cpp:347] Received response. Stream id: 0
I0519 23:16:36.971978     7 test_utils.cpp:347] Received response. Stream id: 0
I0519 23:16:36.972003     7 test_utils.cpp:347] Received response. Stream id: 0
I0519 23:16:36.972023     7 test_utils.cpp:347] Received response. Stream id: 0
I0519 23:16:36.972038     7 test_utils.cpp:347] Received response. Stream id: 0
I0519 23:16:36.972074     7 test_utils.cpp:347] Received response. Stream id: 0
I0519 23:16:36.972093     7 test_utils.cpp:347] Received response. Stream id: 0
I0519 23:16:36.972102     7 test_utils.cpp:347] Received response. Stream id: 0
I0519 23:16:36.972118     7 test_utils.cpp:347] Received response. Stream id: 0
I0519 23:16:36.972134     7 test_utils.cpp:347] Received response. Stream id: 0
I0519 23:16:36.972154     7 test_utils.cpp:347] Received response. Stream id: 0
I0519 23:16:36.972169     7 test_utils.cpp:347] Received response. Stream id: 0
I0519 23:16:36.972194     7 test_utils.cpp:347] Received response. Stream id: 0
I0519 23:16:36.972219     7 test_utils.cpp:347] Received response. Stream id: 0
I0519 23:16:36.972239     7 test_utils.cpp:347] Received response. Stream id: 0
I0519 23:16:36.972254     7 test_utils.cpp:347] Received response. Stream id: 0
I0519 23:16:36.972280     7 test_utils.cpp:347] Received response. Stream id: 0
I0519 23:16:36.972298     7 test_utils.cpp:347] Received response. Stream id: 0
I0519 23:16:36.972308     7 test_utils.cpp:347] Received response. Stream id: 0
I0519 23:16:36.972323     7 test_utils.cpp:347] Received response. Stream id: 0
I0519 23:16:36.972347     7 test_utils.cpp:347] Received response. Stream id: 0
I0519 23:16:36.972365     7 test_utils.cpp:347] Received response. Stream id: 0
I0519 23:16:36.972385     7 test_utils.cpp:347] Received response. Stream id: 0
I0519 23:16:36.972400     7 test_utils.cpp:347] Received response. Stream id: 0
I0519 23:16:36.972425     7 test_utils.cpp:347] Received response. Stream id: 0
I0519 23:16:36.972445     7 test_utils.cpp:347] Received response. Stream id: 0
I0519 23:16:36.972455     7 test_utils.cpp:347] Received response. Stream id: 0
I0519 23:16:36.972465     7 test_utils.cpp:347] Received response. Stream id: 0
I0519 23:16:36.972473     7 test_utils.cpp:347] Received response. Stream id: 0
I0519 23:16:36.972487     7 test_utils.cpp:347] Received response. Stream id: 0
I0519 23:16:36.972507     7 test_utils.cpp:347] Received response. Stream id: 0
I0519 23:16:36.972522     7 test_utils.cpp:347] Received response. Stream id: 0
I0519 23:16:36.972548     7 test_utils.cpp:347] Received response. Stream id: 0
I0519 23:16:36.972568     7 test_utils.cpp:347] Received response. Stream id: 0
I0519 23:16:36.972576     7 test_utils.cpp:347] Received response. Stream id: 0
I0519 23:16:36.972644     7 test_utils.cpp:347] Received response. Stream id: 0
I0519 23:16:36.972671     7 test_utils.cpp:347] Received response. Stream id: 0
I0519 23:16:36.972716     7 test_utils.cpp:347] Received response. Stream id: 0
I0519 23:16:36.972733     7 test_utils.cpp:347] Received response. Stream id: 0
I0519 23:16:36.972757     7 test_utils.cpp:347] Received response. Stream id: 0
I0519 23:16:36.972781     7 test_utils.cpp:347] Received response. Stream id: 0
I0519 23:16:36.972801     7 test_utils.cpp:347] Received response. Stream id: 0
I0519 23:16:36.972816     7 test_utils.cpp:347] Received response. Stream id: 0
I0519 23:16:36.972841     7 test_utils.cpp:347] Received response. Stream id: 0
I0519 23:16:36.972867     7 test_utils.cpp:347] Received response. Stream id: 0
I0519 23:16:36.972882     7 test_utils.cpp:347] Received response. Stream id: 0
I0519 23:16:36.973387     7 test_utils.cpp:347] Received response. Stream id: 0
I0519 23:16:36.973464     7 test_utils.cpp:347] Received response. Stream id: 0
I0519 23:16:36.973502     7 test_utils.cpp:347] Received response. Stream id: 0
I0519 23:16:36.973542     7 test_utils.cpp:347] Received response. Stream id: 0
I0519 23:16:36.973559     7 test_utils.cpp:347] Received response. Stream id: 0
I0519 23:16:36.973585     7 test_utils.cpp:347] Received response. Stream id: 0
I0519 23:16:36.973627     7 test_utils.cpp:347] Received response. Stream id: 0
I0519 23:16:36.973860     7 test_utils.cpp:347] Received response. Stream id: 0
I0519 23:16:36.973905     7 test_utils.cpp:347] Received response. Stream id: 0
I0519 23:16:36.973915     7 test_utils.cpp:347] Received response. Stream id: 0
I0519 23:16:36.973925     7 test_utils.cpp:347] Received response. Stream id: 0
I0519 23:16:36.973940     7 test_utils.cpp:347] Received response. Stream id: 0
I0519 23:16:36.974287     7 test_utils.cpp:347] Received response. Stream id: 0
I0519 23:16:36.974339     7 test_utils.cpp:347] Received response. Stream id: 0
I0519 23:16:36.974366     7 test_utils.cpp:347] Received response. Stream id: 0
I0519 23:16:36.974380     7 test_utils.cpp:347] Received response. Stream id: 0
I0519 23:16:36.974392     7 test_utils.cpp:347] Received response. Stream id: 0
I0519 23:16:36.974412     7 test_utils.cpp:347] Received response. Stream id: 0
I0519 23:16:36.974439     7 test_utils.cpp:347] Received response. Stream id: 0
I0519 23:16:36.974455     7 test_utils.cpp:347] Received response. Stream id: 0
I0519 23:16:36.974472     7 test_utils.cpp:347] Received response. Stream id: 0
I0519 23:16:36.974491     7 test_utils.cpp:347] Received response. Stream id: 0
I0519 23:16:36.974532     7 test_utils.cpp:347] Received response. Stream id: 0
I0519 23:16:36.974566     7 test_utils.cpp:347] Received response. Stream id: 0
I0519 23:16:36.974593     7 test_utils.cpp:347] Received response. Stream id: 0
I0519 23:16:36.974613     7 test_utils.cpp:347] Received response. Stream id: 0
I0519 23:16:36.974633     7 test_utils.cpp:347] Received response. Stream id: 0
I0519 23:16:36.974660     7 test_utils.cpp:347] Received response. Stream id: 0
I0519 23:16:36.974673     7 test_utils.cpp:347] Received response. Stream id: 0
I0519 23:16:36.974684     7 test_utils.cpp:347] Received response. Stream id: 0
I0519 23:16:36.974704     7 test_utils.cpp:347] Received response. Stream id: 0
I0519 23:16:36.974730     7 test_utils.cpp:347] Received response. Stream id: 0
I0519 23:16:36.974750     7 test_utils.cpp:347] Received response. Stream id: 0
I0519 23:16:36.974784     7 test_utils.cpp:347] Received response. Stream id: 0
I0519 23:16:36.974817     7 test_utils.cpp:347] Received response. Stream id: 0
I0519 23:16:36.974845     7 test_utils.cpp:347] Received response. Stream id: 0
I0519 23:16:36.974864     7 test_utils.cpp:347] Received response. Stream id: 0
I0519 23:16:36.974905     7 test_utils.cpp:347] Received response. Stream id: 0
I0519 23:16:36.974947     7 test_utils.cpp:347] Received response. Stream id: 0
I0519 23:16:36.974982     7 test_utils.cpp:347] Received response. Stream id: 0
I0519 23:16:36.975014     7 test_utils.cpp:347] Received response. Stream id: 0
I0519 23:16:36.975042     7 test_utils.cpp:347] Received response. Stream id: 0
I0519 23:16:36.975055     7 test_utils.cpp:347] Received response. Stream id: 0
I0519 23:16:36.975095     7 test_utils.cpp:347] Received response. Stream id: 0
I0519 23:16:36.975126     7 test_utils.cpp:347] Received response. Stream id: 0
I0519 23:16:36.975163     7 test_utils.cpp:347] Received response. Stream id: 0
I0519 23:16:36.975199     7 test_utils.cpp:347] Received response. Stream id: 0
I0519 23:16:36.975262     7 test_utils.cpp:347] Received response. Stream id: 0
I0519 23:16:36.975322     7 test_utils.cpp:347] Received response. Stream id: 0
I0519 23:16:36.975646     7 test_utils.cpp:347] Received response. Stream id: 0
I0519 23:16:36.975911     7 test_utils.cpp:347] Received response. Stream id: 0
I0519 23:16:36.976213     7 test_utils.cpp:347] Received response. Stream id: 0
I0519 23:16:36.976240     7 test_utils.cpp:347] Received response. Stream id: 0
I0519 23:16:36.976264     7 test_utils.cpp:347] Received response. Stream id: 0
I0519 23:16:36.976316     7 test_utils.cpp:347] Received response. Stream id: 0
I0519 23:16:36.976346     7 test_utils.cpp:347] Received response. Stream id: 0
I0519 23:16:36.976361     7 test_utils.cpp:347] Received response. Stream id: 0
I0519 23:16:36.976480     7 test_utils.cpp:347] Received response. Stream id: 0
I0519 23:16:36.976513     7 test_utils.cpp:347] Received response. Stream id: 0
I0519 23:16:36.976552     7 test_utils.cpp:347] Received response. Stream id: 0
I0519 23:16:36.976578     7 test_utils.cpp:347] Received response. Stream id: 0
I0519 23:16:36.976593     7 test_utils.cpp:347] Received response. Stream id: 0
I0519 23:16:36.977316     7 test_utils.cpp:347] Received response. Stream id: 0
I0519 23:16:36.977520     7 test_utils.cpp:347] Received response. Stream id: 0
I0519 23:16:36.977607     7 test_utils.cpp:347] Received response. Stream id: 0
I0519 23:16:36.977645     7 test_utils.cpp:347] Received response. Stream id: 0
I0519 23:16:36.977681     7 test_utils.cpp:347] Received response. Stream id: 0
I0519 23:16:36.977715     7 test_utils.cpp:347] Received response. Stream id: 0
I0519 23:16:36.977754     7 test_utils.cpp:347] Received response. Stream id: 0
I0519 23:16:36.977788     7 test_utils.cpp:347] Received response. Stream id: 0
I0519 23:16:36.977813     7 test_utils.cpp:347] Received response. Stream id: 0
I0519 23:16:36.978282     7 test_utils.cpp:347] Received response. Stream id: 0
I0519 23:16:36.978386     7 test_utils.cpp:347] Received response. Stream id: 0
I0519 23:16:36.978434     7 test_utils.cpp:347] Received response. Stream id: 0
I0519 23:16:36.978473     7 test_utils.cpp:347] Received response. Stream id: 0
I0519 23:16:36.978508     7 test_utils.cpp:347] Received response. Stream id: 0
I0519 23:16:36.978544     7 test_utils.cpp:347] Received response. Stream id: 0
I0519 23:16:36.978631     7 test_utils.cpp:347] Received response. Stream id: 0
I0519 23:16:36.978664     7 test_utils.cpp:347] Received response. Stream id: 0
I0519 23:16:36.978683     7 test_utils.cpp:347] Received response. Stream id: 0
I0519 23:16:36.978701     7 test_utils.cpp:347] Received response. Stream id: 0
I0519 23:16:36.978716     7 test_utils.cpp:347] Received response. Stream id: 0
I0519 23:16:36.978724     7 test_utils.cpp:347] Received response. Stream id: 0
I0519 23:16:36.978739     7 test_utils.cpp:347] Received response. Stream id: 0
I0519 23:16:36.978760     7 test_utils.cpp:347] Received response. Stream id: 0
I0519 23:16:36.978808     7 test_utils.cpp:347] Received response. Stream id: 0
I0519 23:16:36.978842     7 test_utils.cpp:347] Received response. Stream id: 0
I0519 23:16:36.978855     7 test_utils.cpp:347] Received response. Stream id: 0
I0519 23:16:36.978912     7 test_utils.cpp:347] Received response. Stream id: 0
I0519 23:16:36.978987     7 test_utils.cpp:347] Received response. Stream id: 0
I0519 23:16:36.979024     7 test_utils.cpp:347] Received response. Stream id: 0
I0519 23:16:36.979043     7 test_utils.cpp:347] Received response. Stream id: 0
I0519 23:16:36.979056     7 test_utils.cpp:347] Received response. Stream id: 0
I0519 23:16:36.979095     7 test_utils.cpp:347] Received response. Stream id: 0
I0519 23:16:36.979130     7 test_utils.cpp:347] Received response. Stream id: 0
I0519 23:16:36.979148     7 test_utils.cpp:347] Received response. Stream id: 0
I0519 23:16:36.979161     7 test_utils.cpp:347] Received response. Stream id: 0
I0519 23:16:36.979177     7 test_utils.cpp:347] Received response. Stream id: 0
I0519 23:16:36.979189     7 test_utils.cpp:347] Received response. Stream id: 0
I0519 23:16:36.979202     7 test_utils.cpp:347] Received response. Stream id: 0
I0519 23:16:36.979218     7 test_utils.cpp:347] Received response. Stream id: 0
I0519 23:16:36.979238     7 test_utils.cpp:347] Received response. Stream id: 0
I0519 23:16:36.979303     7 test_utils.cpp:347] Received response. Stream id: 0
I0519 23:16:36.979347     7 test_utils.cpp:347] Received response. Stream id: 0
I0519 23:16:36.979367     7 test_utils.cpp:347] Received response. Stream id: 0
I0519 23:16:36.979382     7 test_utils.cpp:347] Received response. Stream id: 0
I0519 23:16:36.979406     7 test_utils.cpp:347] Received response. Stream id: 0
I0519 23:16:36.979435     7 test_utils.cpp:347] Received response. Stream id: 0
I0519 23:16:36.979458     7 test_utils.cpp:347] Received response. Stream id: 0
I0519 23:16:36.979565     7 test_utils.cpp:347] Received response. Stream id: 0
I0519 23:16:36.979588     7 test_utils.cpp:347] Received response. Stream id: 0
I0519 23:16:36.979610     7 test_utils.cpp:347] Received response. Stream id: 0
I0519 23:16:36.979630     7 test_utils.cpp:347] Received response. Stream id: 0
I0519 23:16:36.979640     7 test_utils.cpp:347] Received response. Stream id: 0
I0519 23:16:36.979653     7 test_utils.cpp:347] Received response. Stream id: 0
I0519 23:16:36.979676     7 test_utils.cpp:347] Received response. Stream id: 0
I0519 23:16:36.979701     7 test_utils.cpp:347] Received response. Stream id: 0
I0519 23:16:36.979722     7 test_utils.cpp:347] Received response. Stream id: 0
I0519 23:16:36.979736     7 test_utils.cpp:347] Received response. Stream id: 0
I0519 23:16:36.979745     7 test_utils.cpp:347] Received response. Stream id: 0
I0519 23:16:36.979753     7 test_utils.cpp:347] Received response. Stream id: 0
I0519 23:16:36.979768     7 test_utils.cpp:347] Received response. Stream id: 0
I0519 23:16:36.979796     7 test_utils.cpp:347] Received response. Stream id: 0
I0519 23:16:36.979815     7 test_utils.cpp:347] Received response. Stream id: 0
I0519 23:16:36.979822     7 test_utils.cpp:347] Received response. Stream id: 0
I0519 23:16:36.979835     7 test_utils.cpp:347] Received response. Stream id: 0
I0519 23:16:36.979847     7 test_utils.cpp:347] Received response. Stream id: 0
I0519 23:16:36.979869     7 test_utils.cpp:347] Received response. Stream id: 0
I0519 23:16:36.979882     7 test_utils.cpp:347] Received response. Stream id: 0
I0519 23:16:36.979900     7 test_utils.cpp:347] Received response. Stream id: 0
I0519 23:16:36.979918     7 test_utils.cpp:347] Received response. Stream id: 0
I0519 23:16:36.979941     7 test_utils.cpp:347] Received response. Stream id: 0
I0519 23:16:36.979976     7 test_utils.cpp:347] Received response. Stream id: 0
I0519 23:16:36.980000     7 test_utils.cpp:347] Received response. Stream id: 0
I0519 23:16:36.980029     7 test_utils.cpp:347] Received response. Stream id: 0
I0519 23:16:36.980051     7 test_utils.cpp:347] Received response. Stream id: 0
I0519 23:16:36.980060     7 test_utils.cpp:347] Received response. Stream id: 0
I0519 23:16:36.980077     7 test_utils.cpp:347] Received response. Stream id: 0
I0519 23:16:36.980091     7 test_utils.cpp:347] Received response. Stream id: 0
I0519 23:16:36.980123     7 test_utils.cpp:347] Received response. Stream id: 0
/src/test/e2e/consistency_singleregion_test.cpp:25: Failure
Value of: result.passed()
  Actual: false
Expected: true
warehouse_ytd_matches_districts: 1 violations. w=1 w_ytd=46759000 sum_d_ytd=59092753
/src/test/e2e/consistency_singleregion_test.cpp:25: Failure
Value of: result.passed()
  Actual: false
Expected: true
warehouse_ytd_matches_history: 5 violations. w=1 d=1 d_ytd=6228369 history_sum=6473746
I0519 23:16:37.304519     7 module.cpp:19] Scheduler - thread stopped
I0519 23:16:37.308845     7 module.cpp:19] Worker-45 - thread stopped
I0519 23:16:37.311628     7 module.cpp:19] Worker-46 - thread stopped
I0519 23:16:37.316649     7 module.cpp:19] Worker-47 - thread stopped
I0519 23:16:37.323835     7 module.cpp:19] Acceptor - thread stopped
I0519 23:16:37.329977     7 module.cpp:19] Coordinator - thread stopped
I0519 23:16:37.332334     7 module.cpp:19] Server - thread stopped
I0519 23:16:37.336432     7 module.cpp:19] Broker - thread stopped
I0519 23:16:37.337316     7 module.cpp:19] Broker - thread stopped
[  FAILED  ] AllProtocols/ConsistencySingleRegionTest.RunsConsistentWorkload/Janus, where GetParam() = 96-byte object <20-1D 34-E5 AA-AA 00-00 05-00 00-00 00-00 00-00 4A-61 6E-75 73-00 00-00 C0-35 34-E5 AA-AA 00-00 48-ED 69-E0 AA-AA 00-00 F0-35 34-E5 AA-AA 00-00 70-C9 22-E0 AA-AA 00-00 60-62 23-E0 AA-AA 00-00 00-00 00-00 00-00 00-00 04-00 00-00 00-00 00-00 B0-C9 22-E0 AA-AA 00-00 D8-FF 22-E0 AA-AA 00-00> (5682 ms)
[----------] 1 test from AllProtocols/ConsistencySingleRegionTest (5682 ms total)

[----------] Global test environment tear-down
[==========] 1 test from 1 test suite ran. (5682 ms total)
[  PASSED  ] 0 tests.
[  FAILED  ] 1 test, listed below:
[  FAILED  ] AllProtocols/ConsistencySingleRegionTest.RunsConsistentWorkload/Janus, where GetParam() = 96-byte object <20-1D 34-E5 AA-AA 00-00 05-00 00-00 00-00 00-00 4A-61 6E-75 73-00 00-00 C0-35 34-E5 AA-AA 00-00 48-ED 69-E0 AA-AA 00-00 F0-35 34-E5 AA-AA 00-00 70-C9 22-E0 AA-AA 00-00 60-62 23-E0 AA-AA 00-00 00-00 00-00 00-00 00-00 04-00 00-00 00-00 00-00 B0-C9 22-E0 AA-AA 00-00 D8-FF 22-E0 AA-AA 00-00>

 1 FAILED TEST
