Running main() from /src/build/_deps/googletest-src/googletest/src/gtest_main.cc
Note: Google Test filter = AllProtocols/ConsistencySingleRegionTest.RunsConsistentWorkload/Slog
[==========] Running 1 test from 1 test suite.
[----------] Global test environment set-up.
[----------] 1 test from AllProtocols/ConsistencySingleRegionTest
[ RUN      ] AllProtocols/ConsistencySingleRegionTest.RunsConsistentWorkload/Slog
WARNING: Logging before InitGoogleLogging() is written to STDERR
I0519 23:14:32.351703     6 load_tables.cpp:415] Generating ~1 warehouses using 1 threads. 
I0519 23:14:32.351840     6 load_tables.cpp:52] Loading 100000 items for each of 1 representative warehouses
I0519 23:14:32.440683     6 load_tables.cpp:90] Total Item table size: 18311120
I0519 23:14:33.324916     9 load_tables.cpp:39] Total table sizes:
I0519 23:14:33.324932     9 load_tables.cpp:40] Total Warehouse table size: 200
I0519 23:14:33.324934     9 load_tables.cpp:41] Total Stock table size: 53379840
I0519 23:14:33.324934     9 load_tables.cpp:42] Total District table size: 2042
I0519 23:14:33.324935     9 load_tables.cpp:43] Total Customer table size: 25411946
I0519 23:14:33.324936     9 load_tables.cpp:44] Total History table size: 25411946
I0519 23:14:33.324937     9 load_tables.cpp:45] Total Order table size: 2641980
I0519 23:14:33.324937     9 load_tables.cpp:46] Total New Order table size: 820080
I0519 23:14:33.324939     9 load_tables.cpp:47] Total Order Line table size: 27658200
I0519 23:14:37.447299    12 broker.cpp:54] Binding a broker thread to "ipc:///tmp/test_e2e_tpcc0:0"
I0519 23:14:37.447881    13 broker.cpp:54] Binding a broker thread to "ipc:///tmp/test_e2e_tpcc0:1"
I0519 23:14:37.448278    14 server.cpp:72] Bound Server to: tcp://*:17008
I0519 23:14:37.453843    15 networked_module.cpp:75] Bound Forwarder to "ipc:///tmp/test_e2e_tpcc0:2"
I0519 23:14:37.453877    16 networked_module.cpp:75] Bound Sequencer to "ipc:///tmp/test_e2e_tpcc0:3"
I0519 23:14:37.488828     6 test_utils.cpp:280] Received response. Stream id: 0
I0519 23:14:37.488909     6 test_utils.cpp:280] Received response. Stream id: 0
I0519 23:14:37.488976     6 test_utils.cpp:280] Received response. Stream id: 0
I0519 23:14:37.489864     6 test_utils.cpp:280] Received response. Stream id: 0
I0519 23:14:37.490108     6 test_utils.cpp:280] Received response. Stream id: 0
I0519 23:14:37.490305     6 test_utils.cpp:280] Received response. Stream id: 0
I0519 23:14:37.490541     6 test_utils.cpp:280] Received response. Stream id: 0
I0519 23:14:37.490715     6 test_utils.cpp:280] Received response. Stream id: 0
I0519 23:14:37.490928     6 test_utils.cpp:280] Received response. Stream id: 0
I0519 23:14:37.491098     6 test_utils.cpp:280] Received response. Stream id: 0
I0519 23:14:37.491161     6 test_utils.cpp:280] Received response. Stream id: 0
I0519 23:14:37.491215     6 test_utils.cpp:280] Received response. Stream id: 0
I0519 23:14:37.493775     6 test_utils.cpp:280] Received response. Stream id: 0
I0519 23:14:37.494107     6 test_utils.cpp:280] Received response. Stream id: 0
I0519 23:14:37.494185     6 test_utils.cpp:280] Received response. Stream id: 0
I0519 23:14:37.494328     6 test_utils.cpp:280] Received response. Stream id: 0
I0519 23:14:37.494453     6 test_utils.cpp:280] Received response. Stream id: 0
I0519 23:14:37.494521     6 test_utils.cpp:280] Received response. Stream id: 0
I0519 23:14:37.494557     6 test_utils.cpp:280] Received response. Stream id: 0
I0519 23:14:37.494599     6 test_utils.cpp:280] Received response. Stream id: 0
I0519 23:14:37.494627     6 test_utils.cpp:280] Received response. Stream id: 0
I0519 23:14:37.494683     6 test_utils.cpp:280] Received response. Stream id: 0
I0519 23:14:37.494732     6 test_utils.cpp:280] Received response. Stream id: 0
I0519 23:14:37.494777     6 test_utils.cpp:280] Received response. Stream id: 0
I0519 23:14:37.494835     6 test_utils.cpp:280] Received response. Stream id: 0
I0519 23:14:37.494874     6 test_utils.cpp:280] Received response. Stream id: 0
I0519 23:14:37.494910     6 test_utils.cpp:280] Received response. Stream id: 0
I0519 23:14:37.494938     6 test_utils.cpp:280] Received response. Stream id: 0
I0519 23:14:37.494963     6 test_utils.cpp:280] Received response. Stream id: 0
I0519 23:14:37.494994     6 test_utils.cpp:280] Received response. Stream id: 0
I0519 23:14:37.495024     6 test_utils.cpp:280] Received response. Stream id: 0
I0519 23:14:37.495059     6 test_utils.cpp:280] Received response. Stream id: 0
I0519 23:14:37.495092     6 test_utils.cpp:280] Received response. Stream id: 0
I0519 23:14:37.495132     6 test_utils.cpp:280] Received response. Stream id: 0
I0519 23:14:37.495158     6 test_utils.cpp:280] Received response. Stream id: 0
I0519 23:14:37.495175     6 test_utils.cpp:280] Received response. Stream id: 0
I0519 23:14:37.495204     6 test_utils.cpp:280] Received response. Stream id: 0
I0519 23:14:37.495247     6 test_utils.cpp:280] Received response. Stream id: 0
I0519 23:14:37.495292     6 test_utils.cpp:280] Received response. Stream id: 0
I0519 23:14:37.495325     6 test_utils.cpp:280] Received response. Stream id: 0
I0519 23:14:37.495362     6 test_utils.cpp:280] Received response. Stream id: 0
I0519 23:14:37.495419     6 test_utils.cpp:280] Received response. Stream id: 0
I0519 23:14:37.495464     6 test_utils.cpp:280] Received response. Stream id: 0
I0519 23:14:37.495513     6 test_utils.cpp:280] Received response. Stream id: 0
I0519 23:14:37.495546     6 test_utils.cpp:280] Received response. Stream id: 0
I0519 23:14:37.495565     6 test_utils.cpp:280] Received response. Stream id: 0
I0519 23:14:37.495605     6 test_utils.cpp:280] Received response. Stream id: 0
I0519 23:14:37.495652     6 test_utils.cpp:280] Received response. Stream id: 0
I0519 23:14:37.495709     6 test_utils.cpp:280] Received response. Stream id: 0
I0519 23:14:37.495748     6 test_utils.cpp:280] Received response. Stream id: 0
I0519 23:14:37.495792     6 test_utils.cpp:280] Received response. Stream id: 0
I0519 23:14:37.495841     6 test_utils.cpp:280] Received response. Stream id: 0
I0519 23:14:37.495873     6 test_utils.cpp:280] Received response. Stream id: 0
I0519 23:14:37.495932     6 test_utils.cpp:280] Received response. Stream id: 0
I0519 23:14:37.495971     6 test_utils.cpp:280] Received response. Stream id: 0
I0519 23:14:37.496011     6 test_utils.cpp:280] Received response. Stream id: 0
I0519 23:14:37.496055     6 test_utils.cpp:280] Received response. Stream id: 0
I0519 23:14:37.496093     6 test_utils.cpp:280] Received response. Stream id: 0
I0519 23:14:37.496126     6 test_utils.cpp:280] Received response. Stream id: 0
I0519 23:14:37.496173     6 test_utils.cpp:280] Received response. Stream id: 0
I0519 23:14:37.496223     6 test_utils.cpp:280] Received response. Stream id: 0
I0519 23:14:37.496258     6 test_utils.cpp:280] Received response. Stream id: 0
I0519 23:14:37.496282     6 test_utils.cpp:280] Received response. Stream id: 0
I0519 23:14:37.496327     6 test_utils.cpp:280] Received response. Stream id: 0
I0519 23:14:37.496413     6 test_utils.cpp:280] Received response. Stream id: 0
I0519 23:14:37.496452     6 test_utils.cpp:280] Received response. Stream id: 0
I0519 23:14:37.496500     6 test_utils.cpp:280] Received response. Stream id: 0
I0519 23:14:37.496543     6 test_utils.cpp:280] Received response. Stream id: 0
I0519 23:14:37.496572     6 test_utils.cpp:280] Received response. Stream id: 0
I0519 23:14:37.496593     6 test_utils.cpp:280] Received response. Stream id: 0
I0519 23:14:37.496619     6 test_utils.cpp:280] Received response. Stream id: 0
I0519 23:14:37.496654     6 test_utils.cpp:280] Received response. Stream id: 0
I0519 23:14:37.496678     6 test_utils.cpp:280] Received response. Stream id: 0
I0519 23:14:37.496732     6 test_utils.cpp:280] Received response. Stream id: 0
I0519 23:14:37.496770     6 test_utils.cpp:280] Received response. Stream id: 0
I0519 23:14:37.496800     6 test_utils.cpp:280] Received response. Stream id: 0
I0519 23:14:37.496829     6 test_utils.cpp:280] Received response. Stream id: 0
I0519 23:14:37.496856     6 test_utils.cpp:280] Received response. Stream id: 0
I0519 23:14:37.496884     6 test_utils.cpp:280] Received response. Stream id: 0
I0519 23:14:37.496912     6 test_utils.cpp:280] Received response. Stream id: 0
I0519 23:14:37.496934     6 test_utils.cpp:280] Received response. Stream id: 0
I0519 23:14:37.496944     6 test_utils.cpp:280] Received response. Stream id: 0
I0519 23:14:37.496961     6 test_utils.cpp:280] Received response. Stream id: 0
I0519 23:14:37.496989     6 test_utils.cpp:280] Received response. Stream id: 0
I0519 23:14:37.497016     6 test_utils.cpp:280] Received response. Stream id: 0
I0519 23:14:37.497044     6 test_utils.cpp:280] Received response. Stream id: 0
I0519 23:14:37.497080     6 test_utils.cpp:280] Received response. Stream id: 0
I0519 23:14:37.497105     6 test_utils.cpp:280] Received response. Stream id: 0
I0519 23:14:37.497121     6 test_utils.cpp:280] Received response. Stream id: 0
I0519 23:14:37.497149     6 test_utils.cpp:280] Received response. Stream id: 0
I0519 23:14:37.497176     6 test_utils.cpp:280] Received response. Stream id: 0
I0519 23:14:37.497212     6 test_utils.cpp:280] Received response. Stream id: 0
I0519 23:14:37.497592     6 test_utils.cpp:280] Received response. Stream id: 0
I0519 23:14:37.497648     6 test_utils.cpp:280] Received response. Stream id: 0
I0519 23:14:37.497706     6 test_utils.cpp:280] Received response. Stream id: 0
I0519 23:14:37.497752     6 test_utils.cpp:280] Received response. Stream id: 0
I0519 23:14:37.497779     6 test_utils.cpp:280] Received response. Stream id: 0
I0519 23:14:37.497830     6 test_utils.cpp:280] Received response. Stream id: 0
I0519 23:14:37.497890     6 test_utils.cpp:280] Received response. Stream id: 0
I0519 23:14:37.497956     6 test_utils.cpp:280] Received response. Stream id: 0
I0519 23:14:37.498005     6 test_utils.cpp:280] Received response. Stream id: 0
I0519 23:14:37.498049     6 test_utils.cpp:280] Received response. Stream id: 0
I0519 23:14:37.498114     6 test_utils.cpp:280] Received response. Stream id: 0
I0519 23:14:37.498179     6 test_utils.cpp:280] Received response. Stream id: 0
I0519 23:14:37.498245     6 test_utils.cpp:280] Received response. Stream id: 0
I0519 23:14:37.498301     6 test_utils.cpp:280] Received response. Stream id: 0
I0519 23:14:37.498330     6 test_utils.cpp:280] Received response. Stream id: 0
I0519 23:14:37.498446     6 test_utils.cpp:280] Received response. Stream id: 0
I0519 23:14:37.499179     6 test_utils.cpp:280] Received response. Stream id: 0
I0519 23:14:37.499296     6 test_utils.cpp:280] Received response. Stream id: 0
I0519 23:14:37.499363     6 test_utils.cpp:280] Received response. Stream id: 0
I0519 23:14:37.499449     6 test_utils.cpp:280] Received response. Stream id: 0
I0519 23:14:37.499502     6 test_utils.cpp:280] Received response. Stream id: 0
I0519 23:14:37.499559     6 test_utils.cpp:280] Received response. Stream id: 0
I0519 23:14:37.499624     6 test_utils.cpp:280] Received response. Stream id: 0
I0519 23:14:37.499670     6 test_utils.cpp:280] Received response. Stream id: 0
I0519 23:14:37.499706     6 test_utils.cpp:280] Received response. Stream id: 0
I0519 23:14:37.499765     6 test_utils.cpp:280] Received response. Stream id: 0
I0519 23:14:37.499817     6 test_utils.cpp:280] Received response. Stream id: 0
I0519 23:14:37.499888     6 test_utils.cpp:280] Received response. Stream id: 0
I0519 23:14:37.499930     6 test_utils.cpp:280] Received response. Stream id: 0
I0519 23:14:37.499985     6 test_utils.cpp:280] Received response. Stream id: 0
I0519 23:14:37.500041     6 test_utils.cpp:280] Received response. Stream id: 0
I0519 23:14:37.500103     6 test_utils.cpp:280] Received response. Stream id: 0
I0519 23:14:37.500177     6 test_utils.cpp:280] Received response. Stream id: 0
I0519 23:14:37.500228     6 test_utils.cpp:280] Received response. Stream id: 0
I0519 23:14:37.500276     6 test_utils.cpp:280] Received response. Stream id: 0
I0519 23:14:37.500321     6 test_utils.cpp:280] Received response. Stream id: 0
I0519 23:14:37.500344     6 test_utils.cpp:280] Received response. Stream id: 0
I0519 23:14:37.500368     6 test_utils.cpp:280] Received response. Stream id: 0
I0519 23:14:37.500461     6 test_utils.cpp:280] Received response. Stream id: 0
I0519 23:14:37.500523     6 test_utils.cpp:280] Received response. Stream id: 0
I0519 23:14:37.500552     6 test_utils.cpp:280] Received response. Stream id: 0
I0519 23:14:37.500609     6 test_utils.cpp:280] Received response. Stream id: 0
I0519 23:14:37.500658     6 test_utils.cpp:280] Received response. Stream id: 0
I0519 23:14:37.500751     6 test_utils.cpp:280] Received response. Stream id: 0
I0519 23:14:37.500923     6 test_utils.cpp:280] Received response. Stream id: 0
I0519 23:14:37.500977     6 test_utils.cpp:280] Received response. Stream id: 0
I0519 23:14:37.501020     6 test_utils.cpp:280] Received response. Stream id: 0
I0519 23:14:37.501067     6 test_utils.cpp:280] Received response. Stream id: 0
I0519 23:14:37.501128     6 test_utils.cpp:280] Received response. Stream id: 0
I0519 23:14:37.501220     6 test_utils.cpp:280] Received response. Stream id: 0
I0519 23:14:37.501264     6 test_utils.cpp:280] Received response. Stream id: 0
I0519 23:14:37.501303     6 test_utils.cpp:280] Received response. Stream id: 0
I0519 23:14:37.501361     6 test_utils.cpp:280] Received response. Stream id: 0
I0519 23:14:37.501423     6 test_utils.cpp:280] Received response. Stream id: 0
I0519 23:14:37.501621     6 test_utils.cpp:280] Received response. Stream id: 0
I0519 23:14:37.501682     6 test_utils.cpp:280] Received response. Stream id: 0
I0519 23:14:37.501746     6 test_utils.cpp:280] Received response. Stream id: 0
I0519 23:14:37.501786     6 test_utils.cpp:280] Received response. Stream id: 0
I0519 23:14:37.501823     6 test_utils.cpp:280] Received response. Stream id: 0
I0519 23:14:37.501863     6 test_utils.cpp:280] Received response. Stream id: 0
I0519 23:14:37.501901     6 test_utils.cpp:280] Received response. Stream id: 0
I0519 23:14:37.502048     6 test_utils.cpp:280] Received response. Stream id: 0
I0519 23:14:37.502090     6 test_utils.cpp:280] Received response. Stream id: 0
I0519 23:14:37.502116     6 test_utils.cpp:280] Received response. Stream id: 0
I0519 23:14:37.502156     6 test_utils.cpp:280] Received response. Stream id: 0
I0519 23:14:37.502210     6 test_utils.cpp:280] Received response. Stream id: 0
I0519 23:14:37.502249     6 test_utils.cpp:280] Received response. Stream id: 0
I0519 23:14:37.502281     6 test_utils.cpp:280] Received response. Stream id: 0
I0519 23:14:37.502303     6 test_utils.cpp:280] Received response. Stream id: 0
I0519 23:14:37.502341     6 test_utils.cpp:280] Received response. Stream id: 0
I0519 23:14:37.502410     6 test_utils.cpp:280] Received response. Stream id: 0
I0519 23:14:37.502451     6 test_utils.cpp:280] Received response. Stream id: 0
I0519 23:14:37.502493     6 test_utils.cpp:280] Received response. Stream id: 0
I0519 23:14:37.502530     6 test_utils.cpp:280] Received response. Stream id: 0
I0519 23:14:37.502561     6 test_utils.cpp:280] Received response. Stream id: 0
I0519 23:14:37.502609     6 test_utils.cpp:280] Received response. Stream id: 0
I0519 23:14:37.502650     6 test_utils.cpp:280] Received response. Stream id: 0
I0519 23:14:37.502691     6 test_utils.cpp:280] Received response. Stream id: 0
I0519 23:14:37.502734     6 test_utils.cpp:280] Received response. Stream id: 0
I0519 23:14:37.502767     6 test_utils.cpp:280] Received response. Stream id: 0
I0519 23:14:37.502789     6 test_utils.cpp:280] Received response. Stream id: 0
I0519 23:14:37.502838     6 test_utils.cpp:280] Received response. Stream id: 0
I0519 23:14:37.502876     6 test_utils.cpp:280] Received response. Stream id: 0
I0519 23:14:37.502924     6 test_utils.cpp:280] Received response. Stream id: 0
I0519 23:14:37.502969     6 test_utils.cpp:280] Received response. Stream id: 0
I0519 23:14:37.503014     6 test_utils.cpp:280] Received response. Stream id: 0
I0519 23:14:37.503051     6 test_utils.cpp:280] Received response. Stream id: 0
I0519 23:14:37.503091     6 test_utils.cpp:280] Received response. Stream id: 0
I0519 23:14:37.503129     6 test_utils.cpp:280] Received response. Stream id: 0
I0519 23:14:37.503170     6 test_utils.cpp:280] Received response. Stream id: 0
I0519 23:14:37.503214     6 test_utils.cpp:280] Received response. Stream id: 0
I0519 23:14:37.503237     6 test_utils.cpp:280] Received response. Stream id: 0
I0519 23:14:37.503285     6 test_utils.cpp:280] Received response. Stream id: 0
I0519 23:14:37.503322     6 test_utils.cpp:280] Received response. Stream id: 0
I0519 23:14:37.503355     6 test_utils.cpp:280] Received response. Stream id: 0
I0519 23:14:37.503381     6 test_utils.cpp:280] Received response. Stream id: 0
I0519 23:14:37.503430     6 test_utils.cpp:280] Received response. Stream id: 0
I0519 23:14:37.503455     6 test_utils.cpp:280] Received response. Stream id: 0
I0519 23:14:37.503496     6 test_utils.cpp:280] Received response. Stream id: 0
I0519 23:14:37.503528     6 test_utils.cpp:280] Received response. Stream id: 0
I0519 23:14:37.503551     6 test_utils.cpp:280] Received response. Stream id: 0
I0519 23:14:37.503588     6 test_utils.cpp:280] Received response. Stream id: 0
I0519 23:14:37.503643     6 test_utils.cpp:280] Received response. Stream id: 0
I0519 23:14:37.503687     6 test_utils.cpp:280] Received response. Stream id: 0
I0519 23:14:37.503743     6 test_utils.cpp:280] Received response. Stream id: 0
I0519 23:14:37.503778     6 test_utils.cpp:280] Received response. Stream id: 0
I0519 23:14:37.503803     6 test_utils.cpp:280] Received response. Stream id: 0
I0519 23:14:37.503840     6 test_utils.cpp:280] Received response. Stream id: 0
I0519 23:14:37.503882     6 test_utils.cpp:280] Received response. Stream id: 0
I0519 23:14:37.503898     6 test_utils.cpp:280] Received response. Stream id: 0
I0519 23:14:37.503923     6 test_utils.cpp:280] Received response. Stream id: 0
I0519 23:14:37.503969     6 test_utils.cpp:280] Received response. Stream id: 0
I0519 23:14:37.504004     6 test_utils.cpp:280] Received response. Stream id: 0
I0519 23:14:37.504025     6 test_utils.cpp:280] Received response. Stream id: 0
I0519 23:14:37.504076     6 test_utils.cpp:280] Received response. Stream id: 0
I0519 23:14:37.504127     6 test_utils.cpp:280] Received response. Stream id: 0
I0519 23:14:37.504187     6 test_utils.cpp:280] Received response. Stream id: 0
I0519 23:14:37.504226     6 test_utils.cpp:280] Received response. Stream id: 0
I0519 23:14:37.504263     6 test_utils.cpp:280] Received response. Stream id: 0
I0519 23:14:37.504307     6 test_utils.cpp:280] Received response. Stream id: 0
I0519 23:14:37.504338     6 test_utils.cpp:280] Received response. Stream id: 0
I0519 23:14:37.504359     6 test_utils.cpp:280] Received response. Stream id: 0
I0519 23:14:37.504448     6 test_utils.cpp:280] Received response. Stream id: 0
I0519 23:14:37.504503     6 test_utils.cpp:280] Received response. Stream id: 0
I0519 23:14:37.504535     6 test_utils.cpp:280] Received response. Stream id: 0
I0519 23:14:37.504559     6 test_utils.cpp:280] Received response. Stream id: 0
I0519 23:14:37.504592     6 test_utils.cpp:280] Received response. Stream id: 0
I0519 23:14:37.504614     6 test_utils.cpp:280] Received response. Stream id: 0
I0519 23:14:37.504652     6 test_utils.cpp:280] Received response. Stream id: 0
I0519 23:14:37.504691     6 test_utils.cpp:280] Received response. Stream id: 0
I0519 23:14:37.504730     6 test_utils.cpp:280] Received response. Stream id: 0
I0519 23:14:37.504791     6 test_utils.cpp:280] Received response. Stream id: 0
I0519 23:14:37.504819     6 test_utils.cpp:280] Received response. Stream id: 0
I0519 23:14:37.504846     6 test_utils.cpp:280] Received response. Stream id: 0
I0519 23:14:37.504890     6 test_utils.cpp:280] Received response. Stream id: 0
I0519 23:14:37.504936     6 test_utils.cpp:280] Received response. Stream id: 0
I0519 23:14:37.504969     6 test_utils.cpp:280] Received response. Stream id: 0
I0519 23:14:37.504993     6 test_utils.cpp:280] Received response. Stream id: 0
I0519 23:14:37.505033     6 test_utils.cpp:280] Received response. Stream id: 0
I0519 23:14:37.505064     6 test_utils.cpp:280] Received response. Stream id: 0
I0519 23:14:37.505089     6 test_utils.cpp:280] Received response. Stream id: 0
I0519 23:14:37.505216     6 test_utils.cpp:280] Received response. Stream id: 0
I0519 23:14:37.505275     6 test_utils.cpp:280] Received response. Stream id: 0
I0519 23:14:37.505297     6 test_utils.cpp:280] Received response. Stream id: 0
I0519 23:14:37.505323     6 test_utils.cpp:280] Received response. Stream id: 0
I0519 23:14:37.505371     6 test_utils.cpp:280] Received response. Stream id: 0
I0519 23:14:37.505431     6 test_utils.cpp:280] Received response. Stream id: 0
I0519 23:14:37.505465     6 test_utils.cpp:280] Received response. Stream id: 0
I0519 23:14:37.505486     6 test_utils.cpp:280] Received response. Stream id: 0
I0519 23:14:37.505532     6 test_utils.cpp:280] Received response. Stream id: 0
I0519 23:14:37.505568     6 test_utils.cpp:280] Received response. Stream id: 0
I0519 23:14:37.505650     6 test_utils.cpp:280] Received response. Stream id: 0
I0519 23:14:37.505702     6 test_utils.cpp:280] Received response. Stream id: 0
I0519 23:14:37.505764     6 test_utils.cpp:280] Received response. Stream id: 0
I0519 23:14:37.505856     6 test_utils.cpp:280] Received response. Stream id: 0
I0519 23:14:37.505990     6 test_utils.cpp:280] Received response. Stream id: 0
I0519 23:14:37.506098     6 test_utils.cpp:280] Received response. Stream id: 0
I0519 23:14:37.506131     6 test_utils.cpp:280] Received response. Stream id: 0
I0519 23:14:37.506153     6 test_utils.cpp:280] Received response. Stream id: 0
I0519 23:14:37.506191     6 test_utils.cpp:280] Received response. Stream id: 0
I0519 23:14:37.506222     6 test_utils.cpp:280] Received response. Stream id: 0
I0519 23:14:37.506242     6 test_utils.cpp:280] Received response. Stream id: 0
I0519 23:14:37.506322     6 test_utils.cpp:280] Received response. Stream id: 0
I0519 23:14:37.506489     6 test_utils.cpp:280] Received response. Stream id: 0
I0519 23:14:37.506520     6 test_utils.cpp:280] Received response. Stream id: 0
I0519 23:14:37.506543     6 test_utils.cpp:280] Received response. Stream id: 0
I0519 23:14:37.506573     6 test_utils.cpp:280] Received response. Stream id: 0
I0519 23:14:37.506595     6 test_utils.cpp:280] Received response. Stream id: 0
I0519 23:14:37.506635     6 test_utils.cpp:280] Received response. Stream id: 0
I0519 23:14:37.506680     6 test_utils.cpp:280] Received response. Stream id: 0
I0519 23:14:37.506716     6 test_utils.cpp:280] Received response. Stream id: 0
I0519 23:14:37.506753     6 test_utils.cpp:280] Received response. Stream id: 0
I0519 23:14:37.506790     6 test_utils.cpp:280] Received response. Stream id: 0
I0519 23:14:37.506827     6 test_utils.cpp:280] Received response. Stream id: 0
I0519 23:14:37.506858     6 test_utils.cpp:280] Received response. Stream id: 0
I0519 23:14:37.506879     6 test_utils.cpp:280] Received response. Stream id: 0
I0519 23:14:37.506917     6 test_utils.cpp:280] Received response. Stream id: 0
I0519 23:14:37.506954     6 test_utils.cpp:280] Received response. Stream id: 0
I0519 23:14:37.506991     6 test_utils.cpp:280] Received response. Stream id: 0
I0519 23:14:37.507028     6 test_utils.cpp:280] Received response. Stream id: 0
I0519 23:14:37.507066     6 test_utils.cpp:280] Received response. Stream id: 0
I0519 23:14:37.507102     6 test_utils.cpp:280] Received response. Stream id: 0
I0519 23:14:37.507139     6 test_utils.cpp:280] Received response. Stream id: 0
I0519 23:14:37.507189     6 test_utils.cpp:280] Received response. Stream id: 0
I0519 23:14:37.507236     6 test_utils.cpp:280] Received response. Stream id: 0
I0519 23:14:37.507277     6 test_utils.cpp:280] Received response. Stream id: 0
I0519 23:14:37.507306     6 test_utils.cpp:280] Received response. Stream id: 0
I0519 23:14:37.507323     6 test_utils.cpp:280] Received response. Stream id: 0
I0519 23:14:37.507344     6 test_utils.cpp:280] Received response. Stream id: 0
I0519 23:14:37.507380     6 test_utils.cpp:280] Received response. Stream id: 0
I0519 23:14:37.507475     6 test_utils.cpp:280] Received response. Stream id: 0
I0519 23:14:37.507537     6 test_utils.cpp:280] Received response. Stream id: 0
I0519 23:14:37.507578     6 test_utils.cpp:280] Received response. Stream id: 0
I0519 23:14:37.507737     6 test_utils.cpp:280] Received response. Stream id: 0
I0519 23:14:37.507782     6 test_utils.cpp:280] Received response. Stream id: 0
I0519 23:14:37.507822     6 test_utils.cpp:280] Received response. Stream id: 0
I0519 23:14:37.507854     6 test_utils.cpp:280] Received response. Stream id: 0
I0519 23:14:37.507879     6 test_utils.cpp:280] Received response. Stream id: 0
I0519 23:14:37.507911     6 test_utils.cpp:280] Received response. Stream id: 0
I0519 23:14:37.507970     6 test_utils.cpp:280] Received response. Stream id: 0
I0519 23:14:37.508004     6 test_utils.cpp:280] Received response. Stream id: 0
I0519 23:14:37.508039     6 test_utils.cpp:280] Received response. Stream id: 0
I0519 23:14:37.508060     6 test_utils.cpp:280] Received response. Stream id: 0
I0519 23:14:37.508097     6 test_utils.cpp:280] Received response. Stream id: 0
I0519 23:14:37.508136     6 test_utils.cpp:280] Received response. Stream id: 0
I0519 23:14:37.508173     6 test_utils.cpp:280] Received response. Stream id: 0
I0519 23:14:37.508204     6 test_utils.cpp:280] Received response. Stream id: 0
I0519 23:14:37.508231     6 test_utils.cpp:280] Received response. Stream id: 0
I0519 23:14:37.524529     6 test_utils.cpp:280] Received response. Stream id: 0
I0519 23:14:37.524791     6 test_utils.cpp:280] Received response. Stream id: 0
I0519 23:14:37.524827     6 test_utils.cpp:280] Received response. Stream id: 0
I0519 23:14:37.524861     6 test_utils.cpp:280] Received response. Stream id: 0
I0519 23:14:37.524878     6 test_utils.cpp:280] Received response. Stream id: 0
I0519 23:14:37.524892     6 test_utils.cpp:280] Received response. Stream id: 0
I0519 23:14:37.524906     6 test_utils.cpp:280] Received response. Stream id: 0
I0519 23:14:37.524919     6 test_utils.cpp:280] Received response. Stream id: 0
I0519 23:14:37.524933     6 test_utils.cpp:280] Received response. Stream id: 0
I0519 23:14:37.524947     6 test_utils.cpp:280] Received response. Stream id: 0
I0519 23:14:37.525043     6 test_utils.cpp:280] Received response. Stream id: 0
I0519 23:14:37.525063     6 test_utils.cpp:280] Received response. Stream id: 0
I0519 23:14:37.525077     6 test_utils.cpp:280] Received response. Stream id: 0
I0519 23:14:37.525092     6 test_utils.cpp:280] Received response. Stream id: 0
I0519 23:14:37.525355     6 test_utils.cpp:280] Received response. Stream id: 0
I0519 23:14:37.525372     6 test_utils.cpp:280] Received response. Stream id: 0
I0519 23:14:37.525579     6 test_utils.cpp:280] Received response. Stream id: 0
I0519 23:14:37.525595     6 test_utils.cpp:280] Received response. Stream id: 0
I0519 23:14:37.525610     6 test_utils.cpp:280] Received response. Stream id: 0
I0519 23:14:37.525624     6 test_utils.cpp:280] Received response. Stream id: 0
I0519 23:14:37.525638     6 test_utils.cpp:280] Received response. Stream id: 0
I0519 23:14:37.525652     6 test_utils.cpp:280] Received response. Stream id: 0
I0519 23:14:37.525666     6 test_utils.cpp:280] Received response. Stream id: 0
I0519 23:14:37.525679     6 test_utils.cpp:280] Received response. Stream id: 0
I0519 23:14:37.525692     6 test_utils.cpp:280] Received response. Stream id: 0
I0519 23:14:37.525707     6 test_utils.cpp:280] Received response. Stream id: 0
I0519 23:14:37.525720     6 test_utils.cpp:280] Received response. Stream id: 0
I0519 23:14:37.525733     6 test_utils.cpp:280] Received response. Stream id: 0
I0519 23:14:37.525931     6 test_utils.cpp:280] Received response. Stream id: 0
I0519 23:14:37.525959     6 test_utils.cpp:280] Received response. Stream id: 0
I0519 23:14:37.525974     6 test_utils.cpp:280] Received response. Stream id: 0
I0519 23:14:37.525990     6 test_utils.cpp:280] Received response. Stream id: 0
I0519 23:14:37.526087     6 test_utils.cpp:280] Received response. Stream id: 0
I0519 23:14:37.526103     6 test_utils.cpp:280] Received response. Stream id: 0
I0519 23:14:37.527063     6 test_utils.cpp:280] Received response. Stream id: 0
I0519 23:14:37.527168     6 test_utils.cpp:280] Received response. Stream id: 0
I0519 23:14:37.527185     6 test_utils.cpp:280] Received response. Stream id: 0
I0519 23:14:37.527200     6 test_utils.cpp:280] Received response. Stream id: 0
I0519 23:14:37.527693     6 test_utils.cpp:280] Received response. Stream id: 0
I0519 23:14:37.527707     6 test_utils.cpp:280] Received response. Stream id: 0
I0519 23:14:37.527715     6 test_utils.cpp:280] Received response. Stream id: 0
I0519 23:14:37.527724     6 test_utils.cpp:280] Received response. Stream id: 0
I0519 23:14:37.527733     6 test_utils.cpp:280] Received response. Stream id: 0
I0519 23:14:37.527740     6 test_utils.cpp:280] Received response. Stream id: 0
I0519 23:14:37.527748     6 test_utils.cpp:280] Received response. Stream id: 0
I0519 23:14:37.527755     6 test_utils.cpp:280] Received response. Stream id: 0
I0519 23:14:37.527763     6 test_utils.cpp:280] Received response. Stream id: 0
I0519 23:14:37.527770     6 test_utils.cpp:280] Received response. Stream id: 0
I0519 23:14:37.527778     6 test_utils.cpp:280] Received response. Stream id: 0
I0519 23:14:37.527786     6 test_utils.cpp:280] Received response. Stream id: 0
I0519 23:14:37.527794     6 test_utils.cpp:280] Received response. Stream id: 0
I0519 23:14:37.527802     6 test_utils.cpp:280] Received response. Stream id: 0
I0519 23:14:37.527812     6 test_utils.cpp:280] Received response. Stream id: 0
I0519 23:14:37.527819     6 test_utils.cpp:280] Received response. Stream id: 0
I0519 23:14:37.527827     6 test_utils.cpp:280] Received response. Stream id: 0
I0519 23:14:37.527835     6 test_utils.cpp:280] Received response. Stream id: 0
I0519 23:14:37.527842     6 test_utils.cpp:280] Received response. Stream id: 0
I0519 23:14:37.527850     6 test_utils.cpp:280] Received response. Stream id: 0
I0519 23:14:37.527858     6 test_utils.cpp:280] Received response. Stream id: 0
I0519 23:14:37.527865     6 test_utils.cpp:280] Received response. Stream id: 0
I0519 23:14:37.527873     6 test_utils.cpp:280] Received response. Stream id: 0
I0519 23:14:37.527880     6 test_utils.cpp:280] Received response. Stream id: 0
I0519 23:14:37.527889     6 test_utils.cpp:280] Received response. Stream id: 0
I0519 23:14:37.527896     6 test_utils.cpp:280] Received response. Stream id: 0
I0519 23:14:37.527904     6 test_utils.cpp:280] Received response. Stream id: 0
I0519 23:14:37.527912     6 test_utils.cpp:280] Received response. Stream id: 0
I0519 23:14:37.527920     6 test_utils.cpp:280] Received response. Stream id: 0
I0519 23:14:37.527928     6 test_utils.cpp:280] Received response. Stream id: 0
I0519 23:14:37.527936     6 test_utils.cpp:280] Received response. Stream id: 0
I0519 23:14:37.527943     6 test_utils.cpp:280] Received response. Stream id: 0
I0519 23:14:37.527951     6 test_utils.cpp:280] Received response. Stream id: 0
I0519 23:14:37.527957     6 test_utils.cpp:280] Received response. Stream id: 0
I0519 23:14:37.527966     6 test_utils.cpp:280] Received response. Stream id: 0
I0519 23:14:37.527973     6 test_utils.cpp:280] Received response. Stream id: 0
I0519 23:14:37.527980     6 test_utils.cpp:280] Received response. Stream id: 0
I0519 23:14:37.527987     6 test_utils.cpp:280] Received response. Stream id: 0
I0519 23:14:37.527995     6 test_utils.cpp:280] Received response. Stream id: 0
I0519 23:14:37.528002     6 test_utils.cpp:280] Received response. Stream id: 0
I0519 23:14:37.528009     6 test_utils.cpp:280] Received response. Stream id: 0
I0519 23:14:37.528017     6 test_utils.cpp:280] Received response. Stream id: 0
I0519 23:14:37.528024     6 test_utils.cpp:280] Received response. Stream id: 0
I0519 23:14:37.528033     6 test_utils.cpp:280] Received response. Stream id: 0
I0519 23:14:37.528039     6 test_utils.cpp:280] Received response. Stream id: 0
I0519 23:14:37.528046     6 test_utils.cpp:280] Received response. Stream id: 0
I0519 23:14:37.528054     6 test_utils.cpp:280] Received response. Stream id: 0
I0519 23:14:37.528061     6 test_utils.cpp:280] Received response. Stream id: 0
I0519 23:14:37.528069     6 test_utils.cpp:280] Received response. Stream id: 0
I0519 23:14:37.528075     6 test_utils.cpp:280] Received response. Stream id: 0
I0519 23:14:37.528083     6 test_utils.cpp:280] Received response. Stream id: 0
I0519 23:14:37.528090     6 test_utils.cpp:280] Received response. Stream id: 0
I0519 23:14:37.528097     6 test_utils.cpp:280] Received response. Stream id: 0
I0519 23:14:37.528185     6 test_utils.cpp:280] Received response. Stream id: 0
I0519 23:14:37.528219     6 test_utils.cpp:280] Received response. Stream id: 0
I0519 23:14:37.528234     6 test_utils.cpp:280] Received response. Stream id: 0
I0519 23:14:37.528249     6 test_utils.cpp:280] Received response. Stream id: 0
I0519 23:14:37.528263     6 test_utils.cpp:280] Received response. Stream id: 0
I0519 23:14:37.528276     6 test_utils.cpp:280] Received response. Stream id: 0
I0519 23:14:37.528290     6 test_utils.cpp:280] Received response. Stream id: 0
I0519 23:14:37.528303     6 test_utils.cpp:280] Received response. Stream id: 0
I0519 23:14:37.528316     6 test_utils.cpp:280] Received response. Stream id: 0
I0519 23:14:37.528330     6 test_utils.cpp:280] Received response. Stream id: 0
I0519 23:14:37.528343     6 test_utils.cpp:280] Received response. Stream id: 0
I0519 23:14:37.528357     6 test_utils.cpp:280] Received response. Stream id: 0
I0519 23:14:37.528373     6 test_utils.cpp:280] Received response. Stream id: 0
I0519 23:14:37.528401     6 test_utils.cpp:280] Received response. Stream id: 0
I0519 23:14:37.528417     6 test_utils.cpp:280] Received response. Stream id: 0
I0519 23:14:37.528430     6 test_utils.cpp:280] Received response. Stream id: 0
I0519 23:14:37.528443     6 test_utils.cpp:280] Received response. Stream id: 0
I0519 23:14:37.528456     6 test_utils.cpp:280] Received response. Stream id: 0
I0519 23:14:37.528470     6 test_utils.cpp:280] Received response. Stream id: 0
I0519 23:14:37.528483     6 test_utils.cpp:280] Received response. Stream id: 0
I0519 23:14:37.528497     6 test_utils.cpp:280] Received response. Stream id: 0
I0519 23:14:37.528510     6 test_utils.cpp:280] Received response. Stream id: 0
I0519 23:14:37.528523     6 test_utils.cpp:280] Received response. Stream id: 0
I0519 23:14:37.528537     6 test_utils.cpp:280] Received response. Stream id: 0
I0519 23:14:37.528550     6 test_utils.cpp:280] Received response. Stream id: 0
I0519 23:14:37.528564     6 test_utils.cpp:280] Received response. Stream id: 0
I0519 23:14:37.528577     6 test_utils.cpp:280] Received response. Stream id: 0
I0519 23:14:37.528590     6 test_utils.cpp:280] Received response. Stream id: 0
I0519 23:14:37.528604     6 test_utils.cpp:280] Received response. Stream id: 0
I0519 23:14:37.528617     6 test_utils.cpp:280] Received response. Stream id: 0
I0519 23:14:37.528671     6 test_utils.cpp:280] Received response. Stream id: 0
I0519 23:14:37.528687     6 test_utils.cpp:280] Received response. Stream id: 0
I0519 23:14:37.537323     6 test_utils.cpp:280] Received response. Stream id: 0
I0519 23:14:37.537356     6 test_utils.cpp:280] Received response. Stream id: 0
I0519 23:14:37.539331     6 test_utils.cpp:280] Received response. Stream id: 0
I0519 23:14:37.539366     6 test_utils.cpp:280] Received response. Stream id: 0
I0519 23:14:37.539382     6 test_utils.cpp:280] Received response. Stream id: 0
I0519 23:14:37.539412     6 test_utils.cpp:280] Received response. Stream id: 0
I0519 23:14:37.539427     6 test_utils.cpp:280] Received response. Stream id: 0
I0519 23:14:37.539440     6 test_utils.cpp:280] Received response. Stream id: 0
I0519 23:14:37.539454     6 test_utils.cpp:280] Received response. Stream id: 0
I0519 23:14:37.539469     6 test_utils.cpp:280] Received response. Stream id: 0
I0519 23:14:37.539482     6 test_utils.cpp:280] Received response. Stream id: 0
I0519 23:14:37.539496     6 test_utils.cpp:280] Received response. Stream id: 0
I0519 23:14:37.539510     6 test_utils.cpp:280] Received response. Stream id: 0
I0519 23:14:37.539525     6 test_utils.cpp:280] Received response. Stream id: 0
I0519 23:14:37.539538     6 test_utils.cpp:280] Received response. Stream id: 0
I0519 23:14:37.539552     6 test_utils.cpp:280] Received response. Stream id: 0
I0519 23:14:37.539566     6 test_utils.cpp:280] Received response. Stream id: 0
I0519 23:14:37.539579     6 test_utils.cpp:280] Received response. Stream id: 0
I0519 23:14:37.539592     6 test_utils.cpp:280] Received response. Stream id: 0
I0519 23:14:37.539606     6 test_utils.cpp:280] Received response. Stream id: 0
I0519 23:14:37.540177     6 test_utils.cpp:280] Received response. Stream id: 0
I0519 23:14:37.540199     6 test_utils.cpp:280] Received response. Stream id: 0
I0519 23:14:37.540213     6 test_utils.cpp:280] Received response. Stream id: 0
I0519 23:14:37.540226     6 test_utils.cpp:280] Received response. Stream id: 0
I0519 23:14:37.540241     6 test_utils.cpp:280] Received response. Stream id: 0
I0519 23:14:37.540254     6 test_utils.cpp:280] Received response. Stream id: 0
I0519 23:14:37.540267     6 test_utils.cpp:280] Received response. Stream id: 0
I0519 23:14:37.540280     6 test_utils.cpp:280] Received response. Stream id: 0
I0519 23:14:37.540294     6 test_utils.cpp:280] Received response. Stream id: 0
I0519 23:14:37.540308     6 test_utils.cpp:280] Received response. Stream id: 0
I0519 23:14:37.540321     6 test_utils.cpp:280] Received response. Stream id: 0
I0519 23:14:37.540818     6 test_utils.cpp:280] Received response. Stream id: 0
I0519 23:14:37.540848     6 test_utils.cpp:280] Received response. Stream id: 0
I0519 23:14:37.540908     6 test_utils.cpp:280] Received response. Stream id: 0
I0519 23:14:37.540931     6 test_utils.cpp:280] Received response. Stream id: 0
I0519 23:14:37.540946     6 test_utils.cpp:280] Received response. Stream id: 0
I0519 23:14:37.540961     6 test_utils.cpp:280] Received response. Stream id: 0
I0519 23:14:37.540977     6 test_utils.cpp:280] Received response. Stream id: 0
I0519 23:14:37.540990     6 test_utils.cpp:280] Received response. Stream id: 0
I0519 23:14:37.541003     6 test_utils.cpp:280] Received response. Stream id: 0
I0519 23:14:37.541018     6 test_utils.cpp:280] Received response. Stream id: 0
I0519 23:14:37.541030     6 test_utils.cpp:280] Received response. Stream id: 0
I0519 23:14:37.541044     6 test_utils.cpp:280] Received response. Stream id: 0
I0519 23:14:37.541059     6 test_utils.cpp:280] Received response. Stream id: 0
I0519 23:14:37.541072     6 test_utils.cpp:280] Received response. Stream id: 0
I0519 23:14:37.541087     6 test_utils.cpp:280] Received response. Stream id: 0
I0519 23:14:37.541100     6 test_utils.cpp:280] Received response. Stream id: 0
I0519 23:14:37.541114     6 test_utils.cpp:280] Received response. Stream id: 0
I0519 23:14:37.541128     6 test_utils.cpp:280] Received response. Stream id: 0
I0519 23:14:37.541141     6 test_utils.cpp:280] Received response. Stream id: 0
I0519 23:14:37.541155     6 test_utils.cpp:280] Received response. Stream id: 0
I0519 23:14:37.541168     6 test_utils.cpp:280] Received response. Stream id: 0
I0519 23:14:37.541182     6 test_utils.cpp:280] Received response. Stream id: 0
I0519 23:14:37.541195     6 test_utils.cpp:280] Received response. Stream id: 0
I0519 23:14:37.541426     6 test_utils.cpp:280] Received response. Stream id: 0
I0519 23:14:37.541445     6 test_utils.cpp:280] Received response. Stream id: 0
I0519 23:14:37.541555     6 test_utils.cpp:280] Received response. Stream id: 0
I0519 23:14:37.541565     6 test_utils.cpp:280] Received response. Stream id: 0
I0519 23:14:37.541574     6 test_utils.cpp:280] Received response. Stream id: 0
I0519 23:14:37.541581     6 test_utils.cpp:280] Received response. Stream id: 0
I0519 23:14:37.541782     6 test_utils.cpp:280] Received response. Stream id: 0
I0519 23:14:37.541800     6 test_utils.cpp:280] Received response. Stream id: 0
I0519 23:14:37.541808     6 test_utils.cpp:280] Received response. Stream id: 0
I0519 23:14:37.541816     6 test_utils.cpp:280] Received response. Stream id: 0
I0519 23:14:37.541823     6 test_utils.cpp:280] Received response. Stream id: 0
I0519 23:14:37.541831     6 test_utils.cpp:280] Received response. Stream id: 0
I0519 23:14:37.541837     6 test_utils.cpp:280] Received response. Stream id: 0
I0519 23:14:37.541844     6 test_utils.cpp:280] Received response. Stream id: 0
I0519 23:14:37.541851     6 test_utils.cpp:280] Received response. Stream id: 0
I0519 23:14:37.541859     6 test_utils.cpp:280] Received response. Stream id: 0
I0519 23:14:37.541867     6 test_utils.cpp:280] Received response. Stream id: 0
I0519 23:14:37.541873     6 test_utils.cpp:280] Received response. Stream id: 0
I0519 23:14:37.541880     6 test_utils.cpp:280] Received response. Stream id: 0
I0519 23:14:37.541887     6 test_utils.cpp:280] Received response. Stream id: 0
I0519 23:14:37.541894     6 test_utils.cpp:280] Received response. Stream id: 0
I0519 23:14:37.542007     6 test_utils.cpp:280] Received response. Stream id: 0
I0519 23:14:37.546610     6 test_utils.cpp:280] Received response. Stream id: 0
I0519 23:14:37.829504     6 module.cpp:19] MultiHomeOrderer - thread stopped
I0519 23:14:37.834867     6 module.cpp:19] Paxos-8 - thread stopped
I0519 23:14:37.838953     6 module.cpp:19] Scheduler - thread stopped
I0519 23:14:37.844839     6 module.cpp:19] Worker-45 - thread stopped
I0519 23:14:37.850915     6 module.cpp:19] Worker-46 - thread stopped
I0519 23:14:37.852768     6 module.cpp:19] Worker-47 - thread stopped
I0519 23:14:37.862921     6 module.cpp:19] LogManager - thread stopped
I0519 23:14:37.864732     6 module.cpp:19] Sequencer - thread stopped
I0519 23:14:37.866655     6 module.cpp:19] Batcher - thread stopped
I0519 23:14:37.868654     6 module.cpp:19] Forwarder - thread stopped
I0519 23:14:37.870642     6 module.cpp:19] Server - thread stopped
I0519 23:14:37.873939     6 module.cpp:19] Broker - thread stopped
I0519 23:14:37.877081     6 module.cpp:19] Broker - thread stopped
[       OK ] AllProtocols/ConsistencySingleRegionTest.RunsConsistentWorkload/Slog (5728 ms)
[----------] 1 test from AllProtocols/ConsistencySingleRegionTest (5728 ms total)

[----------] Global test environment tear-down
[==========] 1 test from 1 test suite ran. (5728 ms total)
[  PASSED  ] 1 test.
