Running main() from /src/build/_deps/googletest-src/googletest/src/gtest_main.cc
Note: Google Test filter = AllProtocols/ConsistencyMultiRegionTest.RunsConsistentWorkload/DDROnly
[==========] Running 1 test from 1 test suite.
[----------] Global test environment set-up.
[----------] 1 test from AllProtocols/ConsistencyMultiRegionTest
[ RUN      ] AllProtocols/ConsistencyMultiRegionTest.RunsConsistentWorkload/DDROnly
WARNING: Logging before InitGoogleLogging() is written to STDERR
I0519 23:23:35.834581     7 load_tables.cpp:415] Generating ~2 warehouses using 1 threads. 
I0519 23:23:35.834779     7 load_tables.cpp:52] Loading 100000 items for each of 2 representative warehouses
I0519 23:23:36.007295     7 load_tables.cpp:90] Total Item table size: 36622240
I0519 23:23:37.440016    16 load_tables.cpp:39] Total table sizes:
I0519 23:23:37.440060    16 load_tables.cpp:40] Total Warehouse table size: 400
I0519 23:23:37.440062    16 load_tables.cpp:41] Total Stock table size: 106759872
I0519 23:23:37.440063    16 load_tables.cpp:42] Total District table size: 4084
I0519 23:23:37.440064    16 load_tables.cpp:43] Total Customer table size: 50824244
I0519 23:23:37.440065    16 load_tables.cpp:44] Total History table size: 50824244
I0519 23:23:37.440066    16 load_tables.cpp:45] Total Order table size: 5287050
I0519 23:23:37.440066    16 load_tables.cpp:46] Total New Order table size: 1640220
I0519 23:23:37.440068    16 load_tables.cpp:47] Total Order Line table size: 55318740
I0519 23:23:41.012769     7 load_tables.cpp:415] Generating ~2 warehouses using 1 threads. 
I0519 23:23:41.012862     7 load_tables.cpp:52] Loading 100000 items for each of 2 representative warehouses
I0519 23:23:41.175285     7 load_tables.cpp:90] Total Item table size: 36622240
I0519 23:23:42.578699    17 load_tables.cpp:39] Total table sizes:
I0519 23:23:42.578724    17 load_tables.cpp:40] Total Warehouse table size: 400
I0519 23:23:42.578725    17 load_tables.cpp:41] Total Stock table size: 106759872
I0519 23:23:42.578727    17 load_tables.cpp:42] Total District table size: 4084
I0519 23:23:42.578727    17 load_tables.cpp:43] Total Customer table size: 50824244
I0519 23:23:42.578728    17 load_tables.cpp:44] Total History table size: 50824244
I0519 23:23:42.578728    17 load_tables.cpp:45] Total Order table size: 5287050
I0519 23:23:42.578729    17 load_tables.cpp:46] Total New Order table size: 1640220
I0519 23:23:42.578730    17 load_tables.cpp:47] Total Order Line table size: 55318740
I0519 23:23:46.178953     7 load_tables.cpp:415] Generating ~2 warehouses using 1 threads. 
I0519 23:23:46.179026     7 load_tables.cpp:52] Loading 100000 items for each of 2 representative warehouses
I0519 23:23:46.345104     7 load_tables.cpp:90] Total Item table size: 36622240
I0519 23:23:47.735890    18 load_tables.cpp:39] Total table sizes:
I0519 23:23:47.735908    18 load_tables.cpp:40] Total Warehouse table size: 400
I0519 23:23:47.735909    18 load_tables.cpp:41] Total Stock table size: 106759872
I0519 23:23:47.735910    18 load_tables.cpp:42] Total District table size: 4084
I0519 23:23:47.735911    18 load_tables.cpp:43] Total Customer table size: 50824244
I0519 23:23:47.735911    18 load_tables.cpp:44] Total History table size: 50824244
I0519 23:23:47.735913    18 load_tables.cpp:45] Total Order table size: 5287050
I0519 23:23:47.735913    18 load_tables.cpp:46] Total New Order table size: 1640220
I0519 23:23:47.735914    18 load_tables.cpp:47] Total Order Line table size: 55318740
I0519 23:23:51.350747     7 load_tables.cpp:415] Generating ~2 warehouses using 1 threads. 
I0519 23:23:51.350827     7 load_tables.cpp:52] Loading 100000 items for each of 2 representative warehouses
I0519 23:23:51.511531     7 load_tables.cpp:90] Total Item table size: 36622240
I0519 23:23:52.883188    19 load_tables.cpp:39] Total table sizes:
I0519 23:23:52.883210    19 load_tables.cpp:40] Total Warehouse table size: 400
I0519 23:23:52.883212    19 load_tables.cpp:41] Total Stock table size: 106759872
I0519 23:23:52.883213    19 load_tables.cpp:42] Total District table size: 4084
I0519 23:23:52.883214    19 load_tables.cpp:43] Total Customer table size: 50824244
I0519 23:23:52.883214    19 load_tables.cpp:44] Total History table size: 50824244
I0519 23:23:52.883215    19 load_tables.cpp:45] Total Order table size: 5287050
I0519 23:23:52.883216    19 load_tables.cpp:46] Total New Order table size: 1640220
I0519 23:23:52.883217    19 load_tables.cpp:47] Total Order Line table size: 55318740
I0519 23:23:56.519019    22 broker.cpp:54] Binding a broker thread to "ipc:///tmp/test_mr_tpcc0:0"
I0519 23:23:56.519688    23 broker.cpp:54] Binding a broker thread to "ipc:///tmp/test_mr_tpcc0:1"
I0519 23:23:56.538740    25 networked_module.cpp:75] Bound Forwarder to "ipc:///tmp/test_mr_tpcc0:2"
I0519 23:23:56.539062    26 networked_module.cpp:75] Bound Sequencer to "ipc:///tmp/test_mr_tpcc0:3"
I0519 23:23:56.539104    24 server.cpp:72] Bound Server to: tcp://*:19325
I0519 23:23:56.541116    38 broker.cpp:54] Binding a broker thread to "ipc:///tmp/test_mr_tpcc1:0"
I0519 23:23:56.541735    41 broker.cpp:54] Binding a broker thread to "ipc:///tmp/test_mr_tpcc1:1"
I0519 23:23:56.569802    42 server.cpp:72] Bound Server to: tcp://*:27608
I0519 23:23:56.570441    44 networked_module.cpp:75] Bound Sequencer to "ipc:///tmp/test_mr_tpcc1:3"
I0519 23:23:56.571110    43 networked_module.cpp:75] Bound Forwarder to "ipc:///tmp/test_mr_tpcc1:2"
I0519 23:23:56.572494    24 server.cpp:203] Machine [0,0,1] is online
I0519 23:23:56.573313    59 broker.cpp:54] Binding a broker thread to "ipc:///tmp/test_mr_tpcc2:1"
I0519 23:23:56.573745    62 networked_module.cpp:75] Bound Sequencer to "ipc:///tmp/test_mr_tpcc2:3"
I0519 23:23:56.573782    61 networked_module.cpp:75] Bound Forwarder to "ipc:///tmp/test_mr_tpcc2:2"
I0519 23:23:56.574062    58 broker.cpp:54] Binding a broker thread to "ipc:///tmp/test_mr_tpcc2:0"
I0519 23:23:56.574851    60 server.cpp:72] Bound Server to: tcp://*:23301
I0519 23:23:56.574972    72 broker.cpp:54] Binding a broker thread to "ipc:///tmp/test_mr_tpcc3:1"
I0519 23:23:56.574990    71 broker.cpp:54] Binding a broker thread to "ipc:///tmp/test_mr_tpcc3:0"
I0519 23:23:56.578861    24 server.cpp:203] Machine [1,0,0] is online
I0519 23:23:56.579718    42 server.cpp:203] Machine [1,0,0] is online
I0519 23:23:56.592864    74 networked_module.cpp:75] Bound Forwarder to "ipc:///tmp/test_mr_tpcc3:2"
I0519 23:23:56.593339    75 networked_module.cpp:75] Bound Sequencer to "ipc:///tmp/test_mr_tpcc3:3"
I0519 23:23:56.593581    73 server.cpp:72] Bound Server to: tcp://*:23075
I0519 23:23:56.593842    73 server.cpp:203] Machine [1,0,0] is online
I0519 23:23:56.621502    42 server.cpp:203] Machine [1,0,1] is online
I0519 23:23:56.625245    60 server.cpp:203] Machine [1,0,1] is online
I0519 23:23:56.633435    24 server.cpp:203] Machine [1,0,1] is online
I0519 23:23:56.633589    24 server.cpp:206] All machines are online
I0519 23:23:56.665954     7 test_utils.cpp:280] Received response. Stream id: 0
I0519 23:23:56.668840     7 test_utils.cpp:280] Received response. Stream id: 0
I0519 23:23:56.668965     7 test_utils.cpp:280] Received response. Stream id: 0
I0519 23:23:56.669247     7 test_utils.cpp:280] Received response. Stream id: 0
I0519 23:23:56.669417     7 test_utils.cpp:280] Received response. Stream id: 0
I0519 23:23:56.669564     7 test_utils.cpp:280] Received response. Stream id: 0
I0519 23:23:56.669687     7 test_utils.cpp:280] Received response. Stream id: 0
I0519 23:23:56.669781     7 test_utils.cpp:280] Received response. Stream id: 0
I0519 23:23:56.669935     7 test_utils.cpp:280] Received response. Stream id: 0
I0519 23:23:56.670095     7 test_utils.cpp:280] Received response. Stream id: 0
I0519 23:23:56.670260     7 test_utils.cpp:280] Received response. Stream id: 0
I0519 23:23:56.671124     7 test_utils.cpp:280] Received response. Stream id: 0
I0519 23:23:56.671284     7 test_utils.cpp:280] Received response. Stream id: 0
I0519 23:23:56.671501     7 test_utils.cpp:280] Received response. Stream id: 0
I0519 23:23:56.671543     7 test_utils.cpp:280] Received response. Stream id: 0
I0519 23:23:56.671592     7 test_utils.cpp:280] Received response. Stream id: 0
I0519 23:23:56.671665     7 test_utils.cpp:280] Received response. Stream id: 0
I0519 23:23:56.671718     7 test_utils.cpp:280] Received response. Stream id: 0
I0519 23:23:56.671772     7 test_utils.cpp:280] Received response. Stream id: 0
I0519 23:23:56.672562    42 server.cpp:203] Machine [0,0,0] is online
I0519 23:23:56.672569    42 server.cpp:206] All machines are online
I0519 23:23:56.677342     7 test_utils.cpp:280] Received response. Stream id: 0
I0519 23:23:56.677381     7 test_utils.cpp:280] Received response. Stream id: 0
I0519 23:23:56.677405     7 test_utils.cpp:280] Received response. Stream id: 0
I0519 23:23:56.677429     7 test_utils.cpp:280] Received response. Stream id: 0
I0519 23:23:56.677465     7 test_utils.cpp:280] Received response. Stream id: 0
I0519 23:23:56.677489     7 test_utils.cpp:280] Received response. Stream id: 0
I0519 23:23:56.681392    60 server.cpp:203] Machine [0,0,1] is online
I0519 23:23:56.685079     7 test_utils.cpp:280] Received response. Stream id: 0
I0519 23:23:56.685176     7 test_utils.cpp:280] Received response. Stream id: 0
I0519 23:23:56.685297     7 test_utils.cpp:280] Received response. Stream id: 0
I0519 23:23:56.685364     7 test_utils.cpp:280] Received response. Stream id: 0
I0519 23:23:56.685431     7 test_utils.cpp:280] Received response. Stream id: 0
I0519 23:23:56.685559     7 test_utils.cpp:280] Received response. Stream id: 0
I0519 23:23:56.685689     7 test_utils.cpp:280] Received response. Stream id: 0
I0519 23:23:56.685810     7 test_utils.cpp:280] Received response. Stream id: 0
I0519 23:23:56.685915     7 test_utils.cpp:280] Received response. Stream id: 0
I0519 23:23:56.686029     7 test_utils.cpp:280] Received response. Stream id: 0
I0519 23:23:56.686089     7 test_utils.cpp:280] Received response. Stream id: 0
I0519 23:23:56.686149     7 test_utils.cpp:280] Received response. Stream id: 0
I0519 23:23:56.686197     7 test_utils.cpp:280] Received response. Stream id: 0
I0519 23:23:56.686244     7 test_utils.cpp:280] Received response. Stream id: 0
I0519 23:23:56.686302     7 test_utils.cpp:280] Received response. Stream id: 0
I0519 23:23:56.686347     7 test_utils.cpp:280] Received response. Stream id: 0
I0519 23:23:56.686389     7 test_utils.cpp:280] Received response. Stream id: 0
I0519 23:23:56.686432     7 test_utils.cpp:280] Received response. Stream id: 0
I0519 23:23:56.686492     7 test_utils.cpp:280] Received response. Stream id: 0
I0519 23:23:56.686534     7 test_utils.cpp:280] Received response. Stream id: 0
I0519 23:23:56.686578     7 test_utils.cpp:280] Received response. Stream id: 0
I0519 23:23:56.686620     7 test_utils.cpp:280] Received response. Stream id: 0
I0519 23:23:56.686666     7 test_utils.cpp:280] Received response. Stream id: 0
I0519 23:23:56.686712     7 test_utils.cpp:280] Received response. Stream id: 0
I0519 23:23:56.686759     7 test_utils.cpp:280] Received response. Stream id: 0
I0519 23:23:56.686818     7 test_utils.cpp:280] Received response. Stream id: 0
I0519 23:23:56.686858     7 test_utils.cpp:280] Received response. Stream id: 0
I0519 23:23:56.686882     7 test_utils.cpp:280] Received response. Stream id: 0
I0519 23:23:56.686926     7 test_utils.cpp:280] Received response. Stream id: 0
I0519 23:23:56.686985     7 test_utils.cpp:280] Received response. Stream id: 0
I0519 23:23:56.687026     7 test_utils.cpp:280] Received response. Stream id: 0
I0519 23:23:56.687072     7 test_utils.cpp:280] Received response. Stream id: 0
I0519 23:23:56.687119     7 test_utils.cpp:280] Received response. Stream id: 0
I0519 23:23:56.687163     7 test_utils.cpp:280] Received response. Stream id: 0
I0519 23:23:56.687209     7 test_utils.cpp:280] Received response. Stream id: 0
I0519 23:23:56.687252     7 test_utils.cpp:280] Received response. Stream id: 0
I0519 23:23:56.687295     7 test_utils.cpp:280] Received response. Stream id: 0
I0519 23:23:56.687341     7 test_utils.cpp:280] Received response. Stream id: 0
I0519 23:23:56.687386     7 test_utils.cpp:280] Received response. Stream id: 0
I0519 23:23:56.687431     7 test_utils.cpp:280] Received response. Stream id: 0
I0519 23:23:56.687493     7 test_utils.cpp:280] Received response. Stream id: 0
I0519 23:23:56.687589     7 test_utils.cpp:280] Received response. Stream id: 0
I0519 23:23:56.687760     7 test_utils.cpp:280] Received response. Stream id: 0
I0519 23:23:56.687884     7 test_utils.cpp:280] Received response. Stream id: 0
I0519 23:23:56.687958     7 test_utils.cpp:280] Received response. Stream id: 0
I0519 23:23:56.688061     7 test_utils.cpp:280] Received response. Stream id: 0
I0519 23:23:56.688170     7 test_utils.cpp:280] Received response. Stream id: 0
I0519 23:23:56.688283     7 test_utils.cpp:280] Received response. Stream id: 0
I0519 23:23:56.688398     7 test_utils.cpp:280] Received response. Stream id: 0
I0519 23:23:56.688732     7 test_utils.cpp:280] Received response. Stream id: 0
I0519 23:23:56.689078     7 test_utils.cpp:280] Received response. Stream id: 0
I0519 23:23:56.689343     7 test_utils.cpp:280] Received response. Stream id: 0
I0519 23:23:56.689473     7 test_utils.cpp:280] Received response. Stream id: 0
I0519 23:23:56.689567     7 test_utils.cpp:280] Received response. Stream id: 0
I0519 23:23:56.689642     7 test_utils.cpp:280] Received response. Stream id: 0
I0519 23:23:56.689785     7 test_utils.cpp:280] Received response. Stream id: 0
I0519 23:23:56.689858     7 test_utils.cpp:280] Received response. Stream id: 0
I0519 23:23:56.690129     7 test_utils.cpp:280] Received response. Stream id: 0
I0519 23:23:56.690203     7 test_utils.cpp:280] Received response. Stream id: 0
I0519 23:23:56.690250     7 test_utils.cpp:280] Received response. Stream id: 0
I0519 23:23:56.689667    60 server.cpp:203] Machine [0,0,0] is online
I0519 23:23:56.690487    60 server.cpp:206] All machines are online
I0519 23:23:56.690730     7 test_utils.cpp:280] Received response. Stream id: 0
I0519 23:23:56.690800     7 test_utils.cpp:280] Received response. Stream id: 0
I0519 23:23:56.690831     7 test_utils.cpp:280] Received response. Stream id: 0
I0519 23:23:56.690886     7 test_utils.cpp:280] Received response. Stream id: 0
I0519 23:23:56.690943     7 test_utils.cpp:280] Received response. Stream id: 0
I0519 23:23:56.690999     7 test_utils.cpp:280] Received response. Stream id: 0
I0519 23:23:56.691047     7 test_utils.cpp:280] Received response. Stream id: 0
I0519 23:23:56.691074     7 test_utils.cpp:280] Received response. Stream id: 0
I0519 23:23:56.691128     7 test_utils.cpp:280] Received response. Stream id: 0
I0519 23:23:56.691183     7 test_utils.cpp:280] Received response. Stream id: 0
I0519 23:23:56.691236     7 test_utils.cpp:280] Received response. Stream id: 0
I0519 23:23:56.691284     7 test_utils.cpp:280] Received response. Stream id: 0
I0519 23:23:56.691327     7 test_utils.cpp:280] Received response. Stream id: 0
I0519 23:23:56.691367     7 test_utils.cpp:280] Received response. Stream id: 0
I0519 23:23:56.691402     7 test_utils.cpp:280] Received response. Stream id: 0
I0519 23:23:56.691790     7 test_utils.cpp:280] Received response. Stream id: 0
I0519 23:23:56.692032     7 test_utils.cpp:280] Received response. Stream id: 0
I0519 23:23:56.709733    73 server.cpp:203] Machine [0,0,1] is online
I0519 23:23:56.712333     7 test_utils.cpp:280] Received response. Stream id: 0
I0519 23:23:56.712397     7 test_utils.cpp:280] Received response. Stream id: 0
I0519 23:23:56.712932     7 test_utils.cpp:280] Received response. Stream id: 0
I0519 23:23:56.712976     7 test_utils.cpp:280] Received response. Stream id: 0
I0519 23:23:56.713009     7 test_utils.cpp:280] Received response. Stream id: 0
I0519 23:23:56.713073     7 test_utils.cpp:280] Received response. Stream id: 0
I0519 23:23:56.713114     7 test_utils.cpp:280] Received response. Stream id: 0
I0519 23:23:56.713169     7 test_utils.cpp:280] Received response. Stream id: 0
I0519 23:23:56.713223     7 test_utils.cpp:280] Received response. Stream id: 0
I0519 23:23:56.713272     7 test_utils.cpp:280] Received response. Stream id: 0
I0519 23:23:56.713295     7 test_utils.cpp:280] Received response. Stream id: 0
I0519 23:23:56.713337     7 test_utils.cpp:280] Received response. Stream id: 0
I0519 23:23:56.713364     7 test_utils.cpp:280] Received response. Stream id: 0
I0519 23:23:56.713388     7 test_utils.cpp:280] Received response. Stream id: 0
I0519 23:23:56.713411     7 test_utils.cpp:280] Received response. Stream id: 0
I0519 23:23:56.713430     7 test_utils.cpp:280] Received response. Stream id: 0
I0519 23:23:56.713443     7 test_utils.cpp:280] Received response. Stream id: 0
I0519 23:23:56.713522     7 test_utils.cpp:280] Received response. Stream id: 0
I0519 23:23:56.713534     7 test_utils.cpp:280] Received response. Stream id: 0
I0519 23:23:56.713543     7 test_utils.cpp:280] Received response. Stream id: 0
I0519 23:23:56.713557     7 test_utils.cpp:280] Received response. Stream id: 0
I0519 23:23:56.713578     7 test_utils.cpp:280] Received response. Stream id: 0
I0519 23:23:56.713644     7 test_utils.cpp:280] Received response. Stream id: 0
I0519 23:23:56.713682     7 test_utils.cpp:280] Received response. Stream id: 0
I0519 23:23:56.713721     7 test_utils.cpp:280] Received response. Stream id: 0
I0519 23:23:56.713749     7 test_utils.cpp:280] Received response. Stream id: 0
I0519 23:23:56.713783     7 test_utils.cpp:280] Received response. Stream id: 0
I0519 23:23:56.713883     7 test_utils.cpp:280] Received response. Stream id: 0
I0519 23:23:56.713922     7 test_utils.cpp:280] Received response. Stream id: 0
I0519 23:23:56.714057     7 test_utils.cpp:280] Received response. Stream id: 0
I0519 23:23:56.714272     7 test_utils.cpp:280] Received response. Stream id: 0
I0519 23:23:56.714301     7 test_utils.cpp:280] Received response. Stream id: 0
I0519 23:23:56.714324     7 test_utils.cpp:280] Received response. Stream id: 0
I0519 23:23:56.714370     7 test_utils.cpp:280] Received response. Stream id: 0
I0519 23:23:56.714432     7 test_utils.cpp:280] Received response. Stream id: 0
I0519 23:23:56.714763     7 test_utils.cpp:280] Received response. Stream id: 0
I0519 23:23:56.714993     7 test_utils.cpp:280] Received response. Stream id: 0
I0519 23:23:56.715278     7 test_utils.cpp:280] Received response. Stream id: 0
I0519 23:23:56.715550     7 test_utils.cpp:280] Received response. Stream id: 0
I0519 23:23:56.715636     7 test_utils.cpp:280] Received response. Stream id: 0
I0519 23:23:56.715674     7 test_utils.cpp:280] Received response. Stream id: 0
I0519 23:23:56.715710     7 test_utils.cpp:280] Received response. Stream id: 0
I0519 23:23:56.715827     7 test_utils.cpp:280] Received response. Stream id: 0
I0519 23:23:56.715875     7 test_utils.cpp:280] Received response. Stream id: 0
I0519 23:23:56.715950     7 test_utils.cpp:280] Received response. Stream id: 0
I0519 23:23:56.716212     7 test_utils.cpp:280] Received response. Stream id: 0
I0519 23:23:56.716262     7 test_utils.cpp:280] Received response. Stream id: 0
I0519 23:23:56.716316     7 test_utils.cpp:280] Received response. Stream id: 0
I0519 23:23:56.716356     7 test_utils.cpp:280] Received response. Stream id: 0
I0519 23:23:56.716442     7 test_utils.cpp:280] Received response. Stream id: 0
I0519 23:23:56.716773     7 test_utils.cpp:280] Received response. Stream id: 0
I0519 23:23:56.720906     7 test_utils.cpp:280] Received response. Stream id: 0
I0519 23:23:56.722513     7 test_utils.cpp:280] Received response. Stream id: 0
I0519 23:23:56.722565     7 test_utils.cpp:280] Received response. Stream id: 0
I0519 23:23:56.722608     7 test_utils.cpp:280] Received response. Stream id: 0
I0519 23:23:56.722643     7 test_utils.cpp:280] Received response. Stream id: 0
I0519 23:23:56.722669     7 test_utils.cpp:280] Received response. Stream id: 0
I0519 23:23:56.722708     7 test_utils.cpp:280] Received response. Stream id: 0
I0519 23:23:56.722743     7 test_utils.cpp:280] Received response. Stream id: 0
I0519 23:23:56.722767     7 test_utils.cpp:280] Received response. Stream id: 0
I0519 23:23:56.722805     7 test_utils.cpp:280] Received response. Stream id: 0
I0519 23:23:56.722841     7 test_utils.cpp:280] Received response. Stream id: 0
I0519 23:23:56.722879     7 test_utils.cpp:280] Received response. Stream id: 0
I0519 23:23:56.722908     7 test_utils.cpp:280] Received response. Stream id: 0
I0519 23:23:56.722927     7 test_utils.cpp:280] Received response. Stream id: 0
I0519 23:23:56.722949     7 test_utils.cpp:280] Received response. Stream id: 0
I0519 23:23:56.722978     7 test_utils.cpp:280] Received response. Stream id: 0
I0519 23:23:56.723008     7 test_utils.cpp:280] Received response. Stream id: 0
I0519 23:23:56.723193     7 test_utils.cpp:280] Received response. Stream id: 0
I0519 23:23:56.723242     7 test_utils.cpp:280] Received response. Stream id: 0
I0519 23:23:56.723271     7 test_utils.cpp:280] Received response. Stream id: 0
I0519 23:23:56.723297     7 test_utils.cpp:280] Received response. Stream id: 0
I0519 23:23:56.723330     7 test_utils.cpp:280] Received response. Stream id: 0
I0519 23:23:56.723363     7 test_utils.cpp:280] Received response. Stream id: 0
I0519 23:23:56.723400     7 test_utils.cpp:280] Received response. Stream id: 0
I0519 23:23:56.723423     7 test_utils.cpp:280] Received response. Stream id: 0
I0519 23:23:56.723445     7 test_utils.cpp:280] Received response. Stream id: 0
I0519 23:23:56.723480     7 test_utils.cpp:280] Received response. Stream id: 0
I0519 23:23:56.723515     7 test_utils.cpp:280] Received response. Stream id: 0
I0519 23:23:56.723548     7 test_utils.cpp:280] Received response. Stream id: 0
I0519 23:23:56.723582     7 test_utils.cpp:280] Received response. Stream id: 0
I0519 23:23:56.723644     7 test_utils.cpp:280] Received response. Stream id: 0
I0519 23:23:56.723663     7 test_utils.cpp:280] Received response. Stream id: 0
I0519 23:23:56.723685     7 test_utils.cpp:280] Received response. Stream id: 0
I0519 23:23:56.723716     7 test_utils.cpp:280] Received response. Stream id: 0
I0519 23:23:56.727583     7 test_utils.cpp:280] Received response. Stream id: 0
I0519 23:23:56.727653     7 test_utils.cpp:280] Received response. Stream id: 0
I0519 23:23:56.727721     7 test_utils.cpp:280] Received response. Stream id: 0
I0519 23:23:56.727770     7 test_utils.cpp:280] Received response. Stream id: 0
I0519 23:23:56.727913     7 test_utils.cpp:280] Received response. Stream id: 0
I0519 23:23:56.727936     7 test_utils.cpp:280] Received response. Stream id: 0
I0519 23:23:56.727962     7 test_utils.cpp:280] Received response. Stream id: 0
I0519 23:23:56.727983     7 test_utils.cpp:280] Received response. Stream id: 0
I0519 23:23:56.728009     7 test_utils.cpp:280] Received response. Stream id: 0
I0519 23:23:56.728040     7 test_utils.cpp:280] Received response. Stream id: 0
I0519 23:23:56.728093     7 test_utils.cpp:280] Received response. Stream id: 0
I0519 23:23:56.728113     7 test_utils.cpp:280] Received response. Stream id: 0
I0519 23:23:56.728132     7 test_utils.cpp:280] Received response. Stream id: 0
I0519 23:23:56.728156     7 test_utils.cpp:280] Received response. Stream id: 0
I0519 23:23:56.728178     7 test_utils.cpp:280] Received response. Stream id: 0
I0519 23:23:56.728197     7 test_utils.cpp:280] Received response. Stream id: 0
I0519 23:23:56.728222     7 test_utils.cpp:280] Received response. Stream id: 0
I0519 23:23:56.728252     7 test_utils.cpp:280] Received response. Stream id: 0
I0519 23:23:56.728271     7 test_utils.cpp:280] Received response. Stream id: 0
I0519 23:23:56.728289     7 test_utils.cpp:280] Received response. Stream id: 0
I0519 23:23:56.728308     7 test_utils.cpp:280] Received response. Stream id: 0
I0519 23:23:56.728333     7 test_utils.cpp:280] Received response. Stream id: 0
I0519 23:23:56.728353     7 test_utils.cpp:280] Received response. Stream id: 0
I0519 23:23:56.728369     7 test_utils.cpp:280] Received response. Stream id: 0
I0519 23:23:56.728392     7 test_utils.cpp:280] Received response. Stream id: 0
I0519 23:23:56.728425     7 test_utils.cpp:280] Received response. Stream id: 0
I0519 23:23:56.728463     7 test_utils.cpp:280] Received response. Stream id: 0
I0519 23:23:56.728487     7 test_utils.cpp:280] Received response. Stream id: 0
I0519 23:23:56.728519     7 test_utils.cpp:280] Received response. Stream id: 0
I0519 23:23:56.728554     7 test_utils.cpp:280] Received response. Stream id: 0
I0519 23:23:56.728598     7 test_utils.cpp:280] Received response. Stream id: 0
I0519 23:23:56.728617     7 test_utils.cpp:280] Received response. Stream id: 0
I0519 23:23:56.728641     7 test_utils.cpp:280] Received response. Stream id: 0
I0519 23:23:56.728672     7 test_utils.cpp:280] Received response. Stream id: 0
I0519 23:23:56.728689     7 test_utils.cpp:280] Received response. Stream id: 0
I0519 23:23:56.728708     7 test_utils.cpp:280] Received response. Stream id: 0
I0519 23:23:56.728729     7 test_utils.cpp:280] Received response. Stream id: 0
I0519 23:23:56.728750     7 test_utils.cpp:280] Received response. Stream id: 0
I0519 23:23:56.728776     7 test_utils.cpp:280] Received response. Stream id: 0
I0519 23:23:56.728806     7 test_utils.cpp:280] Received response. Stream id: 0
I0519 23:23:56.728837     7 test_utils.cpp:280] Received response. Stream id: 0
I0519 23:23:56.728864     7 test_utils.cpp:280] Received response. Stream id: 0
I0519 23:23:56.728924     7 test_utils.cpp:280] Received response. Stream id: 0
I0519 23:23:56.728983     7 test_utils.cpp:280] Received response. Stream id: 0
I0519 23:23:56.729022     7 test_utils.cpp:280] Received response. Stream id: 0
I0519 23:23:56.729203     7 test_utils.cpp:280] Received response. Stream id: 0
I0519 23:23:56.729274     7 test_utils.cpp:280] Received response. Stream id: 0
I0519 23:23:56.729313     7 test_utils.cpp:280] Received response. Stream id: 0
I0519 23:23:56.729350     7 test_utils.cpp:280] Received response. Stream id: 0
I0519 23:23:56.729504    73 server.cpp:203] Machine [0,0,0] is online
I0519 23:23:56.729686    73 server.cpp:206] All machines are online
I0519 23:23:56.729779     7 test_utils.cpp:280] Received response. Stream id: 0
I0519 23:23:56.729837     7 test_utils.cpp:280] Received response. Stream id: 0
I0519 23:23:56.729895     7 test_utils.cpp:280] Received response. Stream id: 0
I0519 23:23:56.730023     7 test_utils.cpp:280] Received response. Stream id: 0
I0519 23:23:56.730140     7 test_utils.cpp:280] Received response. Stream id: 0
I0519 23:23:56.730203     7 test_utils.cpp:280] Received response. Stream id: 0
I0519 23:23:56.730371     7 test_utils.cpp:280] Received response. Stream id: 0
I0519 23:23:56.730412     7 test_utils.cpp:280] Received response. Stream id: 0
I0519 23:23:56.730436     7 test_utils.cpp:280] Received response. Stream id: 0
I0519 23:23:56.730476     7 test_utils.cpp:280] Received response. Stream id: 0
I0519 23:23:56.730652     7 test_utils.cpp:280] Received response. Stream id: 0
I0519 23:23:56.730721     7 test_utils.cpp:280] Received response. Stream id: 0
I0519 23:23:56.730794     7 test_utils.cpp:280] Received response. Stream id: 0
I0519 23:23:56.730911     7 test_utils.cpp:280] Received response. Stream id: 0
I0519 23:23:56.730964     7 test_utils.cpp:280] Received response. Stream id: 0
I0519 23:23:56.731024     7 test_utils.cpp:280] Received response. Stream id: 0
I0519 23:23:56.731153     7 test_utils.cpp:280] Received response. Stream id: 0
I0519 23:23:56.731187     7 test_utils.cpp:280] Received response. Stream id: 0
I0519 23:23:56.731315     7 test_utils.cpp:280] Received response. Stream id: 0
I0519 23:23:56.731431     7 test_utils.cpp:280] Received response. Stream id: 0
I0519 23:23:56.731568     7 test_utils.cpp:280] Received response. Stream id: 0
I0519 23:23:56.732522     7 test_utils.cpp:280] Received response. Stream id: 0
I0519 23:23:56.732604     7 test_utils.cpp:280] Received response. Stream id: 0
I0519 23:23:56.732642     7 test_utils.cpp:280] Received response. Stream id: 0
I0519 23:23:56.732839     7 test_utils.cpp:280] Received response. Stream id: 0
I0519 23:23:56.732903     7 test_utils.cpp:280] Received response. Stream id: 0
I0519 23:23:56.732967     7 test_utils.cpp:280] Received response. Stream id: 0
I0519 23:23:56.733018     7 test_utils.cpp:280] Received response. Stream id: 0
I0519 23:23:56.733047     7 test_utils.cpp:280] Received response. Stream id: 0
I0519 23:23:56.733069     7 test_utils.cpp:280] Received response. Stream id: 0
I0519 23:23:56.733090     7 test_utils.cpp:280] Received response. Stream id: 0
I0519 23:23:56.733186     7 test_utils.cpp:280] Received response. Stream id: 0
I0519 23:23:56.733333     7 test_utils.cpp:280] Received response. Stream id: 0
I0519 23:23:56.733412     7 test_utils.cpp:280] Received response. Stream id: 0
I0519 23:23:56.733556     7 test_utils.cpp:280] Received response. Stream id: 0
I0519 23:23:56.734509     7 test_utils.cpp:280] Received response. Stream id: 0
I0519 23:23:56.734575     7 test_utils.cpp:280] Received response. Stream id: 0
I0519 23:23:56.734625     7 test_utils.cpp:280] Received response. Stream id: 0
I0519 23:23:56.734757     7 test_utils.cpp:280] Received response. Stream id: 0
I0519 23:23:56.734799     7 test_utils.cpp:280] Received response. Stream id: 0
I0519 23:23:56.734838     7 test_utils.cpp:280] Received response. Stream id: 0
I0519 23:23:56.734912     7 test_utils.cpp:280] Received response. Stream id: 0
I0519 23:23:56.734957     7 test_utils.cpp:280] Received response. Stream id: 0
I0519 23:23:56.734992     7 test_utils.cpp:280] Received response. Stream id: 0
I0519 23:23:56.735019     7 test_utils.cpp:280] Received response. Stream id: 0
I0519 23:23:56.735052     7 test_utils.cpp:280] Received response. Stream id: 0
I0519 23:23:56.735085     7 test_utils.cpp:280] Received response. Stream id: 0
I0519 23:23:56.735097     7 test_utils.cpp:280] Received response. Stream id: 0
I0519 23:23:56.735119     7 test_utils.cpp:280] Received response. Stream id: 0
I0519 23:23:56.735142     7 test_utils.cpp:280] Received response. Stream id: 0
I0519 23:23:56.735163     7 test_utils.cpp:280] Received response. Stream id: 0
I0519 23:23:56.735183     7 test_utils.cpp:280] Received response. Stream id: 0
I0519 23:23:56.735195     7 test_utils.cpp:280] Received response. Stream id: 0
I0519 23:23:56.735358     7 test_utils.cpp:280] Received response. Stream id: 0
I0519 23:23:56.735404     7 test_utils.cpp:280] Received response. Stream id: 0
I0519 23:23:56.735594     7 test_utils.cpp:280] Received response. Stream id: 0
I0519 23:23:56.735839     7 test_utils.cpp:280] Received response. Stream id: 0
I0519 23:23:56.736570     7 test_utils.cpp:280] Received response. Stream id: 0
I0519 23:23:56.736729     7 test_utils.cpp:280] Received response. Stream id: 0
I0519 23:23:56.736927     7 test_utils.cpp:280] Received response. Stream id: 0
I0519 23:23:56.737282     7 test_utils.cpp:280] Received response. Stream id: 0
I0519 23:23:56.737320     7 test_utils.cpp:280] Received response. Stream id: 0
I0519 23:23:56.737353     7 test_utils.cpp:280] Received response. Stream id: 0
I0519 23:23:56.737385     7 test_utils.cpp:280] Received response. Stream id: 0
I0519 23:23:56.737421     7 test_utils.cpp:280] Received response. Stream id: 0
I0519 23:23:56.737478     7 test_utils.cpp:280] Received response. Stream id: 0
I0519 23:23:56.737532     7 test_utils.cpp:280] Received response. Stream id: 0
I0519 23:23:56.737568     7 test_utils.cpp:280] Received response. Stream id: 0
I0519 23:23:56.738878     7 test_utils.cpp:280] Received response. Stream id: 0
I0519 23:23:56.739203     7 test_utils.cpp:280] Received response. Stream id: 0
I0519 23:23:56.739266     7 test_utils.cpp:280] Received response. Stream id: 0
I0519 23:23:56.739313     7 test_utils.cpp:280] Received response. Stream id: 0
I0519 23:23:56.739578     7 test_utils.cpp:280] Received response. Stream id: 0
I0519 23:23:56.739807     7 test_utils.cpp:280] Received response. Stream id: 0
I0519 23:23:56.740020     7 test_utils.cpp:280] Received response. Stream id: 0
I0519 23:23:56.740063     7 test_utils.cpp:280] Received response. Stream id: 0
I0519 23:23:56.740099     7 test_utils.cpp:280] Received response. Stream id: 0
I0519 23:23:56.740154     7 test_utils.cpp:280] Received response. Stream id: 0
I0519 23:23:56.740403     7 test_utils.cpp:280] Received response. Stream id: 0
I0519 23:23:56.740522     7 test_utils.cpp:280] Received response. Stream id: 0
I0519 23:23:56.740716     7 test_utils.cpp:280] Received response. Stream id: 0
I0519 23:23:56.740754     7 test_utils.cpp:280] Received response. Stream id: 0
I0519 23:23:56.740790     7 test_utils.cpp:280] Received response. Stream id: 0
I0519 23:23:56.740974     7 test_utils.cpp:280] Received response. Stream id: 0
I0519 23:23:56.741003     7 test_utils.cpp:280] Received response. Stream id: 0
I0519 23:23:56.741031     7 test_utils.cpp:280] Received response. Stream id: 0
I0519 23:23:56.741070     7 test_utils.cpp:280] Received response. Stream id: 0
I0519 23:23:56.741247     7 test_utils.cpp:280] Received response. Stream id: 0
I0519 23:23:56.741303     7 test_utils.cpp:280] Received response. Stream id: 0
I0519 23:23:56.741341     7 test_utils.cpp:280] Received response. Stream id: 0
I0519 23:23:56.741420     7 test_utils.cpp:280] Received response. Stream id: 0
I0519 23:23:56.741536     7 test_utils.cpp:280] Received response. Stream id: 0
I0519 23:23:56.741595     7 test_utils.cpp:280] Received response. Stream id: 0
I0519 23:23:56.741668     7 test_utils.cpp:280] Received response. Stream id: 0
I0519 23:23:56.741705     7 test_utils.cpp:280] Received response. Stream id: 0
I0519 23:23:56.741729     7 test_utils.cpp:280] Received response. Stream id: 0
I0519 23:23:56.741914     7 test_utils.cpp:280] Received response. Stream id: 0
I0519 23:23:56.741953     7 test_utils.cpp:280] Received response. Stream id: 0
I0519 23:23:56.741986     7 test_utils.cpp:280] Received response. Stream id: 0
I0519 23:23:56.742019     7 test_utils.cpp:280] Received response. Stream id: 0
I0519 23:23:56.742067     7 test_utils.cpp:280] Received response. Stream id: 0
I0519 23:23:56.742199     7 test_utils.cpp:280] Received response. Stream id: 0
I0519 23:23:56.742379     7 test_utils.cpp:280] Received response. Stream id: 0
I0519 23:23:56.742643     7 test_utils.cpp:280] Received response. Stream id: 0
I0519 23:23:56.742762     7 test_utils.cpp:280] Received response. Stream id: 0
I0519 23:23:56.743134     7 test_utils.cpp:280] Received response. Stream id: 0
I0519 23:23:56.743173     7 test_utils.cpp:280] Received response. Stream id: 0
I0519 23:23:56.743207     7 test_utils.cpp:280] Received response. Stream id: 0
I0519 23:23:56.743237     7 test_utils.cpp:280] Received response. Stream id: 0
I0519 23:23:56.743259     7 test_utils.cpp:280] Received response. Stream id: 0
I0519 23:23:56.743301     7 test_utils.cpp:280] Received response. Stream id: 0
I0519 23:23:56.743337     7 test_utils.cpp:280] Received response. Stream id: 0
I0519 23:23:56.743371     7 test_utils.cpp:280] Received response. Stream id: 0
I0519 23:23:56.743398     7 test_utils.cpp:280] Received response. Stream id: 0
I0519 23:23:56.743423     7 test_utils.cpp:280] Received response. Stream id: 0
I0519 23:23:56.743482     7 test_utils.cpp:280] Received response. Stream id: 0
I0519 23:23:56.743541     7 test_utils.cpp:280] Received response. Stream id: 0
I0519 23:23:56.743573     7 test_utils.cpp:280] Received response. Stream id: 0
I0519 23:23:56.743606     7 test_utils.cpp:280] Received response. Stream id: 0
I0519 23:23:56.743638     7 test_utils.cpp:280] Received response. Stream id: 0
I0519 23:23:56.743675     7 test_utils.cpp:280] Received response. Stream id: 0
I0519 23:23:56.743705     7 test_utils.cpp:280] Received response. Stream id: 0
I0519 23:23:56.743731     7 test_utils.cpp:280] Received response. Stream id: 0
I0519 23:23:56.744015     7 test_utils.cpp:280] Received response. Stream id: 0
I0519 23:23:56.744112     7 test_utils.cpp:280] Received response. Stream id: 0
I0519 23:23:56.744320     7 test_utils.cpp:280] Received response. Stream id: 0
I0519 23:23:56.744412     7 test_utils.cpp:280] Received response. Stream id: 0
I0519 23:23:56.744668     7 test_utils.cpp:280] Received response. Stream id: 0
I0519 23:23:56.744817     7 test_utils.cpp:280] Received response. Stream id: 0
I0519 23:23:56.744936     7 test_utils.cpp:280] Received response. Stream id: 0
I0519 23:23:56.745012     7 test_utils.cpp:280] Received response. Stream id: 0
I0519 23:23:56.745052     7 test_utils.cpp:280] Received response. Stream id: 0
I0519 23:23:56.745086     7 test_utils.cpp:280] Received response. Stream id: 0
I0519 23:23:56.745150     7 test_utils.cpp:280] Received response. Stream id: 0
I0519 23:23:56.745203     7 test_utils.cpp:280] Received response. Stream id: 0
I0519 23:23:56.745240     7 test_utils.cpp:280] Received response. Stream id: 0
I0519 23:23:56.745347     7 test_utils.cpp:280] Received response. Stream id: 0
I0519 23:23:56.745390     7 test_utils.cpp:280] Received response. Stream id: 0
I0519 23:23:56.745508     7 test_utils.cpp:280] Received response. Stream id: 0
I0519 23:23:56.745555     7 test_utils.cpp:280] Received response. Stream id: 0
I0519 23:23:56.745579     7 test_utils.cpp:280] Received response. Stream id: 0
I0519 23:23:56.745611     7 test_utils.cpp:280] Received response. Stream id: 0
I0519 23:23:56.745636     7 test_utils.cpp:280] Received response. Stream id: 0
I0519 23:23:56.745669     7 test_utils.cpp:280] Received response. Stream id: 0
I0519 23:23:56.745827     7 test_utils.cpp:280] Received response. Stream id: 0
I0519 23:23:56.745896     7 test_utils.cpp:280] Received response. Stream id: 0
I0519 23:23:56.745965     7 test_utils.cpp:280] Received response. Stream id: 0
I0519 23:23:56.746248     7 test_utils.cpp:280] Received response. Stream id: 0
I0519 23:23:56.746315     7 test_utils.cpp:280] Received response. Stream id: 0
I0519 23:23:56.746596     7 test_utils.cpp:280] Received response. Stream id: 0
I0519 23:23:56.746706     7 test_utils.cpp:280] Received response. Stream id: 0
I0519 23:23:56.746778     7 test_utils.cpp:280] Received response. Stream id: 0
I0519 23:23:56.746833     7 test_utils.cpp:280] Received response. Stream id: 0
I0519 23:23:56.746989     7 test_utils.cpp:280] Received response. Stream id: 0
I0519 23:23:56.747112     7 test_utils.cpp:280] Received response. Stream id: 0
I0519 23:23:56.747233     7 test_utils.cpp:280] Received response. Stream id: 0
I0519 23:23:56.747531     7 test_utils.cpp:280] Received response. Stream id: 0
I0519 23:23:56.747582     7 test_utils.cpp:280] Received response. Stream id: 0
I0519 23:23:56.747622     7 test_utils.cpp:280] Received response. Stream id: 0
I0519 23:23:56.747655     7 test_utils.cpp:280] Received response. Stream id: 0
I0519 23:23:56.747677     7 test_utils.cpp:280] Received response. Stream id: 0
I0519 23:23:56.747702     7 test_utils.cpp:280] Received response. Stream id: 0
I0519 23:23:56.747748     7 test_utils.cpp:280] Received response. Stream id: 0
I0519 23:23:56.747820     7 test_utils.cpp:280] Received response. Stream id: 0
I0519 23:23:56.747859     7 test_utils.cpp:280] Received response. Stream id: 0
I0519 23:23:56.747896     7 test_utils.cpp:280] Received response. Stream id: 0
I0519 23:23:56.747939     7 test_utils.cpp:280] Received response. Stream id: 0
I0519 23:23:56.747962     7 test_utils.cpp:280] Received response. Stream id: 0
I0519 23:23:56.748273     7 test_utils.cpp:280] Received response. Stream id: 0
I0519 23:23:56.748349     7 test_utils.cpp:280] Received response. Stream id: 0
I0519 23:23:56.748389     7 test_utils.cpp:280] Received response. Stream id: 0
I0519 23:23:56.748413     7 test_utils.cpp:280] Received response. Stream id: 0
I0519 23:23:56.748445     7 test_utils.cpp:280] Received response. Stream id: 0
I0519 23:23:56.748507     7 test_utils.cpp:280] Received response. Stream id: 0
I0519 23:23:56.748541     7 test_utils.cpp:280] Received response. Stream id: 0
I0519 23:23:56.748564     7 test_utils.cpp:280] Received response. Stream id: 0
I0519 23:23:56.748584     7 test_utils.cpp:280] Received response. Stream id: 0
I0519 23:23:56.748603     7 test_utils.cpp:280] Received response. Stream id: 0
I0519 23:23:56.748633     7 test_utils.cpp:280] Received response. Stream id: 0
I0519 23:23:56.748651     7 test_utils.cpp:280] Received response. Stream id: 0
I0519 23:23:56.748672     7 test_utils.cpp:280] Received response. Stream id: 0
I0519 23:23:56.748690     7 test_utils.cpp:280] Received response. Stream id: 0
I0519 23:23:56.748708     7 test_utils.cpp:280] Received response. Stream id: 0
I0519 23:23:56.748728     7 test_utils.cpp:280] Received response. Stream id: 0
I0519 23:23:56.748764     7 test_utils.cpp:280] Received response. Stream id: 0
I0519 23:23:56.748786     7 test_utils.cpp:280] Received response. Stream id: 0
I0519 23:23:56.748805     7 test_utils.cpp:280] Received response. Stream id: 0
I0519 23:23:56.748822     7 test_utils.cpp:280] Received response. Stream id: 0
I0519 23:23:56.749104     7 test_utils.cpp:280] Received response. Stream id: 0
I0519 23:23:56.749171     7 test_utils.cpp:280] Received response. Stream id: 0
I0519 23:23:56.749217     7 test_utils.cpp:280] Received response. Stream id: 0
I0519 23:23:56.749259     7 test_utils.cpp:280] Received response. Stream id: 0
I0519 23:23:56.749366     7 test_utils.cpp:280] Received response. Stream id: 0
I0519 23:23:56.749397     7 test_utils.cpp:280] Received response. Stream id: 0
I0519 23:23:56.749420     7 test_utils.cpp:280] Received response. Stream id: 0
I0519 23:23:56.749439     7 test_utils.cpp:280] Received response. Stream id: 0
I0519 23:23:56.749475     7 test_utils.cpp:280] Received response. Stream id: 0
I0519 23:23:56.749514     7 test_utils.cpp:280] Received response. Stream id: 0
I0519 23:23:56.749536     7 test_utils.cpp:280] Received response. Stream id: 0
I0519 23:23:56.749554     7 test_utils.cpp:280] Received response. Stream id: 0
I0519 23:23:56.749574     7 test_utils.cpp:280] Received response. Stream id: 0
I0519 23:23:56.749593     7 test_utils.cpp:280] Received response. Stream id: 0
I0519 23:23:56.749611     7 test_utils.cpp:280] Received response. Stream id: 0
I0519 23:23:56.749630     7 test_utils.cpp:280] Received response. Stream id: 0
I0519 23:23:56.749650     7 test_utils.cpp:280] Received response. Stream id: 0
I0519 23:23:56.749667     7 test_utils.cpp:280] Received response. Stream id: 0
I0519 23:23:56.749689     7 test_utils.cpp:280] Received response. Stream id: 0
I0519 23:23:56.749706     7 test_utils.cpp:280] Received response. Stream id: 0
I0519 23:23:56.749732     7 test_utils.cpp:280] Received response. Stream id: 0
I0519 23:23:56.749756     7 test_utils.cpp:280] Received response. Stream id: 0
I0519 23:23:56.749774     7 test_utils.cpp:280] Received response. Stream id: 0
I0519 23:23:56.749898     7 test_utils.cpp:280] Received response. Stream id: 0
I0519 23:23:56.749917     7 test_utils.cpp:280] Received response. Stream id: 0
I0519 23:23:56.749925     7 test_utils.cpp:280] Received response. Stream id: 0
I0519 23:23:56.749934     7 test_utils.cpp:280] Received response. Stream id: 0
I0519 23:23:56.749943     7 test_utils.cpp:280] Received response. Stream id: 0
I0519 23:23:56.749953     7 test_utils.cpp:280] Received response. Stream id: 0
I0519 23:23:56.749962     7 test_utils.cpp:280] Received response. Stream id: 0
I0519 23:23:56.749970     7 test_utils.cpp:280] Received response. Stream id: 0
I0519 23:23:56.749982     7 test_utils.cpp:280] Received response. Stream id: 0
I0519 23:23:56.749990     7 test_utils.cpp:280] Received response. Stream id: 0
I0519 23:23:56.749998     7 test_utils.cpp:280] Received response. Stream id: 0
I0519 23:23:56.750010     7 test_utils.cpp:280] Received response. Stream id: 0
I0519 23:23:56.750018     7 test_utils.cpp:280] Received response. Stream id: 0
I0519 23:23:56.750029     7 test_utils.cpp:280] Received response. Stream id: 0
I0519 23:23:56.750037     7 test_utils.cpp:280] Received response. Stream id: 0
I0519 23:23:56.750048     7 test_utils.cpp:280] Received response. Stream id: 0
I0519 23:23:56.750056     7 test_utils.cpp:280] Received response. Stream id: 0
I0519 23:23:56.750067     7 test_utils.cpp:280] Received response. Stream id: 0
I0519 23:23:56.750075     7 test_utils.cpp:280] Received response. Stream id: 0
I0519 23:23:56.750083     7 test_utils.cpp:280] Received response. Stream id: 0
I0519 23:23:56.750094     7 test_utils.cpp:280] Received response. Stream id: 0
I0519 23:23:56.750102     7 test_utils.cpp:280] Received response. Stream id: 0
I0519 23:23:56.750114     7 test_utils.cpp:280] Received response. Stream id: 0
I0519 23:23:56.750123     7 test_utils.cpp:280] Received response. Stream id: 0
I0519 23:23:56.750138     7 test_utils.cpp:280] Received response. Stream id: 0
I0519 23:23:56.750147     7 test_utils.cpp:280] Received response. Stream id: 0
I0519 23:23:56.750155     7 test_utils.cpp:280] Received response. Stream id: 0
I0519 23:23:56.750164     7 test_utils.cpp:280] Received response. Stream id: 0
I0519 23:23:56.750332     7 test_utils.cpp:280] Received response. Stream id: 0
I0519 23:23:56.750349     7 test_utils.cpp:280] Received response. Stream id: 0
I0519 23:23:56.750357     7 test_utils.cpp:280] Received response. Stream id: 0
I0519 23:23:56.750365     7 test_utils.cpp:280] Received response. Stream id: 0
I0519 23:23:56.750372     7 test_utils.cpp:280] Received response. Stream id: 0
I0519 23:23:56.750380     7 test_utils.cpp:280] Received response. Stream id: 0
I0519 23:23:56.750389     7 test_utils.cpp:280] Received response. Stream id: 0
I0519 23:23:56.750403     7 test_utils.cpp:280] Received response. Stream id: 0
I0519 23:23:56.750412     7 test_utils.cpp:280] Received response. Stream id: 0
I0519 23:23:56.750420     7 test_utils.cpp:280] Received response. Stream id: 0
I0519 23:23:56.750428     7 test_utils.cpp:280] Received response. Stream id: 0
I0519 23:23:56.750437     7 test_utils.cpp:280] Received response. Stream id: 0
I0519 23:23:56.750445     7 test_utils.cpp:280] Received response. Stream id: 0
I0519 23:23:56.750483     7 test_utils.cpp:280] Received response. Stream id: 0
I0519 23:23:56.750494     7 test_utils.cpp:280] Received response. Stream id: 0
I0519 23:23:56.750501     7 test_utils.cpp:280] Received response. Stream id: 0
I0519 23:23:56.750509     7 test_utils.cpp:280] Received response. Stream id: 0
I0519 23:23:56.750517     7 test_utils.cpp:280] Received response. Stream id: 0
I0519 23:23:56.750524     7 test_utils.cpp:280] Received response. Stream id: 0
I0519 23:23:56.750532     7 test_utils.cpp:280] Received response. Stream id: 0
I0519 23:23:56.750540     7 test_utils.cpp:280] Received response. Stream id: 0
I0519 23:23:56.750548     7 test_utils.cpp:280] Received response. Stream id: 0
I0519 23:23:56.750556     7 test_utils.cpp:280] Received response. Stream id: 0
I0519 23:23:56.750563     7 test_utils.cpp:280] Received response. Stream id: 0
I0519 23:23:56.750579     7 test_utils.cpp:280] Received response. Stream id: 0
I0519 23:23:58.614837     7 module.cpp:19] MultiHomeOrderer - thread stopped
I0519 23:23:58.618865     7 module.cpp:19] Paxos-8 - thread stopped
I0519 23:23:58.624708     7 module.cpp:19] Scheduler - thread stopped
I0519 23:23:58.626628     7 module.cpp:19] Worker-45 - thread stopped
I0519 23:23:58.630998     7 module.cpp:19] Worker-46 - thread stopped
I0519 23:23:58.636689     7 module.cpp:19] Worker-47 - thread stopped
I0519 23:23:58.640941     7 module.cpp:19] DeadlockResolver - thread stopped
I0519 23:23:58.648954     7 module.cpp:19] LogManager - thread stopped
I0519 23:23:58.652724     7 module.cpp:19] LogManager - thread stopped
I0519 23:23:58.654793     7 module.cpp:19] Sequencer - thread stopped
I0519 23:23:58.658674     7 module.cpp:19] Batcher - thread stopped
I0519 23:23:58.664659     7 module.cpp:19] Forwarder - thread stopped
I0519 23:23:58.670972     7 module.cpp:19] Server - thread stopped
I0519 23:23:58.672735     7 module.cpp:19] Broker - thread stopped
I0519 23:23:58.678527     7 module.cpp:19] Broker - thread stopped
I0519 23:23:59.026690     7 module.cpp:19] MultiHomeOrderer - thread stopped
I0519 23:23:59.028651     7 module.cpp:19] Paxos-8 - thread stopped
I0519 23:23:59.032930     7 module.cpp:19] Scheduler - thread stopped
I0519 23:23:59.034729     7 module.cpp:19] Worker-45 - thread stopped
I0519 23:23:59.040861     7 module.cpp:19] Worker-46 - thread stopped
I0519 23:23:59.044941     7 module.cpp:19] Worker-47 - thread stopped
I0519 23:23:59.048842     7 module.cpp:19] DeadlockResolver - thread stopped
I0519 23:23:59.060874     7 module.cpp:19] LogManager - thread stopped
I0519 23:23:59.062711     7 module.cpp:19] LogManager - thread stopped
I0519 23:23:59.064659     7 module.cpp:19] Sequencer - thread stopped
I0519 23:23:59.066586     7 module.cpp:19] Batcher - thread stopped
I0519 23:23:59.072799     7 module.cpp:19] Forwarder - thread stopped
I0519 23:23:59.074740     7 module.cpp:19] Server - thread stopped
I0519 23:23:59.080766     7 module.cpp:19] Broker - thread stopped
I0519 23:23:59.082695     7 module.cpp:19] Broker - thread stopped
I0519 23:23:59.426461     7 module.cpp:19] MultiHomeOrderer - thread stopped
I0519 23:23:59.432947     7 module.cpp:19] Paxos-9 - thread stopped
I0519 23:23:59.438619     7 module.cpp:19] Paxos-8 - thread stopped
I0519 23:23:59.438721     7 module.cpp:19] Scheduler - thread stopped
I0519 23:23:59.444775     7 module.cpp:19] Worker-45 - thread stopped
I0519 23:23:59.450518     7 module.cpp:19] Worker-46 - thread stopped
I0519 23:23:59.456619     7 module.cpp:19] Worker-47 - thread stopped
I0519 23:23:59.457476     7 module.cpp:19] DeadlockResolver - thread stopped
I0519 23:23:59.468912     7 module.cpp:19] LogManager - thread stopped
I0519 23:23:59.474889     7 module.cpp:19] LogManager - thread stopped
I0519 23:23:59.480810     7 module.cpp:19] Sequencer - thread stopped
I0519 23:23:59.480865     7 module.cpp:19] Batcher - thread stopped
I0519 23:23:59.486873     7 module.cpp:19] Forwarder - thread stopped
I0519 23:23:59.492938     7 module.cpp:19] Server - thread stopped
I0519 23:23:59.494616     7 module.cpp:19] Broker - thread stopped
I0519 23:23:59.498903     7 module.cpp:19] Broker - thread stopped
I0519 23:23:59.852629     7 module.cpp:19] MultiHomeOrderer - thread stopped
I0519 23:23:59.858920     7 module.cpp:19] Paxos-9 - thread stopped
I0519 23:23:59.865060     7 module.cpp:19] Paxos-8 - thread stopped
I0519 23:23:59.866710     7 module.cpp:19] Scheduler - thread stopped
I0519 23:23:59.870874     7 module.cpp:19] Worker-45 - thread stopped
I0519 23:23:59.872669     7 module.cpp:19] Worker-46 - thread stopped
I0519 23:23:59.877162     7 module.cpp:19] Worker-47 - thread stopped
I0519 23:23:59.882619     7 module.cpp:19] DeadlockResolver - thread stopped
I0519 23:23:59.894778     7 module.cpp:19] LogManager - thread stopped
I0519 23:23:59.894829     7 module.cpp:19] LogManager - thread stopped
I0519 23:23:59.901333     7 module.cpp:19] Sequencer - thread stopped
I0519 23:23:59.901387     7 module.cpp:19] Batcher - thread stopped
I0519 23:23:59.907702     7 module.cpp:19] Forwarder - thread stopped
I0519 23:23:59.914359     7 module.cpp:19] Server - thread stopped
I0519 23:23:59.921023     7 module.cpp:19] Broker - thread stopped
I0519 23:23:59.921186     7 module.cpp:19] Broker - thread stopped
[       OK ] AllProtocols/ConsistencyMultiRegionTest.RunsConsistentWorkload/DDROnly (24575 ms)
[----------] 1 test from AllProtocols/ConsistencyMultiRegionTest (24575 ms total)

[----------] Global test environment tear-down
[==========] 1 test from 1 test suite ran. (24575 ms total)
[  PASSED  ] 1 test.
