Running main() from /src/build/_deps/googletest-src/googletest/src/gtest_main.cc
Note: Google Test filter = AllProtocols/IsolationLevelMultiRegionTest.*/Detock
[==========] Running 2 tests from 1 test suite.
[----------] Global test environment set-up.
[----------] 2 tests from AllProtocols/IsolationLevelMultiRegionTest
[ RUN      ] AllProtocols/IsolationLevelMultiRegionTest.DetectsWriteSkewInStorage/Detock
WARNING: Logging before InitGoogleLogging() is written to STDERR
I0519 23:28:51.447417     7 load_tables.cpp:27] Loaded 100 write_skew rows for partition 0
I0519 23:28:51.449484     7 load_tables.cpp:27] Loaded 100 write_skew rows for partition 1
I0519 23:28:51.449520     7 load_tables.cpp:27] Loaded 100 write_skew rows for partition 0
I0519 23:28:51.449576     7 load_tables.cpp:27] Loaded 100 write_skew rows for partition 1
I0519 23:28:51.449995    18 broker.cpp:54] Binding a broker thread to "ipc:///tmp/test_mr_write_skew0:0"
I0519 23:28:51.450141    19 broker.cpp:54] Binding a broker thread to "ipc:///tmp/test_mr_write_skew0:1"
I0519 23:28:51.464733    21 networked_module.cpp:75] Bound Forwarder to "ipc:///tmp/test_mr_write_skew0:2"
I0519 23:28:51.464737    22 networked_module.cpp:75] Bound Sequencer to "ipc:///tmp/test_mr_write_skew0:3"
I0519 23:28:51.464995    33 broker.cpp:54] Binding a broker thread to "ipc:///tmp/test_mr_write_skew1:0"
I0519 23:28:51.465109    20 server.cpp:72] Bound Server to: tcp://*:13456
I0519 23:28:51.465368    35 broker.cpp:54] Binding a broker thread to "ipc:///tmp/test_mr_write_skew1:1"
I0519 23:28:51.465543    36 server.cpp:72] Bound Server to: tcp://*:14739
I0519 23:28:51.496120    51 server.cpp:72] Bound Server to: tcp://*:21082
I0519 23:28:51.497067    65 networked_module.cpp:75] Bound Sequencer to "ipc:///tmp/test_mr_write_skew3:3"
I0519 23:28:51.497323    50 broker.cpp:54] Binding a broker thread to "ipc:///tmp/test_mr_write_skew2:1"
I0519 23:28:51.497428    53 networked_module.cpp:75] Bound Sequencer to "ipc:///tmp/test_mr_write_skew2:3"
I0519 23:28:51.497483    39 networked_module.cpp:75] Bound Forwarder to "ipc:///tmp/test_mr_write_skew1:2"
I0519 23:28:51.497514    62 broker.cpp:54] Binding a broker thread to "ipc:///tmp/test_mr_write_skew3:1"
I0519 23:28:51.497639    61 broker.cpp:54] Binding a broker thread to "ipc:///tmp/test_mr_write_skew3:0"
I0519 23:28:51.497750    64 networked_module.cpp:75] Bound Forwarder to "ipc:///tmp/test_mr_write_skew3:2"
I0519 23:28:51.497116    52 networked_module.cpp:75] Bound Forwarder to "ipc:///tmp/test_mr_write_skew2:2"
I0519 23:28:51.497828    49 broker.cpp:54] Binding a broker thread to "ipc:///tmp/test_mr_write_skew2:0"
I0519 23:28:51.497843     7 consistency_check.cpp:58] WriteSkew Check: Detected WRITE SKEW. System provides SNAPSHOT ISOLATION or lower.
I0519 23:28:51.498208    20 server.cpp:203] Machine [0,0,1] is online
I0519 23:28:51.498332    40 networked_module.cpp:75] Bound Sequencer to "ipc:///tmp/test_mr_write_skew1:3"
I0519 23:28:51.498448    20 server.cpp:203] Machine [1,0,0] is online
I0519 23:28:51.498507    36 server.cpp:203] Machine [0,0,0] is online
I0519 23:28:51.498747    63 server.cpp:72] Bound Server to: tcp://*:27722
I0519 23:28:51.508348     7 module.cpp:19] MultiHomeOrderer - thread stopped
I0519 23:28:51.508481    20 server.cpp:203] Machine [1,0,1] is online
I0519 23:28:51.508491    20 server.cpp:206] All machines are online
I0519 23:28:51.509482     7 module.cpp:19] Paxos-8 - thread stopped
I0519 23:28:51.509685    63 server.cpp:203] Machine [0,0,0] is online
I0519 23:28:51.509725    63 server.cpp:203] Machine [0,0,1] is online
I0519 23:28:51.509747    63 server.cpp:203] Machine [1,0,0] is online
I0519 23:28:51.509763    63 server.cpp:206] All machines are online
I0519 23:28:51.511092    36 server.cpp:203] Machine [1,0,0] is online
I0519 23:28:51.511132    36 server.cpp:203] Machine [1,0,1] is online
I0519 23:28:51.511144    36 server.cpp:206] All machines are online
I0519 23:28:51.511233    51 server.cpp:203] Machine [0,0,1] is online
I0519 23:28:51.511265    51 server.cpp:203] Machine [1,0,1] is online
I0519 23:28:51.513603     7 module.cpp:19] Scheduler - thread stopped
I0519 23:28:51.515399     7 module.cpp:19] Worker-45 - thread stopped
I0519 23:28:51.520447     7 module.cpp:19] Worker-46 - thread stopped
I0519 23:28:51.521560     7 module.cpp:19] Worker-47 - thread stopped
I0519 23:28:51.525918     7 module.cpp:19] DeadlockResolver - thread stopped
I0519 23:28:51.533660     7 module.cpp:19] LogManager - thread stopped
I0519 23:28:51.536994     7 module.cpp:19] LogManager - thread stopped
I0519 23:28:51.540649     7 module.cpp:19] Sequencer - thread stopped
I0519 23:28:51.545578     7 module.cpp:19] Batcher - thread stopped
I0519 23:28:51.550715     7 module.cpp:19] Forwarder - thread stopped
I0519 23:28:51.554739     7 module.cpp:19] Server - thread stopped
I0519 23:28:51.558604     7 module.cpp:19] Broker - thread stopped
I0519 23:28:51.562950     7 module.cpp:19] Broker - thread stopped
I0519 23:28:51.566565     7 module.cpp:19] MultiHomeOrderer - thread stopped
I0519 23:28:51.572882     7 module.cpp:19] Paxos-8 - thread stopped
I0519 23:28:51.574733     7 module.cpp:19] Scheduler - thread stopped
I0519 23:28:51.590207     7 module.cpp:19] Worker-45 - thread stopped
I0519 23:28:51.594676     7 module.cpp:19] Worker-46 - thread stopped
I0519 23:28:51.600713     7 module.cpp:19] Worker-47 - thread stopped
I0519 23:28:51.604750     7 module.cpp:19] DeadlockResolver - thread stopped
I0519 23:28:51.608815     7 module.cpp:19] LogManager - thread stopped
I0519 23:28:51.608951    51 server.cpp:203] Machine [0,0,0] is online
I0519 23:28:51.608963    51 server.cpp:206] All machines are online
I0519 23:28:51.615136     7 module.cpp:19] LogManager - thread stopped
I0519 23:28:51.618827     7 module.cpp:19] Sequencer - thread stopped
I0519 23:28:51.623557     7 module.cpp:19] Batcher - thread stopped
I0519 23:28:51.624454     7 module.cpp:19] Forwarder - thread stopped
I0519 23:28:51.628798     7 module.cpp:19] Server - thread stopped
I0519 23:28:51.634747     7 module.cpp:19] Broker - thread stopped
I0519 23:28:51.636421     7 module.cpp:19] Broker - thread stopped
I0519 23:28:51.642598     7 module.cpp:19] MultiHomeOrderer - thread stopped
I0519 23:28:51.647496     7 module.cpp:19] Paxos-9 - thread stopped
I0519 23:28:51.652508     7 module.cpp:19] Paxos-8 - thread stopped
I0519 23:28:51.653551     7 module.cpp:19] Scheduler - thread stopped
I0519 23:28:51.654424     7 module.cpp:19] Worker-45 - thread stopped
I0519 23:28:51.656471     7 module.cpp:19] Worker-46 - thread stopped
I0519 23:28:51.662415     7 module.cpp:19] Worker-47 - thread stopped
I0519 23:28:51.665431     7 module.cpp:19] DeadlockResolver - thread stopped
I0519 23:28:51.670478     7 module.cpp:19] LogManager - thread stopped
I0519 23:28:51.673509     7 module.cpp:19] LogManager - thread stopped
I0519 23:28:51.678812     7 module.cpp:19] Sequencer - thread stopped
I0519 23:28:51.682667     7 module.cpp:19] Batcher - thread stopped
I0519 23:28:51.682770     7 module.cpp:19] Forwarder - thread stopped
I0519 23:28:51.688633     7 module.cpp:19] Server - thread stopped
I0519 23:28:51.691530     7 module.cpp:19] Broker - thread stopped
I0519 23:28:51.697909     7 module.cpp:19] Broker - thread stopped
I0519 23:28:51.700457     7 module.cpp:19] MultiHomeOrderer - thread stopped
I0519 23:28:51.700538     7 module.cpp:19] Paxos-9 - thread stopped
I0519 23:28:51.703537     7 module.cpp:19] Paxos-8 - thread stopped
I0519 23:28:51.708554     7 module.cpp:19] Scheduler - thread stopped
I0519 23:28:51.710783     7 module.cpp:19] Worker-45 - thread stopped
I0519 23:28:51.712591     7 module.cpp:19] Worker-46 - thread stopped
I0519 23:28:51.718673     7 module.cpp:19] Worker-47 - thread stopped
I0519 23:28:51.724375     7 module.cpp:19] DeadlockResolver - thread stopped
I0519 23:28:51.730412     7 module.cpp:19] LogManager - thread stopped
I0519 23:28:51.735494     7 module.cpp:19] LogManager - thread stopped
I0519 23:28:51.738792     7 module.cpp:19] Sequencer - thread stopped
I0519 23:28:51.743095     7 module.cpp:19] Batcher - thread stopped
I0519 23:28:51.749640     7 module.cpp:19] Forwarder - thread stopped
I0519 23:28:51.755349     7 module.cpp:19] Server - thread stopped
I0519 23:28:51.762816     7 module.cpp:19] Broker - thread stopped
I0519 23:28:51.769701     7 module.cpp:19] Broker - thread stopped
[       OK ] AllProtocols/IsolationLevelMultiRegionTest.DetectsWriteSkewInStorage/Detock (361 ms)
[ RUN      ] AllProtocols/IsolationLevelMultiRegionTest.ExecutionProducesNoWriteSkew/Detock
I0519 23:28:51.796763     7 load_tables.cpp:27] Loaded 100 write_skew rows for partition 0
I0519 23:28:51.796801     7 load_tables.cpp:27] Loaded 100 write_skew rows for partition 1
I0519 23:28:51.796828     7 load_tables.cpp:27] Loaded 100 write_skew rows for partition 0
I0519 23:28:51.796865     7 load_tables.cpp:27] Loaded 100 write_skew rows for partition 1
I0519 23:28:51.797060    96 broker.cpp:54] Binding a broker thread to "ipc:///tmp/test_mr_write_skew0:0"
I0519 23:28:51.797206    97 broker.cpp:54] Binding a broker thread to "ipc:///tmp/test_mr_write_skew0:1"
I0519 23:28:51.797343    98 server.cpp:72] Bound Server to: tcp://*:12756
I0519 23:28:51.797500    99 networked_module.cpp:75] Bound Forwarder to "ipc:///tmp/test_mr_write_skew0:2"
I0519 23:28:51.797523   100 networked_module.cpp:75] Bound Sequencer to "ipc:///tmp/test_mr_write_skew0:3"
I0519 23:28:51.797742   113 broker.cpp:54] Binding a broker thread to "ipc:///tmp/test_mr_write_skew1:0"
I0519 23:28:51.797854   115 broker.cpp:54] Binding a broker thread to "ipc:///tmp/test_mr_write_skew1:1"
I0519 23:28:51.797979   116 server.cpp:72] Bound Server to: tcp://*:20063
I0519 23:28:51.798040   117 networked_module.cpp:75] Bound Forwarder to "ipc:///tmp/test_mr_write_skew1:2"
I0519 23:28:51.798063   118 networked_module.cpp:75] Bound Sequencer to "ipc:///tmp/test_mr_write_skew1:3"
I0519 23:28:51.798408   132 broker.cpp:54] Binding a broker thread to "ipc:///tmp/test_mr_write_skew2:0"
I0519 23:28:51.798446    98 server.cpp:203] Machine [0,0,1] is online
I0519 23:28:51.798499   133 broker.cpp:54] Binding a broker thread to "ipc:///tmp/test_mr_write_skew2:1"
I0519 23:28:51.798609   134 server.cpp:72] Bound Server to: tcp://*:29025
I0519 23:28:51.798635   135 networked_module.cpp:75] Bound Forwarder to "ipc:///tmp/test_mr_write_skew2:2"
I0519 23:28:51.798784   136 networked_module.cpp:75] Bound Sequencer to "ipc:///tmp/test_mr_write_skew2:3"
I0519 23:28:51.799153   147 broker.cpp:54] Binding a broker thread to "ipc:///tmp/test_mr_write_skew3:0"
I0519 23:28:51.799158    98 server.cpp:203] Machine [1,0,0] is online
I0519 23:28:51.799232   116 server.cpp:203] Machine [1,0,0] is online
I0519 23:28:51.799422   149 broker.cpp:54] Binding a broker thread to "ipc:///tmp/test_mr_write_skew3:1"
I0519 23:28:51.799520   150 server.cpp:72] Bound Server to: tcp://*:13197
I0519 23:28:51.799702   151 networked_module.cpp:75] Bound Forwarder to "ipc:///tmp/test_mr_write_skew3:2"
I0519 23:28:51.800516   116 server.cpp:203] Machine [1,0,1] is online
I0519 23:28:51.800522    98 server.cpp:203] Machine [1,0,1] is online
I0519 23:28:51.800525    98 server.cpp:206] All machines are online
I0519 23:28:51.800595   134 server.cpp:203] Machine [1,0,1] is online
I0519 23:28:51.800640   152 networked_module.cpp:75] Bound Sequencer to "ipc:///tmp/test_mr_write_skew3:3"
I0519 23:28:51.836736     7 test_utils.cpp:280] Received response. Stream id: 0
I0519 23:28:51.836761     7 test_utils.cpp:280] Received response. Stream id: 0
I0519 23:28:51.836766     7 test_utils.cpp:280] Received response. Stream id: 0
I0519 23:28:51.836769     7 test_utils.cpp:280] Received response. Stream id: 0
I0519 23:28:51.836773     7 test_utils.cpp:280] Received response. Stream id: 0
I0519 23:28:51.836776     7 test_utils.cpp:280] Received response. Stream id: 0
I0519 23:28:51.836779     7 test_utils.cpp:280] Received response. Stream id: 0
I0519 23:28:51.836783     7 test_utils.cpp:280] Received response. Stream id: 0
I0519 23:28:51.836786     7 test_utils.cpp:280] Received response. Stream id: 0
I0519 23:28:51.836791     7 test_utils.cpp:280] Received response. Stream id: 0
I0519 23:28:51.836793     7 test_utils.cpp:280] Received response. Stream id: 0
I0519 23:28:51.836796     7 test_utils.cpp:280] Received response. Stream id: 0
I0519 23:28:51.836800     7 test_utils.cpp:280] Received response. Stream id: 0
I0519 23:28:51.836803     7 test_utils.cpp:280] Received response. Stream id: 0
I0519 23:28:51.836807     7 test_utils.cpp:280] Received response. Stream id: 0
I0519 23:28:51.836810     7 test_utils.cpp:280] Received response. Stream id: 0
I0519 23:28:51.836814     7 test_utils.cpp:280] Received response. Stream id: 0
I0519 23:28:51.836817     7 test_utils.cpp:280] Received response. Stream id: 0
I0519 23:28:51.836870     7 test_utils.cpp:280] Received response. Stream id: 0
I0519 23:28:51.836875     7 test_utils.cpp:280] Received response. Stream id: 0
I0519 23:28:51.836879     7 test_utils.cpp:280] Received response. Stream id: 0
I0519 23:28:51.836881     7 test_utils.cpp:280] Received response. Stream id: 0
I0519 23:28:51.836885     7 test_utils.cpp:280] Received response. Stream id: 0
I0519 23:28:51.836889     7 test_utils.cpp:280] Received response. Stream id: 0
I0519 23:28:51.836891     7 test_utils.cpp:280] Received response. Stream id: 0
I0519 23:28:51.836895     7 test_utils.cpp:280] Received response. Stream id: 0
I0519 23:28:51.836898     7 test_utils.cpp:280] Received response. Stream id: 0
I0519 23:28:51.836901     7 test_utils.cpp:280] Received response. Stream id: 0
I0519 23:28:51.836905     7 test_utils.cpp:280] Received response. Stream id: 0
I0519 23:28:51.836908     7 test_utils.cpp:280] Received response. Stream id: 0
I0519 23:28:51.836911     7 test_utils.cpp:280] Received response. Stream id: 0
I0519 23:28:51.836915     7 test_utils.cpp:280] Received response. Stream id: 0
I0519 23:28:51.836918     7 test_utils.cpp:280] Received response. Stream id: 0
I0519 23:28:51.836921     7 test_utils.cpp:280] Received response. Stream id: 0
I0519 23:28:51.836925     7 test_utils.cpp:280] Received response. Stream id: 0
I0519 23:28:51.836928     7 test_utils.cpp:280] Received response. Stream id: 0
I0519 23:28:51.836931     7 test_utils.cpp:280] Received response. Stream id: 0
I0519 23:28:51.836934     7 test_utils.cpp:280] Received response. Stream id: 0
I0519 23:28:51.836938     7 test_utils.cpp:280] Received response. Stream id: 0
I0519 23:28:51.836941     7 test_utils.cpp:280] Received response. Stream id: 0
I0519 23:28:51.836944     7 test_utils.cpp:280] Received response. Stream id: 0
I0519 23:28:51.836948     7 test_utils.cpp:280] Received response. Stream id: 0
I0519 23:28:51.836951     7 test_utils.cpp:280] Received response. Stream id: 0
I0519 23:28:51.836954     7 test_utils.cpp:280] Received response. Stream id: 0
I0519 23:28:51.836957     7 test_utils.cpp:280] Received response. Stream id: 0
I0519 23:28:51.836961     7 test_utils.cpp:280] Received response. Stream id: 0
I0519 23:28:51.836964     7 test_utils.cpp:280] Received response. Stream id: 0
I0519 23:28:51.836967     7 test_utils.cpp:280] Received response. Stream id: 0
I0519 23:28:51.836971     7 test_utils.cpp:280] Received response. Stream id: 0
I0519 23:28:51.836974     7 test_utils.cpp:280] Received response. Stream id: 0
I0519 23:28:51.836977     7 test_utils.cpp:280] Received response. Stream id: 0
I0519 23:28:51.836982     7 test_utils.cpp:280] Received response. Stream id: 0
I0519 23:28:51.836987     7 test_utils.cpp:280] Received response. Stream id: 0
I0519 23:28:51.836989     7 test_utils.cpp:280] Received response. Stream id: 0
I0519 23:28:51.836992     7 test_utils.cpp:280] Received response. Stream id: 0
I0519 23:28:51.836995     7 test_utils.cpp:280] Received response. Stream id: 0
I0519 23:28:51.837000     7 test_utils.cpp:280] Received response. Stream id: 0
I0519 23:28:51.837023     7 test_utils.cpp:280] Received response. Stream id: 0
I0519 23:28:51.837028     7 test_utils.cpp:280] Received response. Stream id: 0
I0519 23:28:51.837031     7 test_utils.cpp:280] Received response. Stream id: 0
I0519 23:28:51.837034     7 test_utils.cpp:280] Received response. Stream id: 0
I0519 23:28:51.837037     7 test_utils.cpp:280] Received response. Stream id: 0
I0519 23:28:51.837041     7 test_utils.cpp:280] Received response. Stream id: 0
I0519 23:28:51.837044     7 test_utils.cpp:280] Received response. Stream id: 0
I0519 23:28:51.837047     7 test_utils.cpp:280] Received response. Stream id: 0
I0519 23:28:51.837051     7 test_utils.cpp:280] Received response. Stream id: 0
I0519 23:28:51.837054     7 test_utils.cpp:280] Received response. Stream id: 0
I0519 23:28:51.837304     7 test_utils.cpp:280] Received response. Stream id: 0
I0519 23:28:51.837350     7 test_utils.cpp:280] Received response. Stream id: 0
I0519 23:28:51.837355     7 test_utils.cpp:280] Received response. Stream id: 0
I0519 23:28:51.837359     7 test_utils.cpp:280] Received response. Stream id: 0
I0519 23:28:51.837363     7 test_utils.cpp:280] Received response. Stream id: 0
I0519 23:28:51.837366     7 test_utils.cpp:280] Received response. Stream id: 0
I0519 23:28:51.837369     7 test_utils.cpp:280] Received response. Stream id: 0
I0519 23:28:51.837373     7 test_utils.cpp:280] Received response. Stream id: 0
I0519 23:28:51.837375     7 test_utils.cpp:280] Received response. Stream id: 0
I0519 23:28:51.837378     7 test_utils.cpp:280] Received response. Stream id: 0
I0519 23:28:51.837383     7 test_utils.cpp:280] Received response. Stream id: 0
I0519 23:28:51.837385     7 test_utils.cpp:280] Received response. Stream id: 0
I0519 23:28:51.837388     7 test_utils.cpp:280] Received response. Stream id: 0
I0519 23:28:51.837391     7 test_utils.cpp:280] Received response. Stream id: 0
I0519 23:28:51.837395     7 test_utils.cpp:280] Received response. Stream id: 0
I0519 23:28:51.837399     7 test_utils.cpp:280] Received response. Stream id: 0
I0519 23:28:51.837401     7 test_utils.cpp:280] Received response. Stream id: 0
I0519 23:28:51.837405     7 test_utils.cpp:280] Received response. Stream id: 0
I0519 23:28:51.837409     7 test_utils.cpp:280] Received response. Stream id: 0
I0519 23:28:51.837463     7 test_utils.cpp:280] Received response. Stream id: 0
I0519 23:28:51.837467     7 test_utils.cpp:280] Received response. Stream id: 0
I0519 23:28:51.837471     7 test_utils.cpp:280] Received response. Stream id: 0
I0519 23:28:51.837474     7 test_utils.cpp:280] Received response. Stream id: 0
I0519 23:28:51.837477     7 test_utils.cpp:280] Received response. Stream id: 0
I0519 23:28:51.837481     7 test_utils.cpp:280] Received response. Stream id: 0
I0519 23:28:51.837484     7 test_utils.cpp:280] Received response. Stream id: 0
I0519 23:28:51.837487     7 test_utils.cpp:280] Received response. Stream id: 0
I0519 23:28:51.837491     7 test_utils.cpp:280] Received response. Stream id: 0
I0519 23:28:51.837494     7 test_utils.cpp:280] Received response. Stream id: 0
I0519 23:28:51.837497     7 test_utils.cpp:280] Received response. Stream id: 0
I0519 23:28:51.837500     7 test_utils.cpp:280] Received response. Stream id: 0
I0519 23:28:51.837503     7 test_utils.cpp:280] Received response. Stream id: 0
I0519 23:28:51.837507     7 test_utils.cpp:280] Received response. Stream id: 0
I0519 23:28:51.837510     7 test_utils.cpp:280] Received response. Stream id: 0
I0519 23:28:51.837513     7 test_utils.cpp:280] Received response. Stream id: 0
I0519 23:28:51.837517     7 test_utils.cpp:280] Received response. Stream id: 0
I0519 23:28:51.837522     7 test_utils.cpp:280] Received response. Stream id: 0
I0519 23:28:51.837525     7 test_utils.cpp:280] Received response. Stream id: 0
I0519 23:28:51.837528     7 test_utils.cpp:280] Received response. Stream id: 0
I0519 23:28:51.837531     7 test_utils.cpp:280] Received response. Stream id: 0
I0519 23:28:51.837535     7 test_utils.cpp:280] Received response. Stream id: 0
I0519 23:28:51.837538     7 test_utils.cpp:280] Received response. Stream id: 0
I0519 23:28:51.837541     7 test_utils.cpp:280] Received response. Stream id: 0
I0519 23:28:51.837544     7 test_utils.cpp:280] Received response. Stream id: 0
I0519 23:28:51.837548     7 test_utils.cpp:280] Received response. Stream id: 0
I0519 23:28:51.844228     7 test_utils.cpp:280] Received response. Stream id: 0
I0519 23:28:51.844235     7 test_utils.cpp:280] Received response. Stream id: 0
I0519 23:28:51.844237     7 test_utils.cpp:280] Received response. Stream id: 0
I0519 23:28:51.844239     7 test_utils.cpp:280] Received response. Stream id: 0
I0519 23:28:51.844241     7 test_utils.cpp:280] Received response. Stream id: 0
I0519 23:28:51.844242     7 test_utils.cpp:280] Received response. Stream id: 0
I0519 23:28:51.844244     7 test_utils.cpp:280] Received response. Stream id: 0
I0519 23:28:51.844245     7 test_utils.cpp:280] Received response. Stream id: 0
I0519 23:28:51.844247     7 test_utils.cpp:280] Received response. Stream id: 0
I0519 23:28:51.844249     7 test_utils.cpp:280] Received response. Stream id: 0
I0519 23:28:51.844265     7 test_utils.cpp:280] Received response. Stream id: 0
I0519 23:28:51.844267     7 test_utils.cpp:280] Received response. Stream id: 0
I0519 23:28:51.844269     7 test_utils.cpp:280] Received response. Stream id: 0
I0519 23:28:51.844270     7 test_utils.cpp:280] Received response. Stream id: 0
I0519 23:28:51.844272     7 test_utils.cpp:280] Received response. Stream id: 0
I0519 23:28:51.844274     7 test_utils.cpp:280] Received response. Stream id: 0
I0519 23:28:51.844275     7 test_utils.cpp:280] Received response. Stream id: 0
I0519 23:28:51.844277     7 test_utils.cpp:280] Received response. Stream id: 0
I0519 23:28:51.844278     7 test_utils.cpp:280] Received response. Stream id: 0
I0519 23:28:51.844280     7 test_utils.cpp:280] Received response. Stream id: 0
I0519 23:28:51.844282     7 test_utils.cpp:280] Received response. Stream id: 0
I0519 23:28:51.844283     7 test_utils.cpp:280] Received response. Stream id: 0
I0519 23:28:51.850026     7 test_utils.cpp:280] Received response. Stream id: 0
I0519 23:28:51.850059     7 test_utils.cpp:280] Received response. Stream id: 0
I0519 23:28:51.850063     7 test_utils.cpp:280] Received response. Stream id: 0
I0519 23:28:51.850067     7 test_utils.cpp:280] Received response. Stream id: 0
I0519 23:28:51.850071     7 test_utils.cpp:280] Received response. Stream id: 0
I0519 23:28:51.850075     7 test_utils.cpp:280] Received response. Stream id: 0
I0519 23:28:51.850077     7 test_utils.cpp:280] Received response. Stream id: 0
I0519 23:28:51.850081     7 test_utils.cpp:280] Received response. Stream id: 0
I0519 23:28:51.850085     7 test_utils.cpp:280] Received response. Stream id: 0
I0519 23:28:51.850087     7 test_utils.cpp:280] Received response. Stream id: 0
I0519 23:28:51.850091     7 test_utils.cpp:280] Received response. Stream id: 0
I0519 23:28:51.850095     7 test_utils.cpp:280] Received response. Stream id: 0
I0519 23:28:51.850097     7 test_utils.cpp:280] Received response. Stream id: 0
I0519 23:28:51.850101     7 test_utils.cpp:280] Received response. Stream id: 0
I0519 23:28:51.850104     7 test_utils.cpp:280] Received response. Stream id: 0
I0519 23:28:51.851397     7 test_utils.cpp:280] Received response. Stream id: 0
I0519 23:28:51.851565     7 test_utils.cpp:280] Received response. Stream id: 0
I0519 23:28:51.851634     7 test_utils.cpp:280] Received response. Stream id: 0
I0519 23:28:51.851718     7 test_utils.cpp:280] Received response. Stream id: 0
I0519 23:28:51.851783     7 test_utils.cpp:280] Received response. Stream id: 0
I0519 23:28:51.851874     7 test_utils.cpp:280] Received response. Stream id: 0
I0519 23:28:51.851940     7 test_utils.cpp:280] Received response. Stream id: 0
I0519 23:28:51.857682     7 test_utils.cpp:280] Received response. Stream id: 0
I0519 23:28:51.857839     7 test_utils.cpp:280] Received response. Stream id: 0
I0519 23:28:51.857843     7 test_utils.cpp:280] Received response. Stream id: 0
I0519 23:28:51.857846     7 test_utils.cpp:280] Received response. Stream id: 0
I0519 23:28:51.857847     7 test_utils.cpp:280] Received response. Stream id: 0
I0519 23:28:51.857849     7 test_utils.cpp:280] Received response. Stream id: 0
I0519 23:28:51.857851     7 test_utils.cpp:280] Received response. Stream id: 0
I0519 23:28:51.857852     7 test_utils.cpp:280] Received response. Stream id: 0
I0519 23:28:51.857853     7 test_utils.cpp:280] Received response. Stream id: 0
I0519 23:28:51.857856     7 test_utils.cpp:280] Received response. Stream id: 0
I0519 23:28:51.857857     7 test_utils.cpp:280] Received response. Stream id: 0
I0519 23:28:51.857858     7 test_utils.cpp:280] Received response. Stream id: 0
I0519 23:28:51.857860     7 test_utils.cpp:280] Received response. Stream id: 0
I0519 23:28:51.857861     7 test_utils.cpp:280] Received response. Stream id: 0
I0519 23:28:51.857863     7 test_utils.cpp:280] Received response. Stream id: 0
I0519 23:28:51.857865     7 test_utils.cpp:280] Received response. Stream id: 0
I0519 23:28:51.857867     7 test_utils.cpp:280] Received response. Stream id: 0
I0519 23:28:51.857868     7 test_utils.cpp:280] Received response. Stream id: 0
I0519 23:28:51.857869     7 test_utils.cpp:280] Received response. Stream id: 0
I0519 23:28:51.857872     7 test_utils.cpp:280] Received response. Stream id: 0
I0519 23:28:51.857873     7 test_utils.cpp:280] Received response. Stream id: 0
I0519 23:28:51.857874     7 test_utils.cpp:280] Received response. Stream id: 0
I0519 23:28:51.857877     7 test_utils.cpp:280] Received response. Stream id: 0
I0519 23:28:51.857877     7 test_utils.cpp:280] Received response. Stream id: 0
I0519 23:28:51.857879     7 test_utils.cpp:280] Received response. Stream id: 0
I0519 23:28:51.857880     7 test_utils.cpp:280] Received response. Stream id: 0
I0519 23:28:51.857882     7 test_utils.cpp:280] Received response. Stream id: 0
I0519 23:28:51.857883     7 test_utils.cpp:280] Received response. Stream id: 0
I0519 23:28:51.857885     7 test_utils.cpp:280] Received response. Stream id: 0
I0519 23:28:51.857887     7 test_utils.cpp:280] Received response. Stream id: 0
I0519 23:28:51.857888     7 test_utils.cpp:280] Received response. Stream id: 0
I0519 23:28:51.857889     7 test_utils.cpp:280] Received response. Stream id: 0
I0519 23:28:51.857892     7 test_utils.cpp:280] Received response. Stream id: 0
I0519 23:28:51.857892     7 test_utils.cpp:280] Received response. Stream id: 0
I0519 23:28:51.857993     7 test_utils.cpp:280] Received response. Stream id: 0
I0519 23:28:51.858026     7 test_utils.cpp:280] Received response. Stream id: 0
I0519 23:28:51.858052     7 test_utils.cpp:280] Received response. Stream id: 0
I0519 23:28:51.858072     7 test_utils.cpp:280] Received response. Stream id: 0
I0519 23:28:51.858117     7 test_utils.cpp:280] Received response. Stream id: 0
I0519 23:28:51.858119     7 test_utils.cpp:280] Received response. Stream id: 0
I0519 23:28:51.858121     7 test_utils.cpp:280] Received response. Stream id: 0
I0519 23:28:51.858124     7 test_utils.cpp:280] Received response. Stream id: 0
I0519 23:28:51.858124     7 test_utils.cpp:280] Received response. Stream id: 0
I0519 23:28:51.858126     7 test_utils.cpp:280] Received response. Stream id: 0
I0519 23:28:51.858237     7 consistency_check.cpp:60] WriteSkew Check: No write skew detected. System provides STRICT SERIALIZABILITY (for this probe).
I0519 23:28:51.861753     7 module.cpp:19] MultiHomeOrderer - thread stopped
I0519 23:28:51.865501     7 module.cpp:19] Paxos-8 - thread stopped
I0519 23:28:51.867542     7 module.cpp:19] Scheduler - thread stopped
I0519 23:28:51.868383     7 module.cpp:19] Worker-45 - thread stopped
I0519 23:28:51.873634     7 module.cpp:19] Worker-46 - thread stopped
I0519 23:28:51.879647     7 module.cpp:19] Worker-47 - thread stopped
I0519 23:28:51.885596     7 module.cpp:19] DeadlockResolver - thread stopped
I0519 23:28:51.889488     7 module.cpp:19] LogManager - thread stopped
I0519 23:28:51.891654     7 module.cpp:19] LogManager - thread stopped
I0519 23:28:51.897732     7 module.cpp:19] Sequencer - thread stopped
I0519 23:28:51.903596     7 module.cpp:19] Batcher - thread stopped
I0519 23:28:51.909850     7 module.cpp:19] Forwarder - thread stopped
I0519 23:28:51.909943   150 server.cpp:203] Machine [0,0,0] is online
I0519 23:28:51.909981     7 module.cpp:19] Server - thread stopped
I0519 23:28:51.910007     7 module.cpp:19] Broker - thread stopped
I0519 23:28:51.915437     7 module.cpp:19] Broker - thread stopped
I0519 23:28:51.915658   116 server.cpp:203] Machine [0,0,0] is online
I0519 23:28:51.915663   116 server.cpp:206] All machines are online
I0519 23:28:51.917336     7 module.cpp:19] MultiHomeOrderer - thread stopped
I0519 23:28:51.920807     7 module.cpp:19] Paxos-8 - thread stopped
I0519 23:28:51.923858     7 module.cpp:19] Scheduler - thread stopped
I0519 23:28:51.927551     7 module.cpp:19] Worker-45 - thread stopped
I0519 23:28:51.932572     7 module.cpp:19] Worker-46 - thread stopped
I0519 23:28:51.932626     7 module.cpp:19] Worker-47 - thread stopped
I0519 23:28:51.935940     7 module.cpp:19] DeadlockResolver - thread stopped
I0519 23:28:51.943771     7 module.cpp:19] LogManager - thread stopped
I0519 23:28:51.944427     7 module.cpp:19] LogManager - thread stopped
I0519 23:28:51.945536     7 module.cpp:19] Sequencer - thread stopped
I0519 23:28:51.949585     7 module.cpp:19] Batcher - thread stopped
I0519 23:28:51.955933     7 module.cpp:19] Forwarder - thread stopped
I0519 23:28:51.958380     7 module.cpp:19] Server - thread stopped
I0519 23:28:51.961854     7 module.cpp:19] Broker - thread stopped
I0519 23:28:51.965399     7 module.cpp:19] Broker - thread stopped
I0519 23:28:51.970842     7 module.cpp:19] MultiHomeOrderer - thread stopped
I0519 23:28:51.977095     7 module.cpp:19] Paxos-9 - thread stopped
I0519 23:28:51.979562     7 module.cpp:19] Paxos-8 - thread stopped
I0519 23:28:51.984704     7 module.cpp:19] Scheduler - thread stopped
I0519 23:28:51.985433     7 module.cpp:19] Worker-45 - thread stopped
I0519 23:28:51.991478     7 module.cpp:19] Worker-46 - thread stopped
I0519 23:28:51.996585     7 module.cpp:19] Worker-47 - thread stopped
I0519 23:28:51.997875     7 module.cpp:19] DeadlockResolver - thread stopped
I0519 23:28:52.002570     7 module.cpp:19] LogManager - thread stopped
I0519 23:28:52.003465     7 module.cpp:19] LogManager - thread stopped
I0519 23:28:52.007432     7 module.cpp:19] Sequencer - thread stopped
I0519 23:28:52.013298     7 module.cpp:19] Batcher - thread stopped
I0519 23:28:52.018589     7 module.cpp:19] Forwarder - thread stopped
I0519 23:28:52.025312     7 module.cpp:19] Server - thread stopped
I0519 23:28:52.025363     7 module.cpp:19] Broker - thread stopped
I0519 23:28:52.026626     7 module.cpp:19] Broker - thread stopped
I0519 23:28:52.031735     7 module.cpp:19] MultiHomeOrderer - thread stopped
I0519 23:28:52.032425     7 module.cpp:19] Paxos-9 - thread stopped
I0519 23:28:52.038079     7 module.cpp:19] Paxos-8 - thread stopped
I0519 23:28:52.043731     7 module.cpp:19] Scheduler - thread stopped
I0519 23:28:52.043857     7 module.cpp:19] Worker-45 - thread stopped
I0519 23:28:52.049490     7 module.cpp:19] Worker-46 - thread stopped
I0519 23:28:52.055742     7 module.cpp:19] Worker-47 - thread stopped
I0519 23:28:52.062354     7 module.cpp:19] DeadlockResolver - thread stopped
I0519 23:28:52.068615     7 module.cpp:19] LogManager - thread stopped
I0519 23:28:52.075309     7 module.cpp:19] LogManager - thread stopped
I0519 23:28:52.082798     7 module.cpp:19] Sequencer - thread stopped
I0519 23:28:52.087954     7 module.cpp:19] Batcher - thread stopped
I0519 23:28:52.088205     7 module.cpp:19] Forwarder - thread stopped
I0519 23:28:52.093828     7 module.cpp:19] Server - thread stopped
I0519 23:28:52.100169     7 module.cpp:19] Broker - thread stopped
I0519 23:28:52.100410     7 module.cpp:19] Broker - thread stopped
[       OK ] AllProtocols/IsolationLevelMultiRegionTest.ExecutionProducesNoWriteSkew/Detock (330 ms)
[----------] 2 tests from AllProtocols/IsolationLevelMultiRegionTest (692 ms total)

[----------] Global test environment tear-down
[==========] 2 tests from 1 test suite ran. (692 ms total)
[  PASSED  ] 2 tests.
