Running main() from /src/build/_deps/googletest-src/googletest/src/gtest_main.cc
Note: Google Test filter = AllProtocols/IsolationLevelSingleRegionTest.*/Calvin
[==========] Running 2 tests from 1 test suite.
[----------] Global test environment set-up.
[----------] 2 tests from AllProtocols/IsolationLevelSingleRegionTest
[ RUN      ] AllProtocols/IsolationLevelSingleRegionTest.DetectsWriteSkewInStorage/Calvin
WARNING: Logging before InitGoogleLogging() is written to STDERR
I0519 23:20:21.853415     7 load_tables.cpp:27] Loaded 200 write_skew rows for partition 0
I0519 23:20:21.853859    12 broker.cpp:54] Binding a broker thread to "ipc:///tmp/test_e2e_write_skew0:0"
I0519 23:20:21.854067    13 broker.cpp:54] Binding a broker thread to "ipc:///tmp/test_e2e_write_skew0:1"
I0519 23:20:21.855837    14 server.cpp:72] Bound Server to: tcp://*:20030
I0519 23:20:21.856547     7 consistency_check.cpp:58] WriteSkew Check: Detected WRITE SKEW. System provides SNAPSHOT ISOLATION or lower.
I0519 23:20:21.874534    15 networked_module.cpp:75] Bound Forwarder to "ipc:///tmp/test_e2e_write_skew0:2"
I0519 23:20:21.874815     7 module.cpp:19] MultiHomeOrderer - thread stopped
I0519 23:20:21.874816    16 networked_module.cpp:75] Bound Sequencer to "ipc:///tmp/test_e2e_write_skew0:3"
I0519 23:20:21.880929     7 module.cpp:19] Paxos-8 - thread stopped
I0519 23:20:21.888096     7 module.cpp:19] Scheduler - thread stopped
I0519 23:20:21.892836     7 module.cpp:19] Worker-45 - thread stopped
I0519 23:20:21.899618     7 module.cpp:19] Worker-46 - thread stopped
I0519 23:20:21.900717     7 module.cpp:19] Worker-47 - thread stopped
I0519 23:20:21.906565     7 module.cpp:19] LogManager - thread stopped
I0519 23:20:21.911350     7 module.cpp:19] Sequencer - thread stopped
I0519 23:20:21.917870     7 module.cpp:19] Batcher - thread stopped
I0519 23:20:21.923862     7 module.cpp:19] Forwarder - thread stopped
I0519 23:20:21.930109     7 module.cpp:19] Server - thread stopped
I0519 23:20:21.930717     7 module.cpp:19] Broker - thread stopped
I0519 23:20:21.935711     7 module.cpp:19] Broker - thread stopped
[       OK ] AllProtocols/IsolationLevelSingleRegionTest.DetectsWriteSkewInStorage/Calvin (103 ms)
[ RUN      ] AllProtocols/IsolationLevelSingleRegionTest.ExecutionProducesNoWriteSkew/Calvin
I0519 23:20:21.948473     7 load_tables.cpp:27] Loaded 200 write_skew rows for partition 0
I0519 23:20:21.949378    33 networked_module.cpp:75] Bound Sequencer to "ipc:///tmp/test_e2e_write_skew0:3"
I0519 23:20:21.949446    30 broker.cpp:54] Binding a broker thread to "ipc:///tmp/test_e2e_write_skew0:1"
I0519 23:20:21.949819    29 broker.cpp:54] Binding a broker thread to "ipc:///tmp/test_e2e_write_skew0:0"
I0519 23:20:21.949836    31 server.cpp:72] Bound Server to: tcp://*:14880
I0519 23:20:21.949997    32 networked_module.cpp:75] Bound Forwarder to "ipc:///tmp/test_e2e_write_skew0:2"
I0519 23:20:21.964913     7 test_utils.cpp:280] Received response. Stream id: 0
I0519 23:20:21.964941     7 test_utils.cpp:280] Received response. Stream id: 0
I0519 23:20:21.964946     7 test_utils.cpp:280] Received response. Stream id: 0
I0519 23:20:21.964949     7 test_utils.cpp:280] Received response. Stream id: 0
I0519 23:20:21.964953     7 test_utils.cpp:280] Received response. Stream id: 0
I0519 23:20:21.964956     7 test_utils.cpp:280] Received response. Stream id: 0
I0519 23:20:21.964960     7 test_utils.cpp:280] Received response. Stream id: 0
I0519 23:20:21.964963     7 test_utils.cpp:280] Received response. Stream id: 0
I0519 23:20:21.964967     7 test_utils.cpp:280] Received response. Stream id: 0
I0519 23:20:21.964969     7 test_utils.cpp:280] Received response. Stream id: 0
I0519 23:20:21.964973     7 test_utils.cpp:280] Received response. Stream id: 0
I0519 23:20:21.964977     7 test_utils.cpp:280] Received response. Stream id: 0
I0519 23:20:21.965514     7 test_utils.cpp:280] Received response. Stream id: 0
I0519 23:20:21.965538     7 test_utils.cpp:280] Received response. Stream id: 0
I0519 23:20:21.965543     7 test_utils.cpp:280] Received response. Stream id: 0
I0519 23:20:21.965546     7 test_utils.cpp:280] Received response. Stream id: 0
I0519 23:20:21.965550     7 test_utils.cpp:280] Received response. Stream id: 0
I0519 23:20:21.965553     7 test_utils.cpp:280] Received response. Stream id: 0
I0519 23:20:21.965557     7 test_utils.cpp:280] Received response. Stream id: 0
I0519 23:20:21.965560     7 test_utils.cpp:280] Received response. Stream id: 0
I0519 23:20:21.965564     7 test_utils.cpp:280] Received response. Stream id: 0
I0519 23:20:21.965567     7 test_utils.cpp:280] Received response. Stream id: 0
I0519 23:20:21.965595     7 test_utils.cpp:280] Received response. Stream id: 0
I0519 23:20:21.965610     7 test_utils.cpp:280] Received response. Stream id: 0
I0519 23:20:21.965613     7 test_utils.cpp:280] Received response. Stream id: 0
I0519 23:20:21.965619     7 test_utils.cpp:280] Received response. Stream id: 0
I0519 23:20:21.965623     7 test_utils.cpp:280] Received response. Stream id: 0
I0519 23:20:21.965626     7 test_utils.cpp:280] Received response. Stream id: 0
I0519 23:20:21.965629     7 test_utils.cpp:280] Received response. Stream id: 0
I0519 23:20:21.965636     7 test_utils.cpp:280] Received response. Stream id: 0
I0519 23:20:21.965639     7 test_utils.cpp:280] Received response. Stream id: 0
I0519 23:20:21.965642     7 test_utils.cpp:280] Received response. Stream id: 0
I0519 23:20:21.965646     7 test_utils.cpp:280] Received response. Stream id: 0
I0519 23:20:21.965649     7 test_utils.cpp:280] Received response. Stream id: 0
I0519 23:20:21.965652     7 test_utils.cpp:280] Received response. Stream id: 0
I0519 23:20:21.965656     7 test_utils.cpp:280] Received response. Stream id: 0
I0519 23:20:21.965659     7 test_utils.cpp:280] Received response. Stream id: 0
I0519 23:20:21.965662     7 test_utils.cpp:280] Received response. Stream id: 0
I0519 23:20:21.965665     7 test_utils.cpp:280] Received response. Stream id: 0
I0519 23:20:21.965669     7 test_utils.cpp:280] Received response. Stream id: 0
I0519 23:20:21.965672     7 test_utils.cpp:280] Received response. Stream id: 0
I0519 23:20:21.965675     7 test_utils.cpp:280] Received response. Stream id: 0
I0519 23:20:21.965678     7 test_utils.cpp:280] Received response. Stream id: 0
I0519 23:20:21.965682     7 test_utils.cpp:280] Received response. Stream id: 0
I0519 23:20:21.965685     7 test_utils.cpp:280] Received response. Stream id: 0
I0519 23:20:21.965688     7 test_utils.cpp:280] Received response. Stream id: 0
I0519 23:20:21.965691     7 test_utils.cpp:280] Received response. Stream id: 0
I0519 23:20:21.965695     7 test_utils.cpp:280] Received response. Stream id: 0
I0519 23:20:21.965698     7 test_utils.cpp:280] Received response. Stream id: 0
I0519 23:20:21.965701     7 test_utils.cpp:280] Received response. Stream id: 0
I0519 23:20:21.965704     7 test_utils.cpp:280] Received response. Stream id: 0
I0519 23:20:21.965708     7 test_utils.cpp:280] Received response. Stream id: 0
I0519 23:20:21.965735     7 test_utils.cpp:280] Received response. Stream id: 0
I0519 23:20:21.965740     7 test_utils.cpp:280] Received response. Stream id: 0
I0519 23:20:21.965744     7 test_utils.cpp:280] Received response. Stream id: 0
I0519 23:20:21.965747     7 test_utils.cpp:280] Received response. Stream id: 0
I0519 23:20:21.965759     7 test_utils.cpp:280] Received response. Stream id: 0
I0519 23:20:21.965764     7 test_utils.cpp:280] Received response. Stream id: 0
I0519 23:20:21.965767     7 test_utils.cpp:280] Received response. Stream id: 0
I0519 23:20:21.965771     7 test_utils.cpp:280] Received response. Stream id: 0
I0519 23:20:21.965775     7 test_utils.cpp:280] Received response. Stream id: 0
I0519 23:20:21.965778     7 test_utils.cpp:280] Received response. Stream id: 0
I0519 23:20:21.965783     7 test_utils.cpp:280] Received response. Stream id: 0
I0519 23:20:21.965787     7 test_utils.cpp:280] Received response. Stream id: 0
I0519 23:20:21.965790     7 test_utils.cpp:280] Received response. Stream id: 0
I0519 23:20:21.965801     7 test_utils.cpp:280] Received response. Stream id: 0
I0519 23:20:21.965806     7 test_utils.cpp:280] Received response. Stream id: 0
I0519 23:20:21.965813     7 test_utils.cpp:280] Received response. Stream id: 0
I0519 23:20:21.965816     7 test_utils.cpp:280] Received response. Stream id: 0
I0519 23:20:21.965821     7 test_utils.cpp:280] Received response. Stream id: 0
I0519 23:20:21.965842     7 test_utils.cpp:280] Received response. Stream id: 0
I0519 23:20:21.965860     7 test_utils.cpp:280] Received response. Stream id: 0
I0519 23:20:21.965914     7 test_utils.cpp:280] Received response. Stream id: 0
I0519 23:20:21.965924     7 test_utils.cpp:280] Received response. Stream id: 0
I0519 23:20:21.965927     7 test_utils.cpp:280] Received response. Stream id: 0
I0519 23:20:21.965931     7 test_utils.cpp:280] Received response. Stream id: 0
I0519 23:20:21.965934     7 test_utils.cpp:280] Received response. Stream id: 0
I0519 23:20:21.965938     7 test_utils.cpp:280] Received response. Stream id: 0
I0519 23:20:21.965941     7 test_utils.cpp:280] Received response. Stream id: 0
I0519 23:20:21.965945     7 test_utils.cpp:280] Received response. Stream id: 0
I0519 23:20:21.965948     7 test_utils.cpp:280] Received response. Stream id: 0
I0519 23:20:21.965951     7 test_utils.cpp:280] Received response. Stream id: 0
I0519 23:20:21.965955     7 test_utils.cpp:280] Received response. Stream id: 0
I0519 23:20:21.965958     7 test_utils.cpp:280] Received response. Stream id: 0
I0519 23:20:21.965961     7 test_utils.cpp:280] Received response. Stream id: 0
I0519 23:20:21.965965     7 test_utils.cpp:280] Received response. Stream id: 0
I0519 23:20:21.965987     7 test_utils.cpp:280] Received response. Stream id: 0
I0519 23:20:21.965994     7 test_utils.cpp:280] Received response. Stream id: 0
I0519 23:20:21.965996     7 test_utils.cpp:280] Received response. Stream id: 0
I0519 23:20:21.965998     7 test_utils.cpp:280] Received response. Stream id: 0
I0519 23:20:21.966001     7 test_utils.cpp:280] Received response. Stream id: 0
I0519 23:20:21.966001     7 test_utils.cpp:280] Received response. Stream id: 0
I0519 23:20:21.966003     7 test_utils.cpp:280] Received response. Stream id: 0
I0519 23:20:21.966004     7 test_utils.cpp:280] Received response. Stream id: 0
I0519 23:20:21.966006     7 test_utils.cpp:280] Received response. Stream id: 0
I0519 23:20:21.966008     7 test_utils.cpp:280] Received response. Stream id: 0
I0519 23:20:21.966009     7 test_utils.cpp:280] Received response. Stream id: 0
I0519 23:20:21.966012     7 test_utils.cpp:280] Received response. Stream id: 0
I0519 23:20:21.966012     7 test_utils.cpp:280] Received response. Stream id: 0
I0519 23:20:21.966014     7 test_utils.cpp:280] Received response. Stream id: 0
I0519 23:20:21.966017     7 test_utils.cpp:280] Received response. Stream id: 0
I0519 23:20:21.966017     7 test_utils.cpp:280] Received response. Stream id: 0
I0519 23:20:21.966019     7 test_utils.cpp:280] Received response. Stream id: 0
I0519 23:20:21.966020     7 test_utils.cpp:280] Received response. Stream id: 0
I0519 23:20:21.966022     7 test_utils.cpp:280] Received response. Stream id: 0
I0519 23:20:21.966023     7 test_utils.cpp:280] Received response. Stream id: 0
I0519 23:20:21.966025     7 test_utils.cpp:280] Received response. Stream id: 0
I0519 23:20:21.966027     7 test_utils.cpp:280] Received response. Stream id: 0
I0519 23:20:21.966028     7 test_utils.cpp:280] Received response. Stream id: 0
I0519 23:20:21.966030     7 test_utils.cpp:280] Received response. Stream id: 0
I0519 23:20:21.966032     7 test_utils.cpp:280] Received response. Stream id: 0
I0519 23:20:21.966033     7 test_utils.cpp:280] Received response. Stream id: 0
I0519 23:20:21.966037     7 test_utils.cpp:280] Received response. Stream id: 0
I0519 23:20:21.966037     7 test_utils.cpp:280] Received response. Stream id: 0
I0519 23:20:21.966039     7 test_utils.cpp:280] Received response. Stream id: 0
I0519 23:20:21.966040     7 test_utils.cpp:280] Received response. Stream id: 0
I0519 23:20:21.966042     7 test_utils.cpp:280] Received response. Stream id: 0
I0519 23:20:21.966043     7 test_utils.cpp:280] Received response. Stream id: 0
I0519 23:20:21.966045     7 test_utils.cpp:280] Received response. Stream id: 0
I0519 23:20:21.966048     7 test_utils.cpp:280] Received response. Stream id: 0
I0519 23:20:21.966048     7 test_utils.cpp:280] Received response. Stream id: 0
I0519 23:20:21.966050     7 test_utils.cpp:280] Received response. Stream id: 0
I0519 23:20:21.966053     7 test_utils.cpp:280] Received response. Stream id: 0
I0519 23:20:21.966054     7 test_utils.cpp:280] Received response. Stream id: 0
I0519 23:20:21.966055     7 test_utils.cpp:280] Received response. Stream id: 0
I0519 23:20:21.966058     7 test_utils.cpp:280] Received response. Stream id: 0
I0519 23:20:21.966058     7 test_utils.cpp:280] Received response. Stream id: 0
I0519 23:20:21.966060     7 test_utils.cpp:280] Received response. Stream id: 0
I0519 23:20:21.966061     7 test_utils.cpp:280] Received response. Stream id: 0
I0519 23:20:21.966063     7 test_utils.cpp:280] Received response. Stream id: 0
I0519 23:20:21.966065     7 test_utils.cpp:280] Received response. Stream id: 0
I0519 23:20:21.966066     7 test_utils.cpp:280] Received response. Stream id: 0
I0519 23:20:21.966068     7 test_utils.cpp:280] Received response. Stream id: 0
I0519 23:20:21.966069     7 test_utils.cpp:280] Received response. Stream id: 0
I0519 23:20:21.966071     7 test_utils.cpp:280] Received response. Stream id: 0
I0519 23:20:21.966073     7 test_utils.cpp:280] Received response. Stream id: 0
I0519 23:20:21.966074     7 test_utils.cpp:280] Received response. Stream id: 0
I0519 23:20:21.966075     7 test_utils.cpp:280] Received response. Stream id: 0
I0519 23:20:21.966077     7 test_utils.cpp:280] Received response. Stream id: 0
I0519 23:20:21.966078     7 test_utils.cpp:280] Received response. Stream id: 0
I0519 23:20:21.966080     7 test_utils.cpp:280] Received response. Stream id: 0
I0519 23:20:21.966081     7 test_utils.cpp:280] Received response. Stream id: 0
I0519 23:20:21.966084     7 test_utils.cpp:280] Received response. Stream id: 0
I0519 23:20:21.966085     7 test_utils.cpp:280] Received response. Stream id: 0
I0519 23:20:21.966086     7 test_utils.cpp:280] Received response. Stream id: 0
I0519 23:20:21.966089     7 test_utils.cpp:280] Received response. Stream id: 0
I0519 23:20:21.966089     7 test_utils.cpp:280] Received response. Stream id: 0
I0519 23:20:21.966091     7 test_utils.cpp:280] Received response. Stream id: 0
I0519 23:20:21.966092     7 test_utils.cpp:280] Received response. Stream id: 0
I0519 23:20:21.966094     7 test_utils.cpp:280] Received response. Stream id: 0
I0519 23:20:21.966096     7 test_utils.cpp:280] Received response. Stream id: 0
I0519 23:20:21.966097     7 test_utils.cpp:280] Received response. Stream id: 0
I0519 23:20:21.966099     7 test_utils.cpp:280] Received response. Stream id: 0
I0519 23:20:21.966101     7 test_utils.cpp:280] Received response. Stream id: 0
I0519 23:20:21.966102     7 test_utils.cpp:280] Received response. Stream id: 0
I0519 23:20:21.966104     7 test_utils.cpp:280] Received response. Stream id: 0
I0519 23:20:21.966109     7 test_utils.cpp:280] Received response. Stream id: 0
I0519 23:20:21.966110     7 test_utils.cpp:280] Received response. Stream id: 0
I0519 23:20:21.966112     7 test_utils.cpp:280] Received response. Stream id: 0
I0519 23:20:21.966113     7 test_utils.cpp:280] Received response. Stream id: 0
I0519 23:20:21.966115     7 test_utils.cpp:280] Received response. Stream id: 0
I0519 23:20:21.966117     7 test_utils.cpp:280] Received response. Stream id: 0
I0519 23:20:21.966120     7 test_utils.cpp:280] Received response. Stream id: 0
I0519 23:20:21.966122     7 test_utils.cpp:280] Received response. Stream id: 0
I0519 23:20:21.966125     7 test_utils.cpp:280] Received response. Stream id: 0
I0519 23:20:21.966126     7 test_utils.cpp:280] Received response. Stream id: 0
I0519 23:20:21.966128     7 test_utils.cpp:280] Received response. Stream id: 0
I0519 23:20:21.966130     7 test_utils.cpp:280] Received response. Stream id: 0
I0519 23:20:21.966132     7 test_utils.cpp:280] Received response. Stream id: 0
I0519 23:20:21.966135     7 test_utils.cpp:280] Received response. Stream id: 0
I0519 23:20:21.966136     7 test_utils.cpp:280] Received response. Stream id: 0
I0519 23:20:21.966148     7 test_utils.cpp:280] Received response. Stream id: 0
I0519 23:20:21.966150     7 test_utils.cpp:280] Received response. Stream id: 0
I0519 23:20:21.966152     7 test_utils.cpp:280] Received response. Stream id: 0
I0519 23:20:21.966153     7 test_utils.cpp:280] Received response. Stream id: 0
I0519 23:20:21.966156     7 test_utils.cpp:280] Received response. Stream id: 0
I0519 23:20:21.966156     7 test_utils.cpp:280] Received response. Stream id: 0
I0519 23:20:21.966158     7 test_utils.cpp:280] Received response. Stream id: 0
I0519 23:20:21.966159     7 test_utils.cpp:280] Received response. Stream id: 0
I0519 23:20:21.966161     7 test_utils.cpp:280] Received response. Stream id: 0
I0519 23:20:21.966163     7 test_utils.cpp:280] Received response. Stream id: 0
I0519 23:20:21.966166     7 test_utils.cpp:280] Received response. Stream id: 0
I0519 23:20:21.966167     7 test_utils.cpp:280] Received response. Stream id: 0
I0519 23:20:21.966169     7 test_utils.cpp:280] Received response. Stream id: 0
I0519 23:20:21.966180     7 test_utils.cpp:280] Received response. Stream id: 0
I0519 23:20:21.966182     7 test_utils.cpp:280] Received response. Stream id: 0
I0519 23:20:21.966183     7 test_utils.cpp:280] Received response. Stream id: 0
I0519 23:20:21.966185     7 test_utils.cpp:280] Received response. Stream id: 0
I0519 23:20:21.966187     7 test_utils.cpp:280] Received response. Stream id: 0
I0519 23:20:21.966188     7 test_utils.cpp:280] Received response. Stream id: 0
I0519 23:20:21.966190     7 test_utils.cpp:280] Received response. Stream id: 0
I0519 23:20:21.966192     7 test_utils.cpp:280] Received response. Stream id: 0
I0519 23:20:21.966193     7 test_utils.cpp:280] Received response. Stream id: 0
I0519 23:20:21.966195     7 test_utils.cpp:280] Received response. Stream id: 0
I0519 23:20:21.966197     7 test_utils.cpp:280] Received response. Stream id: 0
I0519 23:20:21.966208     7 test_utils.cpp:280] Received response. Stream id: 0
I0519 23:20:21.966209     7 test_utils.cpp:280] Received response. Stream id: 0
I0519 23:20:21.966212     7 test_utils.cpp:280] Received response. Stream id: 0
I0519 23:20:21.966212     7 test_utils.cpp:280] Received response. Stream id: 0
I0519 23:20:21.966214     7 test_utils.cpp:280] Received response. Stream id: 0
I0519 23:20:21.966248     7 consistency_check.cpp:60] WriteSkew Check: No write skew detected. System provides STRICT SERIALIZABILITY (for this probe).
I0519 23:20:21.967671     7 module.cpp:19] MultiHomeOrderer - thread stopped
I0519 23:20:21.967800     7 module.cpp:19] Paxos-8 - thread stopped
I0519 23:20:21.973933     7 module.cpp:19] Scheduler - thread stopped
I0519 23:20:21.977262     7 module.cpp:19] Worker-45 - thread stopped
I0519 23:20:21.982847     7 module.cpp:19] Worker-46 - thread stopped
I0519 23:20:21.982981     7 module.cpp:19] Worker-47 - thread stopped
I0519 23:20:21.991789     7 module.cpp:19] LogManager - thread stopped
I0519 23:20:21.997982     7 module.cpp:19] Sequencer - thread stopped
I0519 23:20:22.003823     7 module.cpp:19] Batcher - thread stopped
I0519 23:20:22.011014     7 module.cpp:19] Forwarder - thread stopped
I0519 23:20:22.017113     7 module.cpp:19] Server - thread stopped
I0519 23:20:22.023537     7 module.cpp:19] Broker - thread stopped
I0519 23:20:22.028829     7 module.cpp:19] Broker - thread stopped
[       OK ] AllProtocols/IsolationLevelSingleRegionTest.ExecutionProducesNoWriteSkew/Calvin (91 ms)
[----------] 2 tests from AllProtocols/IsolationLevelSingleRegionTest (195 ms total)

[----------] Global test environment tear-down
[==========] 2 tests from 1 test suite ran. (195 ms total)
[  PASSED  ] 2 tests.
