Running main() from /src/build/_deps/googletest-src/googletest/src/gtest_main.cc
Note: Google Test filter = AllProtocols/IsolationLevelSingleRegionTest.*/Detock
[==========] Running 2 tests from 1 test suite.
[----------] Global test environment set-up.
[----------] 2 tests from AllProtocols/IsolationLevelSingleRegionTest
[ RUN      ] AllProtocols/IsolationLevelSingleRegionTest.DetectsWriteSkewInStorage/Detock
WARNING: Logging before InitGoogleLogging() is written to STDERR
I0519 23:17:35.836585     7 load_tables.cpp:27] Loaded 200 write_skew rows for partition 0
I0519 23:17:35.837044    12 broker.cpp:54] Binding a broker thread to "ipc:///tmp/test_e2e_write_skew0:0"
I0519 23:17:35.837162    13 broker.cpp:54] Binding a broker thread to "ipc:///tmp/test_e2e_write_skew0:1"
I0519 23:17:35.837396    14 server.cpp:72] Bound Server to: tcp://*:14437
I0519 23:17:35.837702     7 consistency_check.cpp:58] WriteSkew Check: Detected WRITE SKEW. System provides SNAPSHOT ISOLATION or lower.
I0519 23:17:35.838599    15 networked_module.cpp:75] Bound Forwarder to "ipc:///tmp/test_e2e_write_skew0:2"
I0519 23:17:35.838620    16 networked_module.cpp:75] Bound Sequencer to "ipc:///tmp/test_e2e_write_skew0:3"
I0519 23:17:35.843513     7 module.cpp:19] MultiHomeOrderer - thread stopped
I0519 23:17:35.850821     7 module.cpp:19] Paxos-8 - thread stopped
I0519 23:17:35.856294     7 module.cpp:19] Scheduler - thread stopped
I0519 23:17:35.862743     7 module.cpp:19] Worker-45 - thread stopped
I0519 23:17:35.868144     7 module.cpp:19] Worker-46 - thread stopped
I0519 23:17:35.875059     7 module.cpp:19] Worker-47 - thread stopped
I0519 23:17:35.883916     7 module.cpp:19] DeadlockResolver - thread stopped
I0519 23:17:35.895610     7 module.cpp:19] LogManager - thread stopped
I0519 23:17:35.899291     7 module.cpp:19] Sequencer - thread stopped
I0519 23:17:35.900202     7 module.cpp:19] Batcher - thread stopped
I0519 23:17:35.901221     7 module.cpp:19] Forwarder - thread stopped
I0519 23:17:35.905831     7 module.cpp:19] Server - thread stopped
I0519 23:17:35.911386     7 module.cpp:19] Broker - thread stopped
I0519 23:17:35.918005     7 module.cpp:19] Broker - thread stopped
[       OK ] AllProtocols/IsolationLevelSingleRegionTest.DetectsWriteSkewInStorage/Detock (137 ms)
[ RUN      ] AllProtocols/IsolationLevelSingleRegionTest.ExecutionProducesNoWriteSkew/Detock
I0519 23:17:35.957893     7 load_tables.cpp:27] Loaded 200 write_skew rows for partition 0
I0519 23:17:35.958148    30 broker.cpp:54] Binding a broker thread to "ipc:///tmp/test_e2e_write_skew0:0"
I0519 23:17:35.958282    31 broker.cpp:54] Binding a broker thread to "ipc:///tmp/test_e2e_write_skew0:1"
I0519 23:17:35.958524    32 server.cpp:72] Bound Server to: tcp://*:12404
I0519 23:17:35.958537    34 networked_module.cpp:75] Bound Sequencer to "ipc:///tmp/test_e2e_write_skew0:3"
I0519 23:17:35.958566    33 networked_module.cpp:75] Bound Forwarder to "ipc:///tmp/test_e2e_write_skew0:2"
I0519 23:17:35.972266     7 test_utils.cpp:280] Received response. Stream id: 0
I0519 23:17:35.972293     7 test_utils.cpp:280] Received response. Stream id: 0
I0519 23:17:35.972299     7 test_utils.cpp:280] Received response. Stream id: 0
I0519 23:17:35.972303     7 test_utils.cpp:280] Received response. Stream id: 0
I0519 23:17:35.972306     7 test_utils.cpp:280] Received response. Stream id: 0
I0519 23:17:35.972311     7 test_utils.cpp:280] Received response. Stream id: 0
I0519 23:17:35.972314     7 test_utils.cpp:280] Received response. Stream id: 0
I0519 23:17:35.972318     7 test_utils.cpp:280] Received response. Stream id: 0
I0519 23:17:35.972321     7 test_utils.cpp:280] Received response. Stream id: 0
I0519 23:17:35.972325     7 test_utils.cpp:280] Received response. Stream id: 0
I0519 23:17:35.972329     7 test_utils.cpp:280] Received response. Stream id: 0
I0519 23:17:35.972337     7 test_utils.cpp:280] Received response. Stream id: 0
I0519 23:17:35.972340     7 test_utils.cpp:280] Received response. Stream id: 0
I0519 23:17:35.972343     7 test_utils.cpp:280] Received response. Stream id: 0
I0519 23:17:35.972347     7 test_utils.cpp:280] Received response. Stream id: 0
I0519 23:17:35.972355     7 test_utils.cpp:280] Received response. Stream id: 0
I0519 23:17:35.972358     7 test_utils.cpp:280] Received response. Stream id: 0
I0519 23:17:35.972362     7 test_utils.cpp:280] Received response. Stream id: 0
I0519 23:17:35.972370     7 test_utils.cpp:280] Received response. Stream id: 0
I0519 23:17:35.972374     7 test_utils.cpp:280] Received response. Stream id: 0
I0519 23:17:35.972378     7 test_utils.cpp:280] Received response. Stream id: 0
I0519 23:17:35.972384     7 test_utils.cpp:280] Received response. Stream id: 0
I0519 23:17:35.972388     7 test_utils.cpp:280] Received response. Stream id: 0
I0519 23:17:35.972395     7 test_utils.cpp:280] Received response. Stream id: 0
I0519 23:17:35.972414     7 test_utils.cpp:280] Received response. Stream id: 0
I0519 23:17:35.972424     7 test_utils.cpp:280] Received response. Stream id: 0
I0519 23:17:35.972429     7 test_utils.cpp:280] Received response. Stream id: 0
I0519 23:17:35.972445     7 test_utils.cpp:280] Received response. Stream id: 0
I0519 23:17:35.972450     7 test_utils.cpp:280] Received response. Stream id: 0
I0519 23:17:35.972492     7 test_utils.cpp:280] Received response. Stream id: 0
I0519 23:17:35.972504     7 test_utils.cpp:280] Received response. Stream id: 0
I0519 23:17:35.972508     7 test_utils.cpp:280] Received response. Stream id: 0
I0519 23:17:35.972517     7 test_utils.cpp:280] Received response. Stream id: 0
I0519 23:17:35.972522     7 test_utils.cpp:280] Received response. Stream id: 0
I0519 23:17:35.972524     7 test_utils.cpp:280] Received response. Stream id: 0
I0519 23:17:35.972533     7 test_utils.cpp:280] Received response. Stream id: 0
I0519 23:17:35.972537     7 test_utils.cpp:280] Received response. Stream id: 0
I0519 23:17:35.972541     7 test_utils.cpp:280] Received response. Stream id: 0
I0519 23:17:35.972549     7 test_utils.cpp:280] Received response. Stream id: 0
I0519 23:17:35.972553     7 test_utils.cpp:280] Received response. Stream id: 0
I0519 23:17:35.972558     7 test_utils.cpp:280] Received response. Stream id: 0
I0519 23:17:35.972565     7 test_utils.cpp:280] Received response. Stream id: 0
I0519 23:17:35.972568     7 test_utils.cpp:280] Received response. Stream id: 0
I0519 23:17:35.972572     7 test_utils.cpp:280] Received response. Stream id: 0
I0519 23:17:35.972576     7 test_utils.cpp:280] Received response. Stream id: 0
I0519 23:17:35.972584     7 test_utils.cpp:280] Received response. Stream id: 0
I0519 23:17:35.972589     7 test_utils.cpp:280] Received response. Stream id: 0
I0519 23:17:35.972591     7 test_utils.cpp:280] Received response. Stream id: 0
I0519 23:17:35.972599     7 test_utils.cpp:280] Received response. Stream id: 0
I0519 23:17:35.972604     7 test_utils.cpp:280] Received response. Stream id: 0
I0519 23:17:35.972608     7 test_utils.cpp:280] Received response. Stream id: 0
I0519 23:17:35.972620     7 test_utils.cpp:280] Received response. Stream id: 0
I0519 23:17:35.972627     7 test_utils.cpp:280] Received response. Stream id: 0
I0519 23:17:35.972635     7 test_utils.cpp:280] Received response. Stream id: 0
I0519 23:17:35.972640     7 test_utils.cpp:280] Received response. Stream id: 0
I0519 23:17:35.972643     7 test_utils.cpp:280] Received response. Stream id: 0
I0519 23:17:35.972647     7 test_utils.cpp:280] Received response. Stream id: 0
I0519 23:17:35.972656     7 test_utils.cpp:280] Received response. Stream id: 0
I0519 23:17:35.972659     7 test_utils.cpp:280] Received response. Stream id: 0
I0519 23:17:35.972663     7 test_utils.cpp:280] Received response. Stream id: 0
I0519 23:17:35.972671     7 test_utils.cpp:280] Received response. Stream id: 0
I0519 23:17:35.972674     7 test_utils.cpp:280] Received response. Stream id: 0
I0519 23:17:35.972678     7 test_utils.cpp:280] Received response. Stream id: 0
I0519 23:17:35.972687     7 test_utils.cpp:280] Received response. Stream id: 0
I0519 23:17:35.972690     7 test_utils.cpp:280] Received response. Stream id: 0
I0519 23:17:35.972693     7 test_utils.cpp:280] Received response. Stream id: 0
I0519 23:17:35.972697     7 test_utils.cpp:280] Received response. Stream id: 0
I0519 23:17:35.972702     7 test_utils.cpp:280] Received response. Stream id: 0
I0519 23:17:35.972707     7 test_utils.cpp:280] Received response. Stream id: 0
I0519 23:17:35.972709     7 test_utils.cpp:280] Received response. Stream id: 0
I0519 23:17:35.972713     7 test_utils.cpp:280] Received response. Stream id: 0
I0519 23:17:35.972716     7 test_utils.cpp:280] Received response. Stream id: 0
I0519 23:17:35.972719     7 test_utils.cpp:280] Received response. Stream id: 0
I0519 23:17:35.972723     7 test_utils.cpp:280] Received response. Stream id: 0
I0519 23:17:35.972726     7 test_utils.cpp:280] Received response. Stream id: 0
I0519 23:17:35.972729     7 test_utils.cpp:280] Received response. Stream id: 0
I0519 23:17:35.972733     7 test_utils.cpp:280] Received response. Stream id: 0
I0519 23:17:35.972736     7 test_utils.cpp:280] Received response. Stream id: 0
I0519 23:17:35.972740     7 test_utils.cpp:280] Received response. Stream id: 0
I0519 23:17:35.972743     7 test_utils.cpp:280] Received response. Stream id: 0
I0519 23:17:35.972746     7 test_utils.cpp:280] Received response. Stream id: 0
I0519 23:17:35.972749     7 test_utils.cpp:280] Received response. Stream id: 0
I0519 23:17:35.972754     7 test_utils.cpp:280] Received response. Stream id: 0
I0519 23:17:35.972759     7 test_utils.cpp:280] Received response. Stream id: 0
I0519 23:17:35.972766     7 test_utils.cpp:280] Received response. Stream id: 0
I0519 23:17:35.972769     7 test_utils.cpp:280] Received response. Stream id: 0
I0519 23:17:35.972774     7 test_utils.cpp:280] Received response. Stream id: 0
I0519 23:17:35.972776     7 test_utils.cpp:280] Received response. Stream id: 0
I0519 23:17:35.972779     7 test_utils.cpp:280] Received response. Stream id: 0
I0519 23:17:35.972783     7 test_utils.cpp:280] Received response. Stream id: 0
I0519 23:17:35.972803     7 test_utils.cpp:280] Received response. Stream id: 0
I0519 23:17:35.972808     7 test_utils.cpp:280] Received response. Stream id: 0
I0519 23:17:35.972812     7 test_utils.cpp:280] Received response. Stream id: 0
I0519 23:17:35.972815     7 test_utils.cpp:280] Received response. Stream id: 0
I0519 23:17:35.972818     7 test_utils.cpp:280] Received response. Stream id: 0
I0519 23:17:35.972839     7 test_utils.cpp:280] Received response. Stream id: 0
I0519 23:17:35.972898     7 test_utils.cpp:280] Received response. Stream id: 0
I0519 23:17:35.972909     7 test_utils.cpp:280] Received response. Stream id: 0
I0519 23:17:35.972913     7 test_utils.cpp:280] Received response. Stream id: 0
I0519 23:17:35.972918     7 test_utils.cpp:280] Received response. Stream id: 0
I0519 23:17:35.972923     7 test_utils.cpp:280] Received response. Stream id: 0
I0519 23:17:35.972946     7 test_utils.cpp:280] Received response. Stream id: 0
I0519 23:17:35.972955     7 test_utils.cpp:280] Received response. Stream id: 0
I0519 23:17:35.972959     7 test_utils.cpp:280] Received response. Stream id: 0
I0519 23:17:35.972965     7 test_utils.cpp:280] Received response. Stream id: 0
I0519 23:17:35.972975     7 test_utils.cpp:280] Received response. Stream id: 0
I0519 23:17:35.972977     7 test_utils.cpp:280] Received response. Stream id: 0
I0519 23:17:35.972981     7 test_utils.cpp:280] Received response. Stream id: 0
I0519 23:17:35.972985     7 test_utils.cpp:280] Received response. Stream id: 0
I0519 23:17:35.972987     7 test_utils.cpp:280] Received response. Stream id: 0
I0519 23:17:35.972991     7 test_utils.cpp:280] Received response. Stream id: 0
I0519 23:17:35.973012     7 test_utils.cpp:280] Received response. Stream id: 0
I0519 23:17:35.973019     7 test_utils.cpp:280] Received response. Stream id: 0
I0519 23:17:35.973022     7 test_utils.cpp:280] Received response. Stream id: 0
I0519 23:17:35.973026     7 test_utils.cpp:280] Received response. Stream id: 0
I0519 23:17:35.973062     7 test_utils.cpp:280] Received response. Stream id: 0
I0519 23:17:35.973073     7 test_utils.cpp:280] Received response. Stream id: 0
I0519 23:17:35.973074     7 test_utils.cpp:280] Received response. Stream id: 0
I0519 23:17:35.973076     7 test_utils.cpp:280] Received response. Stream id: 0
I0519 23:17:35.973078     7 test_utils.cpp:280] Received response. Stream id: 0
I0519 23:17:35.973079     7 test_utils.cpp:280] Received response. Stream id: 0
I0519 23:17:35.973080     7 test_utils.cpp:280] Received response. Stream id: 0
I0519 23:17:35.973083     7 test_utils.cpp:280] Received response. Stream id: 0
I0519 23:17:35.973084     7 test_utils.cpp:280] Received response. Stream id: 0
I0519 23:17:35.973085     7 test_utils.cpp:280] Received response. Stream id: 0
I0519 23:17:35.973088     7 test_utils.cpp:280] Received response. Stream id: 0
I0519 23:17:35.973088     7 test_utils.cpp:280] Received response. Stream id: 0
I0519 23:17:35.973090     7 test_utils.cpp:280] Received response. Stream id: 0
I0519 23:17:35.973093     7 test_utils.cpp:280] Received response. Stream id: 0
I0519 23:17:35.973093     7 test_utils.cpp:280] Received response. Stream id: 0
I0519 23:17:35.973095     7 test_utils.cpp:280] Received response. Stream id: 0
I0519 23:17:35.973096     7 test_utils.cpp:280] Received response. Stream id: 0
I0519 23:17:35.973098     7 test_utils.cpp:280] Received response. Stream id: 0
I0519 23:17:35.973099     7 test_utils.cpp:280] Received response. Stream id: 0
I0519 23:17:35.973101     7 test_utils.cpp:280] Received response. Stream id: 0
I0519 23:17:35.973104     7 test_utils.cpp:280] Received response. Stream id: 0
I0519 23:17:35.973104     7 test_utils.cpp:280] Received response. Stream id: 0
I0519 23:17:35.973106     7 test_utils.cpp:280] Received response. Stream id: 0
I0519 23:17:35.973109     7 test_utils.cpp:280] Received response. Stream id: 0
I0519 23:17:35.973109     7 test_utils.cpp:280] Received response. Stream id: 0
I0519 23:17:35.973111     7 test_utils.cpp:280] Received response. Stream id: 0
I0519 23:17:35.973114     7 test_utils.cpp:280] Received response. Stream id: 0
I0519 23:17:35.973114     7 test_utils.cpp:280] Received response. Stream id: 0
I0519 23:17:35.973116     7 test_utils.cpp:280] Received response. Stream id: 0
I0519 23:17:35.973117     7 test_utils.cpp:280] Received response. Stream id: 0
I0519 23:17:35.973119     7 test_utils.cpp:280] Received response. Stream id: 0
I0519 23:17:35.973120     7 test_utils.cpp:280] Received response. Stream id: 0
I0519 23:17:35.973122     7 test_utils.cpp:280] Received response. Stream id: 0
I0519 23:17:35.973124     7 test_utils.cpp:280] Received response. Stream id: 0
I0519 23:17:35.973125     7 test_utils.cpp:280] Received response. Stream id: 0
I0519 23:17:35.973127     7 test_utils.cpp:280] Received response. Stream id: 0
I0519 23:17:35.973129     7 test_utils.cpp:280] Received response. Stream id: 0
I0519 23:17:35.973130     7 test_utils.cpp:280] Received response. Stream id: 0
I0519 23:17:35.973132     7 test_utils.cpp:280] Received response. Stream id: 0
I0519 23:17:35.973133     7 test_utils.cpp:280] Received response. Stream id: 0
I0519 23:17:35.973135     7 test_utils.cpp:280] Received response. Stream id: 0
I0519 23:17:35.973137     7 test_utils.cpp:280] Received response. Stream id: 0
I0519 23:17:35.973138     7 test_utils.cpp:280] Received response. Stream id: 0
I0519 23:17:35.973140     7 test_utils.cpp:280] Received response. Stream id: 0
I0519 23:17:35.973141     7 test_utils.cpp:280] Received response. Stream id: 0
I0519 23:17:35.973143     7 test_utils.cpp:280] Received response. Stream id: 0
I0519 23:17:35.973145     7 test_utils.cpp:280] Received response. Stream id: 0
I0519 23:17:35.973146     7 test_utils.cpp:280] Received response. Stream id: 0
I0519 23:17:35.973147     7 test_utils.cpp:280] Received response. Stream id: 0
I0519 23:17:35.973150     7 test_utils.cpp:280] Received response. Stream id: 0
I0519 23:17:35.973150     7 test_utils.cpp:280] Received response. Stream id: 0
I0519 23:17:35.973152     7 test_utils.cpp:280] Received response. Stream id: 0
I0519 23:17:35.973155     7 test_utils.cpp:280] Received response. Stream id: 0
I0519 23:17:35.973155     7 test_utils.cpp:280] Received response. Stream id: 0
I0519 23:17:35.973157     7 test_utils.cpp:280] Received response. Stream id: 0
I0519 23:17:35.973158     7 test_utils.cpp:280] Received response. Stream id: 0
I0519 23:17:35.973160     7 test_utils.cpp:280] Received response. Stream id: 0
I0519 23:17:35.973161     7 test_utils.cpp:280] Received response. Stream id: 0
I0519 23:17:35.973163     7 test_utils.cpp:280] Received response. Stream id: 0
I0519 23:17:35.973165     7 test_utils.cpp:280] Received response. Stream id: 0
I0519 23:17:35.973166     7 test_utils.cpp:280] Received response. Stream id: 0
I0519 23:17:35.973168     7 test_utils.cpp:280] Received response. Stream id: 0
I0519 23:17:35.973169     7 test_utils.cpp:280] Received response. Stream id: 0
I0519 23:17:35.973171     7 test_utils.cpp:280] Received response. Stream id: 0
I0519 23:17:35.973172     7 test_utils.cpp:280] Received response. Stream id: 0
I0519 23:17:35.973174     7 test_utils.cpp:280] Received response. Stream id: 0
I0519 23:17:35.973176     7 test_utils.cpp:280] Received response. Stream id: 0
I0519 23:17:35.973176     7 test_utils.cpp:280] Received response. Stream id: 0
I0519 23:17:35.973178     7 test_utils.cpp:280] Received response. Stream id: 0
I0519 23:17:35.973181     7 test_utils.cpp:280] Received response. Stream id: 0
I0519 23:17:35.973181     7 test_utils.cpp:280] Received response. Stream id: 0
I0519 23:17:35.973182     7 test_utils.cpp:280] Received response. Stream id: 0
I0519 23:17:35.973184     7 test_utils.cpp:280] Received response. Stream id: 0
I0519 23:17:35.973186     7 test_utils.cpp:280] Received response. Stream id: 0
I0519 23:17:35.973187     7 test_utils.cpp:280] Received response. Stream id: 0
I0519 23:17:35.973188     7 test_utils.cpp:280] Received response. Stream id: 0
I0519 23:17:35.973191     7 test_utils.cpp:280] Received response. Stream id: 0
I0519 23:17:35.973191     7 test_utils.cpp:280] Received response. Stream id: 0
I0519 23:17:35.973193     7 test_utils.cpp:280] Received response. Stream id: 0
I0519 23:17:35.973194     7 test_utils.cpp:280] Received response. Stream id: 0
I0519 23:17:35.973196     7 test_utils.cpp:280] Received response. Stream id: 0
I0519 23:17:35.973197     7 test_utils.cpp:280] Received response. Stream id: 0
I0519 23:17:35.973199     7 test_utils.cpp:280] Received response. Stream id: 0
I0519 23:17:35.973201     7 test_utils.cpp:280] Received response. Stream id: 0
I0519 23:17:35.973202     7 test_utils.cpp:280] Received response. Stream id: 0
I0519 23:17:35.973232     7 consistency_check.cpp:60] WriteSkew Check: No write skew detected. System provides STRICT SERIALIZABILITY (for this probe).
I0519 23:17:35.976276     7 module.cpp:19] MultiHomeOrderer - thread stopped
I0519 23:17:35.981825     7 module.cpp:19] Paxos-8 - thread stopped
I0519 23:17:35.995314     7 module.cpp:19] Scheduler - thread stopped
I0519 23:17:36.024528     7 module.cpp:19] Worker-45 - thread stopped
I0519 23:17:36.035619     7 module.cpp:19] Worker-46 - thread stopped
I0519 23:17:36.036083     7 module.cpp:19] Worker-47 - thread stopped
I0519 23:17:36.040418     7 module.cpp:19] DeadlockResolver - thread stopped
I0519 23:17:36.046208     7 module.cpp:19] LogManager - thread stopped
I0519 23:17:36.047153     7 module.cpp:19] Sequencer - thread stopped
I0519 23:17:36.052150     7 module.cpp:19] Batcher - thread stopped
I0519 23:17:36.057337     7 module.cpp:19] Forwarder - thread stopped
I0519 23:17:36.058214     7 module.cpp:19] Server - thread stopped
I0519 23:17:36.063844     7 module.cpp:19] Broker - thread stopped
I0519 23:17:36.069173     7 module.cpp:19] Broker - thread stopped
[       OK ] AllProtocols/IsolationLevelSingleRegionTest.ExecutionProducesNoWriteSkew/Detock (151 ms)
[----------] 2 tests from AllProtocols/IsolationLevelSingleRegionTest (289 ms total)

[----------] Global test environment tear-down
[==========] 2 tests from 1 test suite ran. (289 ms total)
[  PASSED  ] 2 tests.
