WARNING: Logging before InitGoogleLogging() is written to STDERR
I0519 23:21:14.913919     7 load_tables.cpp:27] Loaded 200 write_skew rows for partition 0
I0519 23:21:14.914330    12 broker.cpp:54] Binding a broker thread to "ipc:///tmp/test_e2e_write_skew0:0"
I0519 23:21:14.914512    13 broker.cpp:54] Binding a broker thread to "ipc:///tmp/test_e2e_write_skew0:1"
I0519 23:21:14.914613     7 consistency_check.cpp:58] WriteSkew Check: Detected WRITE SKEW. System provides SNAPSHOT ISOLATION or lower.
I0519 23:21:14.914665    14 server.cpp:72] Bound Server to: tcp://*:24851
Running main() from /src/build/_deps/googletest-src/googletest/src/gtest_main.cc
Note: Google Test filter = AllProtocols/IsolationLevelSingleRegionTest.*/Janus
[==========] Running 2 tests from 1 test suite.
[----------] Global test environment set-up.
[----------] 2 tests from AllProtocols/IsolationLevelSingleRegionTest
[ RUN      ] AllProtocols/IsolationLevelSingleRegionTest.DetectsWriteSkewInStorage/Janus
I0519 23:21:14.948942     7 module.cpp:19] Scheduler - thread stopped
I0519 23:21:14.949326     7 module.cpp:19] Worker-45 - thread stopped
I0519 23:21:14.949421    15 networked_module.cpp:75] Bound Coordinator to "ipc:///tmp/test_e2e_write_skew0:2"
I0519 23:21:14.949604    16 networked_module.cpp:75] Bound Acceptor to "ipc:///tmp/test_e2e_write_skew0:3"
I0519 23:21:14.968941     7 module.cpp:19] Worker-46 - thread stopped
I0519 23:21:14.974236     7 module.cpp:19] Worker-47 - thread stopped
I0519 23:21:14.977203     7 module.cpp:19] Acceptor - thread stopped
I0519 23:21:14.983604     7 module.cpp:19] Coordinator - thread stopped
I0519 23:21:14.989832     7 module.cpp:19] Server - thread stopped
I0519 23:21:14.995159     7 module.cpp:19] Broker - thread stopped
I0519 23:21:14.996094     7 module.cpp:19] Broker - thread stopped
[       OK ] AllProtocols/IsolationLevelSingleRegionTest.DetectsWriteSkewInStorage/Janus (82 ms)
[ RUN      ] AllProtocols/IsolationLevelSingleRegionTest.ExecutionProducesNoWriteSkew/Janus
I0519 23:21:14.996531     7 load_tables.cpp:27] Loaded 200 write_skew rows for partition 0
I0519 23:21:14.996662    25 broker.cpp:54] Binding a broker thread to "ipc:///tmp/test_e2e_write_skew0:0"
I0519 23:21:14.996785    26 broker.cpp:54] Binding a broker thread to "ipc:///tmp/test_e2e_write_skew0:1"
I0519 23:21:14.996994    27 server.cpp:72] Bound Server to: tcp://*:27137
I0519 23:21:14.997061    28 networked_module.cpp:75] Bound Coordinator to "ipc:///tmp/test_e2e_write_skew0:2"
I0519 23:21:14.997081    29 networked_module.cpp:75] Bound Acceptor to "ipc:///tmp/test_e2e_write_skew0:3"
I0519 23:21:15.025168     7 test_utils.cpp:347] Received response. Stream id: 0
I0519 23:21:15.025183     7 test_utils.cpp:347] Received response. Stream id: 0
I0519 23:21:15.025187     7 test_utils.cpp:347] Received response. Stream id: 0
I0519 23:21:15.025187     7 test_utils.cpp:347] Received response. Stream id: 0
I0519 23:21:15.025189     7 test_utils.cpp:347] Received response. Stream id: 0
I0519 23:21:15.025190     7 test_utils.cpp:347] Received response. Stream id: 0
I0519 23:21:15.025192     7 test_utils.cpp:347] Received response. Stream id: 0
I0519 23:21:15.025193     7 test_utils.cpp:347] Received response. Stream id: 0
I0519 23:21:15.025195     7 test_utils.cpp:347] Received response. Stream id: 0
I0519 23:21:15.025197     7 test_utils.cpp:347] Received response. Stream id: 0
/src/test/e2e/isolation_level_singleregion_test.cpp:60: Failure
Value of: it->passed()
  Actual: false
Expected: true
Write skew detected: 1 pair(s)
/src/test/e2e/isolation_level_singleregion_test.cpp:61: Failure
Expected equality of these values:
  ClassifyIsolationLevel(results)
    Which is: 4-byte object <01-00 00-00>
  IsolationLevel::kStrictSerializable
    Which is: 4-byte object <03-00 00-00>
Classification: SnapshotIsolation
I0519 23:21:15.025198     7 test_utils.cpp:347] Received response. Stream id: 0
I0519 23:21:15.025200     7 test_utils.cpp:347] Received response. Stream id: 0
I0519 23:21:15.025202     7 test_utils.cpp:347] Received response. Stream id: 0
I0519 23:21:15.025203     7 test_utils.cpp:347] Received response. Stream id: 0
I0519 23:21:15.025204     7 test_utils.cpp:347] Received response. Stream id: 0
I0519 23:21:15.025206     7 test_utils.cpp:347] Received response. Stream id: 0
I0519 23:21:15.025207     7 test_utils.cpp:347] Received response. Stream id: 0
I0519 23:21:15.025209     7 test_utils.cpp:347] Received response. Stream id: 0
I0519 23:21:15.025210     7 test_utils.cpp:347] Received response. Stream id: 0
I0519 23:21:15.025213     7 test_utils.cpp:347] Received response. Stream id: 0
I0519 23:21:15.025213     7 test_utils.cpp:347] Received response. Stream id: 0
I0519 23:21:15.025214     7 test_utils.cpp:347] Received response. Stream id: 0
I0519 23:21:15.025216     7 test_utils.cpp:347] Received response. Stream id: 0
I0519 23:21:15.025218     7 test_utils.cpp:347] Received response. Stream id: 0
I0519 23:21:15.025219     7 test_utils.cpp:347] Received response. Stream id: 0
I0519 23:21:15.025220     7 test_utils.cpp:347] Received response. Stream id: 0
I0519 23:21:15.025223     7 test_utils.cpp:347] Received response. Stream id: 0
I0519 23:21:15.025223     7 test_utils.cpp:347] Received response. Stream id: 0
I0519 23:21:15.025225     7 test_utils.cpp:347] Received response. Stream id: 0
I0519 23:21:15.025226     7 test_utils.cpp:347] Received response. Stream id: 0
I0519 23:21:15.025228     7 test_utils.cpp:347] Received response. Stream id: 0
I0519 23:21:15.025229     7 test_utils.cpp:347] Received response. Stream id: 0
I0519 23:21:15.025230     7 test_utils.cpp:347] Received response. Stream id: 0
I0519 23:21:15.025233     7 test_utils.cpp:347] Received response. Stream id: 0
I0519 23:21:15.025233     7 test_utils.cpp:347] Received response. Stream id: 0
I0519 23:21:15.025235     7 test_utils.cpp:347] Received response. Stream id: 0
I0519 23:21:15.025236     7 test_utils.cpp:347] Received response. Stream id: 0
I0519 23:21:15.025238     7 test_utils.cpp:347] Received response. Stream id: 0
I0519 23:21:15.025239     7 test_utils.cpp:347] Received response. Stream id: 0
I0519 23:21:15.025240     7 test_utils.cpp:347] Received response. Stream id: 0
I0519 23:21:15.025242     7 test_utils.cpp:347] Received response. Stream id: 0
I0519 23:21:15.025243     7 test_utils.cpp:347] Received response. Stream id: 0
I0519 23:21:15.025244     7 test_utils.cpp:347] Received response. Stream id: 0
I0519 23:21:15.025246     7 test_utils.cpp:347] Received response. Stream id: 0
I0519 23:21:15.025247     7 test_utils.cpp:347] Received response. Stream id: 0
I0519 23:21:15.025249     7 test_utils.cpp:347] Received response. Stream id: 0
I0519 23:21:15.025250     7 test_utils.cpp:347] Received response. Stream id: 0
I0519 23:21:15.025252     7 test_utils.cpp:347] Received response. Stream id: 0
I0519 23:21:15.025254     7 test_utils.cpp:347] Received response. Stream id: 0
I0519 23:21:15.025254     7 test_utils.cpp:347] Received response. Stream id: 0
I0519 23:21:15.025256     7 test_utils.cpp:347] Received response. Stream id: 0
I0519 23:21:15.025259     7 test_utils.cpp:347] Received response. Stream id: 0
I0519 23:21:15.025259     7 test_utils.cpp:347] Received response. Stream id: 0
I0519 23:21:15.025261     7 test_utils.cpp:347] Received response. Stream id: 0
I0519 23:21:15.025262     7 test_utils.cpp:347] Received response. Stream id: 0
I0519 23:21:15.025264     7 test_utils.cpp:347] Received response. Stream id: 0
I0519 23:21:15.025265     7 test_utils.cpp:347] Received response. Stream id: 0
I0519 23:21:15.025267     7 test_utils.cpp:347] Received response. Stream id: 0
I0519 23:21:15.025269     7 test_utils.cpp:347] Received response. Stream id: 0
I0519 23:21:15.025270     7 test_utils.cpp:347] Received response. Stream id: 0
I0519 23:21:15.025271     7 test_utils.cpp:347] Received response. Stream id: 0
I0519 23:21:15.025272     7 test_utils.cpp:347] Received response. Stream id: 0
I0519 23:21:15.025275     7 test_utils.cpp:347] Received response. Stream id: 0
I0519 23:21:15.025276     7 test_utils.cpp:347] Received response. Stream id: 0
I0519 23:21:15.025277     7 test_utils.cpp:347] Received response. Stream id: 0
I0519 23:21:15.025279     7 test_utils.cpp:347] Received response. Stream id: 0
I0519 23:21:15.025280     7 test_utils.cpp:347] Received response. Stream id: 0
I0519 23:21:15.025282     7 test_utils.cpp:347] Received response. Stream id: 0
I0519 23:21:15.025283     7 test_utils.cpp:347] Received response. Stream id: 0
I0519 23:21:15.025285     7 test_utils.cpp:347] Received response. Stream id: 0
I0519 23:21:15.025286     7 test_utils.cpp:347] Received response. Stream id: 0
I0519 23:21:15.025287     7 test_utils.cpp:347] Received response. Stream id: 0
I0519 23:21:15.025290     7 test_utils.cpp:347] Received response. Stream id: 0
I0519 23:21:15.025290     7 test_utils.cpp:347] Received response. Stream id: 0
I0519 23:21:15.025292     7 test_utils.cpp:347] Received response. Stream id: 0
I0519 23:21:15.025293     7 test_utils.cpp:347] Received response. Stream id: 0
I0519 23:21:15.025295     7 test_utils.cpp:347] Received response. Stream id: 0
I0519 23:21:15.025296     7 test_utils.cpp:347] Received response. Stream id: 0
I0519 23:21:15.025297     7 test_utils.cpp:347] Received response. Stream id: 0
I0519 23:21:15.025300     7 test_utils.cpp:347] Received response. Stream id: 0
I0519 23:21:15.025300     7 test_utils.cpp:347] Received response. Stream id: 0
I0519 23:21:15.025302     7 test_utils.cpp:347] Received response. Stream id: 0
I0519 23:21:15.025303     7 test_utils.cpp:347] Received response. Stream id: 0
I0519 23:21:15.025305     7 test_utils.cpp:347] Received response. Stream id: 0
I0519 23:21:15.025306     7 test_utils.cpp:347] Received response. Stream id: 0
I0519 23:21:15.025307     7 test_utils.cpp:347] Received response. Stream id: 0
I0519 23:21:15.025309     7 test_utils.cpp:347] Received response. Stream id: 0
I0519 23:21:15.025310     7 test_utils.cpp:347] Received response. Stream id: 0
I0519 23:21:15.025312     7 test_utils.cpp:347] Received response. Stream id: 0
I0519 23:21:15.025313     7 test_utils.cpp:347] Received response. Stream id: 0
I0519 23:21:15.025315     7 test_utils.cpp:347] Received response. Stream id: 0
I0519 23:21:15.025316     7 test_utils.cpp:347] Received response. Stream id: 0
I0519 23:21:15.025317     7 test_utils.cpp:347] Received response. Stream id: 0
I0519 23:21:15.025319     7 test_utils.cpp:347] Received response. Stream id: 0
I0519 23:21:15.025321     7 test_utils.cpp:347] Received response. Stream id: 0
I0519 23:21:15.025322     7 test_utils.cpp:347] Received response. Stream id: 0
I0519 23:21:15.025323     7 test_utils.cpp:347] Received response. Stream id: 0
I0519 23:21:15.025326     7 test_utils.cpp:347] Received response. Stream id: 0
I0519 23:21:15.025326     7 test_utils.cpp:347] Received response. Stream id: 0
I0519 23:21:15.025327     7 test_utils.cpp:347] Received response. Stream id: 0
I0519 23:21:15.025329     7 test_utils.cpp:347] Received response. Stream id: 0
I0519 23:21:15.025331     7 test_utils.cpp:347] Received response. Stream id: 0
I0519 23:21:15.025332     7 test_utils.cpp:347] Received response. Stream id: 0
I0519 23:21:15.025334     7 test_utils.cpp:347] Received response. Stream id: 0
I0519 23:21:15.025336     7 test_utils.cpp:347] Received response. Stream id: 0
I0519 23:21:15.025336     7 test_utils.cpp:347] Received response. Stream id: 0
I0519 23:21:15.025338     7 test_utils.cpp:347] Received response. Stream id: 0
I0519 23:21:15.025339     7 test_utils.cpp:347] Received response. Stream id: 0
I0519 23:21:15.025341     7 test_utils.cpp:347] Received response. Stream id: 0
I0519 23:21:15.025342     7 test_utils.cpp:347] Received response. Stream id: 0
I0519 23:21:15.025344     7 test_utils.cpp:347] Received response. Stream id: 0
I0519 23:21:15.025345     7 test_utils.cpp:347] Received response. Stream id: 0
I0519 23:21:15.025346     7 test_utils.cpp:347] Received response. Stream id: 0
I0519 23:21:15.025354     7 test_utils.cpp:347] Received response. Stream id: 0
I0519 23:21:15.025547     7 test_utils.cpp:347] Received response. Stream id: 0
I0519 23:21:15.025559     7 test_utils.cpp:347] Received response. Stream id: 0
I0519 23:21:15.025564     7 test_utils.cpp:347] Received response. Stream id: 0
I0519 23:21:15.025568     7 test_utils.cpp:347] Received response. Stream id: 0
I0519 23:21:15.025570     7 test_utils.cpp:347] Received response. Stream id: 0
I0519 23:21:15.025573     7 test_utils.cpp:347] Received response. Stream id: 0
I0519 23:21:15.025576     7 test_utils.cpp:347] Received response. Stream id: 0
I0519 23:21:15.025579     7 test_utils.cpp:347] Received response. Stream id: 0
I0519 23:21:15.025583     7 test_utils.cpp:347] Received response. Stream id: 0
I0519 23:21:15.025585     7 test_utils.cpp:347] Received response. Stream id: 0
I0519 23:21:15.025588     7 test_utils.cpp:347] Received response. Stream id: 0
I0519 23:21:15.025591     7 test_utils.cpp:347] Received response. Stream id: 0
I0519 23:21:15.025594     7 test_utils.cpp:347] Received response. Stream id: 0
I0519 23:21:15.025597     7 test_utils.cpp:347] Received response. Stream id: 0
I0519 23:21:15.025600     7 test_utils.cpp:347] Received response. Stream id: 0
I0519 23:21:15.025604     7 test_utils.cpp:347] Received response. Stream id: 0
I0519 23:21:15.025606     7 test_utils.cpp:347] Received response. Stream id: 0
I0519 23:21:15.025612     7 test_utils.cpp:347] Received response. Stream id: 0
I0519 23:21:15.025616     7 test_utils.cpp:347] Received response. Stream id: 0
I0519 23:21:15.025619     7 test_utils.cpp:347] Received response. Stream id: 0
I0519 23:21:15.025622     7 test_utils.cpp:347] Received response. Stream id: 0
I0519 23:21:15.025627     7 test_utils.cpp:347] Received response. Stream id: 0
I0519 23:21:15.025630     7 test_utils.cpp:347] Received response. Stream id: 0
I0519 23:21:15.025633     7 test_utils.cpp:347] Received response. Stream id: 0
I0519 23:21:15.025636     7 test_utils.cpp:347] Received response. Stream id: 0
I0519 23:21:15.025640     7 test_utils.cpp:347] Received response. Stream id: 0
I0519 23:21:15.025642     7 test_utils.cpp:347] Received response. Stream id: 0
I0519 23:21:15.025645     7 test_utils.cpp:347] Received response. Stream id: 0
I0519 23:21:15.025648     7 test_utils.cpp:347] Received response. Stream id: 0
I0519 23:21:15.025651     7 test_utils.cpp:347] Received response. Stream id: 0
I0519 23:21:15.025655     7 test_utils.cpp:347] Received response. Stream id: 0
I0519 23:21:15.025657     7 test_utils.cpp:347] Received response. Stream id: 0
I0519 23:21:15.025660     7 test_utils.cpp:347] Received response. Stream id: 0
I0519 23:21:15.025663     7 test_utils.cpp:347] Received response. Stream id: 0
I0519 23:21:15.025665     7 test_utils.cpp:347] Received response. Stream id: 0
I0519 23:21:15.025668     7 test_utils.cpp:347] Received response. Stream id: 0
I0519 23:21:15.025671     7 test_utils.cpp:347] Received response. Stream id: 0
I0519 23:21:15.025674     7 test_utils.cpp:347] Received response. Stream id: 0
I0519 23:21:15.025677     7 test_utils.cpp:347] Received response. Stream id: 0
I0519 23:21:15.025681     7 test_utils.cpp:347] Received response. Stream id: 0
I0519 23:21:15.025683     7 test_utils.cpp:347] Received response. Stream id: 0
I0519 23:21:15.025686     7 test_utils.cpp:347] Received response. Stream id: 0
I0519 23:21:15.025689     7 test_utils.cpp:347] Received response. Stream id: 0
I0519 23:21:15.025692     7 test_utils.cpp:347] Received response. Stream id: 0
I0519 23:21:15.025695     7 test_utils.cpp:347] Received response. Stream id: 0
I0519 23:21:15.025698     7 test_utils.cpp:347] Received response. Stream id: 0
I0519 23:21:15.025700     7 test_utils.cpp:347] Received response. Stream id: 0
I0519 23:21:15.025703     7 test_utils.cpp:347] Received response. Stream id: 0
I0519 23:21:15.025707     7 test_utils.cpp:347] Received response. Stream id: 0
I0519 23:21:15.025709     7 test_utils.cpp:347] Received response. Stream id: 0
I0519 23:21:15.025714     7 test_utils.cpp:347] Received response. Stream id: 0
I0519 23:21:15.025718     7 test_utils.cpp:347] Received response. Stream id: 0
I0519 23:21:15.025722     7 test_utils.cpp:347] Received response. Stream id: 0
I0519 23:21:15.025723     7 test_utils.cpp:347] Received response. Stream id: 0
I0519 23:21:15.025727     7 test_utils.cpp:347] Received response. Stream id: 0
I0519 23:21:15.025729     7 test_utils.cpp:347] Received response. Stream id: 0
I0519 23:21:15.025733     7 test_utils.cpp:347] Received response. Stream id: 0
I0519 23:21:15.025736     7 test_utils.cpp:347] Received response. Stream id: 0
I0519 23:21:15.025739     7 test_utils.cpp:347] Received response. Stream id: 0
I0519 23:21:15.025743     7 test_utils.cpp:347] Received response. Stream id: 0
I0519 23:21:15.025745     7 test_utils.cpp:347] Received response. Stream id: 0
I0519 23:21:15.025748     7 test_utils.cpp:347] Received response. Stream id: 0
I0519 23:21:15.025750     7 test_utils.cpp:347] Received response. Stream id: 0
I0519 23:21:15.025753     7 test_utils.cpp:347] Received response. Stream id: 0
I0519 23:21:15.025756     7 test_utils.cpp:347] Received response. Stream id: 0
I0519 23:21:15.025759     7 test_utils.cpp:347] Received response. Stream id: 0
I0519 23:21:15.025763     7 test_utils.cpp:347] Received response. Stream id: 0
I0519 23:21:15.025765     7 test_utils.cpp:347] Received response. Stream id: 0
I0519 23:21:15.025768     7 test_utils.cpp:347] Received response. Stream id: 0
I0519 23:21:15.025771     7 test_utils.cpp:347] Received response. Stream id: 0
I0519 23:21:15.025774     7 test_utils.cpp:347] Received response. Stream id: 0
I0519 23:21:15.025777     7 test_utils.cpp:347] Received response. Stream id: 0
I0519 23:21:15.025780     7 test_utils.cpp:347] Received response. Stream id: 0
I0519 23:21:15.025784     7 test_utils.cpp:347] Received response. Stream id: 0
I0519 23:21:15.025786     7 test_utils.cpp:347] Received response. Stream id: 0
I0519 23:21:15.025789     7 test_utils.cpp:347] Received response. Stream id: 0
I0519 23:21:15.025796     7 test_utils.cpp:347] Received response. Stream id: 0
I0519 23:21:15.025816     7 test_utils.cpp:347] Received response. Stream id: 0
I0519 23:21:15.025822     7 test_utils.cpp:347] Received response. Stream id: 0
I0519 23:21:15.025825     7 test_utils.cpp:347] Received response. Stream id: 0
I0519 23:21:15.025825     7 test_utils.cpp:347] Received response. Stream id: 0
I0519 23:21:15.025827     7 test_utils.cpp:347] Received response. Stream id: 0
I0519 23:21:15.025828     7 test_utils.cpp:347] Received response. Stream id: 0
I0519 23:21:15.025830     7 test_utils.cpp:347] Received response. Stream id: 0
I0519 23:21:15.025831     7 test_utils.cpp:347] Received response. Stream id: 0
I0519 23:21:15.025833     7 test_utils.cpp:347] Received response. Stream id: 0
I0519 23:21:15.025867     7 consistency_check.cpp:58] WriteSkew Check: Detected WRITE SKEW. System provides SNAPSHOT ISOLATION or lower.
I0519 23:21:15.026376     7 module.cpp:19] Scheduler - thread stopped
I0519 23:21:15.026402     7 module.cpp:19] Worker-45 - thread stopped
I0519 23:21:15.026459     7 module.cpp:19] Worker-46 - thread stopped
I0519 23:21:15.029248     7 module.cpp:19] Worker-47 - thread stopped
I0519 23:21:15.030228     7 module.cpp:19] Acceptor - thread stopped
I0519 23:21:15.030520     7 module.cpp:19] Coordinator - thread stopped
I0519 23:21:15.034215     7 module.cpp:19] Server - thread stopped
I0519 23:21:15.039281     7 module.cpp:19] Broker - thread stopped
I0519 23:21:15.043951     7 module.cpp:19] Broker - thread stopped
[  FAILED  ] AllProtocols/IsolationLevelSingleRegionTest.ExecutionProducesNoWriteSkew/Janus, where GetParam() = 96-byte object <90-5B 35-18 AB-AA 00-00 05-00 00-00 00-00 00-00 4A-61 6E-75 73-00 00-00 30-74 35-18 AB-AA 00-00 88-AC AC-E9 AA-AA 00-00 60-74 35-18 AB-AA 00-00 18-BC 67-E9 AA-AA 00-00 30-4D 68-E9 AA-AA 00-00 00-00 00-00 00-00 00-00 04-00 00-00 00-00 00-00 58-BC 67-E9 AA-AA 00-00 00-EC 67-E9 AA-AA 00-00> (48 ms)
[----------] 2 tests from AllProtocols/IsolationLevelSingleRegionTest (131 ms total)

[----------] Global test environment tear-down
[==========] 2 tests from 1 test suite ran. (131 ms total)
[  PASSED  ] 1 test.
[  FAILED  ] 1 test, listed below:
[  FAILED  ] AllProtocols/IsolationLevelSingleRegionTest.ExecutionProducesNoWriteSkew/Janus, where GetParam() = 96-byte object <90-5B 35-18 AB-AA 00-00 05-00 00-00 00-00 00-00 4A-61 6E-75 73-00 00-00 30-74 35-18 AB-AA 00-00 88-AC AC-E9 AA-AA 00-00 60-74 35-18 AB-AA 00-00 18-BC 67-E9 AA-AA 00-00 30-4D 68-E9 AA-AA 00-00 00-00 00-00 00-00 00-00 04-00 00-00 00-00 00-00 58-BC 67-E9 AA-AA 00-00 00-EC 67-E9 AA-AA 00-00>

 1 FAILED TEST
